Component: ARM Compiler 5.05 update 1 (build 106) Tool: armlink [4d0efa]

==============================================================================

Section Cross References

    init.o(.text) refers to misc.o(.text) for NVIC_PriorityGroupConfig
    init.o(.text) refers to time.o(.text) for SysTick_Configuration
    init.o(.text) refers to i2c_soft.o(.text) for I2c_Soft_Init
    init.o(.text) refers to pwm_in.o(.text) for PWM_IN_Init
    init.o(.text) refers to pwm_out.o(.text) for PWM_Out_Init
    init.o(.text) refers to ms5611.o(.text) for MS5611_Init
    init.o(.text) refers to mpu6050.o(.text) for MPU6050_Init
    init.o(.text) refers to led.o(.text) for LED_Init
    init.o(.text) refers to usart.o(.text) for Usart1_Init
    init.o(.text) refers to parameter.o(.text) for Para_Init
    init.o(.text) refers to 24cxx.o(.text) for AT24CXX_Init
    init.o(.text) refers to warn.o(.text) for light_sound_init
    init.o(.text) refers to ak8975.o(.text) for ANO_AK8975_Run
    init.o(.text) refers to filter.o(.text) for lpf2pInit
    init.o(.text) refers to ak8975.o(.data) for ak8975_ok
    init.o(.text) refers to mpu6050.o(.data) for mpu6050_ok
    init.o(.text) refers to ms5611.o(.data) for ms5611_ok
    init.o(.text) refers to filter.o(.bss) for LPF2filter
    init.o(.text) refers to trance.o(.bss) for camera_Trance
    init.o(.text) refers to parameter.o(.bss) for pid_setup
    init.o(.text) refers to ultrasonic.o(.bss) for hight_PID_ctrl
    init.o(.text) refers to vl53l0.o(.bss) for GY_530
    main.o(.text) refers to init.o(.text) for All_Init
    main.o(.text) refers to scheduler.o(.text) for Duty_Loop
    main.o(.text) refers to main.o(.data) for Init_Finish
    stm32f4xx_it.o(.text) refers to time.o(.text) for sys_time
    stm32f4xx_it.o(.text) refers to pwm_in.o(.text) for _TIM3_IRQHandler
    stm32f4xx_it.o(.text) refers to usart.o(.text) for Usart1_IRQ
    stm32f4xx_it.o(.text) refers to time.o(.data) for sysTickUptime
    scheduler.o(.text) refers to time.o(.text) for Get_Cycle_T
    scheduler.o(.text) refers to data_transfer.o(.text) for ANO_DT_Data_Exchange
    scheduler.o(.text) refers to mpu6050.o(.text) for MPU6050_Read
    scheduler.o(.text) refers to imu.o(.text) for IMUupdate
    scheduler.o(.text) refers to ctrl.o(.text) for CTRL_1
    scheduler.o(.text) refers to rc.o(.text) for RC_Duty
    scheduler.o(.text) refers to warn.o(.text) for Auto_switch_2
    scheduler.o(.text) refers to ak8975.o(.text) for ANO_AK8975_Read
    scheduler.o(.text) refers to vl53l0.o(.text) for Hight_Duty
    scheduler.o(.text) refers to parameter.o(.text) for Parameter_Save
    scheduler.o(.text) refers to fly_mode.o(.text) for mode_check
    scheduler.o(.text) refers to led.o(.text) for LED_Duty
    scheduler.o(.text) refers to scheduler.o(.bss) for loop
    scheduler.o(.text) refers to mpu6050.o(.bss) for mpu6050
    scheduler.o(.text) refers to imu.o(.data) for Yaw
    scheduler.o(.text) refers to pwm_in.o(.bss) for Rc_Pwm_In
    scheduler.o(.text) refers to trance.o(.bss) for camera_Trance
    scheduler.o(.text) refers to fly_mode.o(.bss) for mode_value
    scheduler.o(.text) refers to rc.o(.bss) for CH_filter
    scheduler.o(.text) refers to time.o(.data) for time_1ms
    scheduler.o(.text) refers to scheduler.o(.data) for loop_cnt
    parameter.o(.text) refers to ff.o(.text) for f_mount
    parameter.o(.text) refers to ctrl.o(.text) for Ctrl_Para_Init
    parameter.o(.text) refers to height_ctrl.o(.text) for h_pid_init
    parameter.o(.text) refers to 24cxx.o(.text) for AT24cxx_read_Acc_Gyro_offest
    parameter.o(.text) refers to time.o(.text) for Delay_ms
    parameter.o(.text) refers to parameter.o(.bss) for fs
    parameter.o(.text) refers to mpu6050.o(.bss) for mpu6050
    parameter.o(.text) refers to ak8975.o(.data) for ak8975
    parameter.o(.text) refers to ctrl.o(.bss) for ctrl_1
    parameter.o(.text) refers to data_transfer.o(.data) for flash_save_en_cnt
    parameter.o(.text) refers to rc.o(.data) for fly_ready
    ctrl.o(.text) refers to trance.o(.text) for direction_control
    ctrl.o(.text) refers to mymath.o(.text) for my_deathzoom_2
    ctrl.o(.text) refers to f2d.o(.text) for __aeabi_f2d
    ctrl.o(.text) refers to dmul.o(.text) for __aeabi_dmul
    ctrl.o(.text) refers to dadd.o(.text) for __aeabi_dadd
    ctrl.o(.text) refers to d2f.o(.text) for __aeabi_d2f
    ctrl.o(.text) refers to ctrl.o(.bss) for ctrl_1
    ctrl.o(.text) refers to warn.o(.bss) for Switch
    ctrl.o(.text) refers to ctrl.o(.data) for Thr_Low
    ctrl.o(.text) refers to rc.o(.bss) for CH_filter
    ctrl.o(.text) refers to imu.o(.data) for Yaw
    ctrl.o(.text) refers to trance.o(.bss) for CCD_CTRL_PID
    ctrl.o(.text) refers to rc.o(.data) for fly_ready
    ctrl.o(.text) refers to fly_mode.o(.data) for mode_state
    ctrl.o(.text) refers to pwm_out.o(.text) for SetPwm
    ctrl.o(.text) refers to ultrasonic.o(.text) for hight_ctrl
[...]
    SPI_NSSInternalSoftwareConfig            0x0801239f   Thumb Code    96  stm32f4xx_spi.o(.text)
    SPI_SSOutputCmd                          0x080123ff   Thumb Code    82  stm32f4xx_spi.o(.text)
    SPI_TIModeCmd                            0x08012451   Thumb Code    82  stm32f4xx_spi.o(.text)
    I2S_FullDuplexConfig                     0x080124a3   Thumb Code   258  stm32f4xx_spi.o(.text)
    SPI_I2S_ReceiveData                      0x080125a5   Thumb Code    52  stm32f4xx_spi.o(.text)
    SPI_I2S_SendData                         0x080125d9   Thumb Code    54  stm32f4xx_spi.o(.text)
    SPI_CalculateCRC                         0x0801260f   Thumb Code    98  stm32f4xx_spi.o(.text)
    SPI_TransmitCRC                          0x08012671   Thumb Code    46  stm32f4xx_spi.o(.text)
    SPI_GetCRC                               0x0801269f   Thumb Code    74  stm32f4xx_spi.o(.text)
    SPI_GetCRCPolynomial                     0x080126e9   Thumb Code    40  stm32f4xx_spi.o(.text)
    SPI_I2S_DMACmd                           0x08012711   Thumb Code   114  stm32f4xx_spi.o(.text)
    SPI_I2S_ITConfig                         0x08012783   Thumb Code   138  stm32f4xx_spi.o(.text)
    SPI_I2S_GetFlagStatus                    0x0801280d   Thumb Code   120  stm32f4xx_spi.o(.text)
    SPI_I2S_ClearFlag                        0x08012885   Thumb Code    74  stm32f4xx_spi.o(.text)
    SPI_I2S_GetITStatus                      0x080128cf   Thumb Code   154  stm32f4xx_spi.o(.text)
    SPI_I2S_ClearITPendingBit                0x08012969   Thumb Code    86  stm32f4xx_spi.o(.text)
    SYSCFG_DeInit                            0x080129d1   Thumb Code    22  stm32f4xx_syscfg.o(.text)
    SYSCFG_MemoryRemapConfig                 0x080129e7   Thumb Code    34  stm32f4xx_syscfg.o(.text)
    SYSCFG_EXTILineConfig                    0x08012a09   Thumb Code   186  stm32f4xx_syscfg.o(.text)
    SYSCFG_ETH_MediaInterfaceConfig          0x08012ac3   Thumb Code    26  stm32f4xx_syscfg.o(.text)
    SYSCFG_CompensationCellCmd               0x08012add   Thumb Code    26  stm32f4xx_syscfg.o(.text)
    SYSCFG_GetCompensationCellStatus         0x08012af7   Thumb Code    22  stm32f4xx_syscfg.o(.text)
    TIM_DeInit                               0x08012b55   Thumb Code   440  stm32f4xx_tim.o(.text)
    TIM_TimeBaseInit                         0x08012d0d   Thumb Code   278  stm32f4xx_tim.o(.text)
    TIM_TimeBaseStructInit                   0x08012e23   Thumb Code    18  stm32f4xx_tim.o(.text)
    TIM_PrescalerConfig                      0x08012e35   Thumb Code   128  stm32f4xx_tim.o(.text)
    TIM_CounterModeConfig                    0x08012eb5   Thumb Code   100  stm32f4xx_tim.o(.text)
    TIM_SetCounter                           0x08012f19   Thumb Code   222  stm32f4xx_tim.o(.text)
    TIM_SetAutoreload                        0x08012ff7   Thumb Code   108  stm32f4xx_tim.o(.text)
    TIM_GetCounter                           0x08013063   Thumb Code   106  stm32f4xx_tim.o(.text)
    TIM_GetPrescaler                         0x080130cd   Thumb Code   106  stm32f4xx_tim.o(.text)
    TIM_UpdateDisableConfig                  0x08013137   Thumb Code   148  stm32f4xx_tim.o(.text)
    TIM_UpdateRequestConfig                  0x080131cb   Thumb Code   148  stm32f4xx_tim.o(.text)
    TIM_ARRPreloadConfig                     0x0801325f   Thumb Code   148  stm32f4xx_tim.o(.text)
    TIM_SelectOnePulseMode                   0x080132f3   Thumb Code   142  stm32f4xx_tim.o(.text)
    TIM_SetClockDivision                     0x08013381   Thumb Code   192  stm32f4xx_tim.o(.text)
    TIM_Cmd                                  0x08013441   Thumb Code   148  stm32f4xx_tim.o(.text)
    TIM_OC1Init                              0x080134d5   Thumb Code   416  stm32f4xx_tim.o(.text)
    TIM_OC2Init                              0x08013675   Thumb Code   486  stm32f4xx_tim.o(.text)
    TIM_OC3Init                              0x0801385b   Thumb Code   416  stm32f4xx_tim.o(.text)
    TIM_OC4Init                              0x080139fb   Thumb Code   300  stm32f4xx_tim.o(.text)
    TIM_OCStructInit                         0x08013b27   Thumb Code    20  stm32f4xx_tim.o(.text)
    TIM_SelectOCxM                           0x08013b3b   Thumb Code   256  stm32f4xx_tim.o(.text)
    TIM_SetCompare1                          0x08013c3b   Thumb Code   142  stm32f4xx_tim.o(.text)
    TIM_SetCompare2                          0x08013cc9   Thumb Code    72  stm32f4xx_tim.o(.text)
    TIM_SetCompare3                          0x08013d11   Thumb Code    60  stm32f4xx_tim.o(.text)
    TIM_SetCompare4                          0x08013d4d   Thumb Code    60  stm32f4xx_tim.o(.text)
    TIM_ForcedOC1Config                      0x08013d89   Thumb Code   130  stm32f4xx_tim.o(.text)
    TIM_ForcedOC2Config                      0x08013e0b   Thumb Code   114  stm32f4xx_tim.o(.text)
    TIM_ForcedOC3Config                      0x08013e7d   Thumb Code    94  stm32f4xx_tim.o(.text)
    TIM_ForcedOC4Config                      0x08013edb   Thumb Code   102  stm32f4xx_tim.o(.text)
    TIM_OC1PreloadConfig                     0x08013f41   Thumb Code   124  stm32f4xx_tim.o(.text)
    TIM_OC2PreloadConfig                     0x08013fbd   Thumb Code   108  stm32f4xx_tim.o(.text)
    TIM_OC3PreloadConfig                     0x08014029   Thumb Code   136  stm32f4xx_tim.o(.text)
    TIM_OC4PreloadConfig                     0x080140b1   Thumb Code    96  stm32f4xx_tim.o(.text)
    TIM_OC1FastConfig                        0x08014111   Thumb Code   124  stm32f4xx_tim.o(.text)
    TIM_OC2FastConfig                        0x0801418d   Thumb Code   108  stm32f4xx_tim.o(.text)
    TIM_OC3FastConfig                        0x080141f9   Thumb Code    88  stm32f4xx_tim.o(.text)
    TIM_OC4FastConfig                        0x08014251   Thumb Code    96  stm32f4xx_tim.o(.text)
    TIM_ClearOC1Ref                          0x080142b1   Thumb Code   124  stm32f4xx_tim.o(.text)
    TIM_ClearOC2Ref                          0x0801432d   Thumb Code   106  stm32f4xx_tim.o(.text)
    TIM_ClearOC3Ref                          0x08014397   Thumb Code    88  stm32f4xx_tim.o(.text)
    TIM_ClearOC4Ref                          0x080143ef   Thumb Code    94  stm32f4xx_tim.o(.text)
    TIM_OC1PolarityConfig                    0x0801444d   Thumb Code   174  stm32f4xx_tim.o(.text)
    TIM_OC1NPolarityConfig                   0x080144fb   Thumb Code    64  stm32f4xx_tim.o(.text)
    TIM_OC2PolarityConfig                    0x0801453b   Thumb Code   108  stm32f4xx_tim.o(.text)
    TIM_OC2NPolarityConfig                   0x080145a7   Thumb Code    72  stm32f4xx_tim.o(.text)
    TIM_OC3PolarityConfig                    0x080145ef   Thumb Code    96  stm32f4xx_tim.o(.text)
    TIM_OC3NPolarityConfig                   0x0801464f   Thumb Code    72  stm32f4xx_tim.o(.text)
    TIM_OC4PolarityConfig                    0x08014697   Thumb Code    96  stm32f4xx_tim.o(.text)
    TIM_CCxCmd                               0x080146f7   Thumb Code   168  stm32f4xx_tim.o(.text)
    TIM_CCxNCmd                              0x0801479f   Thumb Code   104  stm32f4xx_tim.o(.text)
    TIM_SetIC4Prescaler                      0x08014807   Thumb Code   106  stm32f4xx_tim.o(.text)
    TIM_SetIC3Prescaler                      0x080148f1   Thumb Code    98  stm32f4xx_tim.o(.text)
    TIM_SetIC2Prescaler                      0x0801499b   Thumb Code   118  stm32f4xx_tim.o(.text)
    TIM_SetIC1Prescaler                      0x08014a61   Thumb Code   134  stm32f4xx_tim.o(.text)
    TIM_ICInit                               0x08014b21   Thumb Code   508  stm32f4xx_tim.o(.text)
    TIM_ICStructInit                         0x08014d1d   Thumb Code    18  stm32f4xx_tim.o(.text)
    TIM_PWMIConfig                           0x08014d2f   Thumb Code   184  stm32f4xx_tim.o(.text)
    TIM_GetCapture1                          0x08014de7   Thumb Code    92  stm32f4xx_tim.o(.text)
    TIM_GetCapture2                          0x08014e43   Thumb Code    68  stm32f4xx_tim.o(.text)
    TIM_GetCapture3                          0x08014e87   Thumb Code    56  stm32f4xx_tim.o(.text)
    TIM_GetCapture4                          0x08014ebf   Thumb Code    56  stm32f4xx_tim.o(.text)
    TIM_BDTRConfig                           0x08014ef7   Thumb Code   222  stm32f4xx_tim.o(.text)
    TIM_BDTRStructInit                       0x08014fd5   Thumb Code    18  stm32f4xx_tim.o(.text)
    TIM_CtrlPWMOutputs                       0x08014fe7   Thumb Code    78  stm32f4xx_tim.o(.text)
    TIM_SelectCOM                            0x08015035   Thumb Code    72  stm32f4xx_tim.o(.text)
    TIM_CCPreloadControl                     0x0801507d   Thumb Code    72  stm32f4xx_tim.o(.text)
    TIM_ITConfig                             0x080150c5   Thumb Code   218  stm32f4xx_tim.o(.text)
    TIM_GenerateEvent                        0x0801519f   Thumb Code   126  stm32f4xx_tim.o(.text)
    TIM_GetFlagStatus                        0x0801521d   Thumb Code   188  stm32f4xx_tim.o(.text)
    TIM_ClearFlag                            0x080152d9   Thumb Code   108  stm32f4xx_tim.o(.text)
    TIM_GetITStatus                          0x08015345   Thumb Code   186  stm32f4xx_tim.o(.text)
    TIM_ClearITPendingBit                    0x080153ff   Thumb Code   108  stm32f4xx_tim.o(.text)
    TIM_DMAConfig                            0x0801546b   Thumb Code   334  stm32f4xx_tim.o(.text)
    TIM_DMACmd                               0x080155b9   Thumb Code   126  stm32f4xx_tim.o(.text)
    TIM_SelectCCDMA                          0x08015637   Thumb Code    96  stm32f4xx_tim.o(.text)
    TIM_InternalClockConfig                  0x08015697   Thumb Code    76  stm32f4xx_tim.o(.text)
    TIM_SelectInputTrigger                   0x080156e3   Thumb Code   148  stm32f4xx_tim.o(.text)
    TIM_ITRxExternalClockConfig              0x08015777   Thumb Code   110  stm32f4xx_tim.o(.text)
    TIM_TIxExternalClockConfig               0x080157e5   Thumb Code   184  stm32f4xx_tim.o(.text)
    TIM_ETRConfig                            0x0801589d   Thumb Code   164  stm32f4xx_tim.o(.text)
    TIM_ETRClockMode1Config                  0x08015941   Thumb Code   228  stm32f4xx_tim.o(.text)
    TIM_ETRClockMode2Config                  0x08015a25   Thumb Code   152  stm32f4xx_tim.o(.text)
    TIM_SelectOutputTrigger                  0x08015abd   Thumb Code   126  stm32f4xx_tim.o(.text)
    TIM_SelectSlaveMode                      0x08015b3b   Thumb Code   112  stm32f4xx_tim.o(.text)
    TIM_SelectMasterSlaveMode                0x08015bab   Thumb Code   102  stm32f4xx_tim.o(.text)
    TIM_EncoderInterfaceConfig               0x08015c11   Thumb Code   226  stm32f4xx_tim.o(.text)
    TIM_SelectHallSensor                     0x08015cf3   Thumb Code   108  stm32f4xx_tim.o(.text)
    TIM_RemapConfig                          0x08015d5f   Thumb Code   138  stm32f4xx_tim.o(.text)
    USART_DeInit                             0x08015de9   Thumb Code   202  stm32f4xx_usart.o(.text)
    USART_Init                               0x08015eb3   Thumb Code   456  stm32f4xx_usart.o(.text)
    USART_StructInit                         0x0801607b   Thumb Code    24  stm32f4xx_usart.o(.text)
    USART_ClockInit                          0x08016093   Thumb Code   166  stm32f4xx_usart.o(.text)
    USART_ClockStructInit                    0x08016139   Thumb Code    12  stm32f4xx_usart.o(.text)
    USART_Cmd                                0x08016145   Thumb Code    96  stm32f4xx_usart.o(.text)
    USART_SetPrescaler                       0x080161a5   Thumb Code   160  stm32f4xx_usart.o(.text)
    USART_OverSampling8Cmd                   0x08016245   Thumb Code    98  stm32f4xx_usart.o(.text)
    USART_OneBitMethodCmd                    0x080162a7   Thumb Code   100  stm32f4xx_usart.o(.text)
    USART_SendData                           0x0801630b   Thumb Code    84  stm32f4xx_usart.o(.text)
    USART_ReceiveData                        0x0801635f   Thumb Code    62  stm32f4xx_usart.o(.text)
    USART_SetAddress                         0x0801639d   Thumb Code    92  stm32f4xx_usart.o(.text)
    USART_ReceiverWakeUpCmd                  0x080163f9   Thumb Code   100  stm32f4xx_usart.o(.text)
    USART_WakeUpConfig                       0x0801645d   Thumb Code    96  stm32f4xx_usart.o(.text)
    USART_LINBreakDetectLengthConfig         0x080164bd   Thumb Code    94  stm32f4xx_usart.o(.text)
    USART_LINCmd                             0x0801651b   Thumb Code   100  stm32f4xx_usart.o(.text)
    USART_SendBreak                          0x0801657f   Thumb Code    64  stm32f4xx_usart.o(.text)
    USART_HalfDuplexCmd                      0x080165bf   Thumb Code   100  stm32f4xx_usart.o(.text)
    USART_SetGuardTime                       0x08016623   Thumb Code    86  stm32f4xx_usart.o(.text)
    USART_SmartCardCmd                       0x08016679   Thumb Code    88  stm32f4xx_usart.o(.text)
    USART_SmartCardNACKCmd                   0x080166d1   Thumb Code    88  stm32f4xx_usart.o(.text)
    USART_IrDAConfig                         0x08016729   Thumb Code    94  stm32f4xx_usart.o(.text)
    USART_IrDACmd                            0x08016787   Thumb Code   100  stm32f4xx_usart.o(.text)
    USART_DMACmd                             0x080167eb   Thumb Code   120  stm32f4xx_usart.o(.text)
    USART_ITConfig                           0x08016863   Thumb Code   268  stm32f4xx_usart.o(.text)
    USART_GetFlagStatus                      0x0801696f   Thumb Code   176  stm32f4xx_usart.o(.text)
    USART_ClearFlag                          0x08016a1f   Thumb Code   160  stm32f4xx_usart.o(.text)
    USART_GetITStatus                        0x08016abf   Thumb Code   284  stm32f4xx_usart.o(.text)
    USART_ClearITPendingBit                  0x08016bdb   Thumb Code   170  stm32f4xx_usart.o(.text)
    SystemInit                               0x08016d79   Thumb Code    88  system_stm32f4xx.o(.text)
    SystemCoreClockUpdate                    0x08016dd1   Thumb Code   174  system_stm32f4xx.o(.text)
    Reset_Handler                            0x08016ead   Thumb Code     8  startup_stm32f4xx.o(.text)
    HardFault_Handler                        0x08016eb7   Thumb Code     2  startup_stm32f4xx.o(.text)
    PendSV_Handler                           0x08016ec3   Thumb Code     2  startup_stm32f4xx.o(.text)
    ADC_IRQHandler                           0x08016ec7   Thumb Code     0  startup_stm32f4xx.o(.text)
    CAN1_RX0_IRQHandler                      0x08016ec7   Thumb Code     0  startup_stm32f4xx.o(.text)
    CAN1_RX1_IRQHandler                      0x08016ec7   Thumb Code     0  startup_stm32f4xx.o(.text)
    CAN1_SCE_IRQHandler                      0x08016ec7   Thumb Code     0  startup_stm32f4xx.o(.text)
    CAN1_TX_IRQHandler                       0x08016ec7   Thumb Code     0  startup_stm32f4xx.o(.text)
    CAN2_RX0_IRQHandler                      0x08016ec7   Thumb Code     0  startup_stm32f4xx.o(.text)
    CAN2_RX1_IRQHandler                      0x08016ec7   Thumb Code     0  startup_stm32f4xx.o(.text)
    CAN2_SCE_IRQHandler                      0x08016ec7   Thumb Code     0  startup_stm32f4xx.o(.text)
    CAN2_TX_IRQHandler                       0x08016ec7   Thumb Code     0  startup_stm32f4xx.o(.text)
    CRYP_IRQHandler                          0x08016ec7   Thumb Code     0  startup_stm32f4xx.o(.text)
    DCMI_IRQHandler                          0x08016ec7   Thumb Code     0  startup_stm32f4xx.o(.text)
    DMA1_Stream0_IRQHandler                  0x08016ec7   Thumb Code     0  startup_stm32f4xx.o(.text)
    DMA1_Stream1_IRQHandler                  0x08016ec7   Thumb Code     0  startup_stm32f4xx.o(.text)
    DMA1_Stream2_IRQHandler                  0x08016ec7   Thumb Code     0  startup_stm32f4xx.o(.text)
    DMA1_Stream3_IRQHandler                  0x08016ec7   Thumb Code     0  startup_stm32f4xx.o(.text)
    DMA1_Stream4_IRQHandler                  0x08016ec7   Thumb Code     0  startup_stm32f4xx.o(.text)
    DMA1_Stream5_IRQHandler                  0x08016ec7   Thumb Code     0  startup_stm32f4xx.o(.text)
    DMA1_Stream6_IRQHandler                  0x08016ec7   Thumb Code     0  startup_stm32f4xx.o(.text)
    DMA1_Stream7_IRQHandler                  0x08016ec7   Thumb Code     0  startup_stm32f4xx.o(.text)
    DMA2_Stream0_IRQHandler                  0x08016ec7   Thumb Code     0  startup_stm32f4xx.o(.text)
    DMA2_Stream1_IRQHandler                  0x08016ec7   Thumb Code     0  startup_stm32f4xx.o(.text)
    DMA2_Stream2_IRQHandler                  0x08016ec7   Thumb Code     0  startup_stm32f4xx.o(.text)
    DMA2_Stream3_IRQHandler                  0x08016ec7   Thumb Code     0  startup_stm32f4xx.o(.text)
    DMA2_Stream4_IRQHandler                  0x08016ec7   Thumb Code     0  startup_stm32f4xx.o(.text)
    DMA2_Stream5_IRQHandler                  0x08016ec7   Thumb Code     0  startup_stm32f4xx.o(.text)
    DMA2_Stream6_IRQHandler                  0x08016ec7   Thumb Code     0  startup_stm32f4xx.o(.text)
    DMA2_Stream7_IRQHandler                  0x08016ec7   Thumb Code     0  startup_stm32f4xx.o(.text)
    ETH_IRQHandler                           0x08016ec7   Thumb Code     0  startup_stm32f4xx.o(.text)
    ETH_WKUP_IRQHandler                      0x08016ec7   Thumb Code     0  startup_stm32f4xx.o(.text)
    EXTI0_IRQHandler                         0x08016ec7   Thumb Code     0  startup_stm32f4xx.o(.text)
    EXTI15_10_IRQHandler                     0x08016ec7   Thumb Code     0  startup_stm32f4xx.o(.text)
    EXTI1_IRQHandler                         0x08016ec7   Thumb Code     0  startup_stm32f4xx.o(.text)
    EXTI9_5_IRQHandler                       0x08016ec7   Thumb Code     0  startup_stm32f4xx.o(.text)
    FLASH_IRQHandler                         0x08016ec7   Thumb Code     0  startup_stm32f4xx.o(.text)
    FPU_IRQHandler                           0x08016ec7   Thumb Code     0  startup_stm32f4xx.o(.text)
    FSMC_IRQHandler                          0x08016ec7   Thumb Code     0  startup_stm32f4xx.o(.text)
    HASH_RNG_IRQHandler                      0x08016ec7   Thumb Code     0  startup_stm32f4xx.o(.text)
    I2C1_ER_IRQHandler                       0x08016ec7   Thumb Code     0  startup_stm32f4xx.o(.text)
    I2C1_EV_IRQHandler                       0x08016ec7   Thumb Code     0  startup_stm32f4xx.o(.text)
    I2C2_ER_IRQHandler                       0x08016ec7   Thumb Code     0  startup_stm32f4xx.o(.text)
    I2C2_EV_IRQHandler                       0x08016ec7   Thumb Code     0  startup_stm32f4xx.o(.text)
    I2C3_ER_IRQHandler                       0x08016ec7   Thumb Code     0  startup_stm32f4xx.o(.text)
    I2C3_EV_IRQHandler                       0x08016ec7   Thumb Code     0  startup_stm32f4xx.o(.text)
    OTG_FS_WKUP_IRQHandler                   0x08016ec7   Thumb Code     0  startup_stm32f4xx.o(.text)
    OTG_HS_EP1_IN_IRQHandler                 0x08016ec7   Thumb Code     0  startup_stm32f4xx.o(.text)
    OTG_HS_EP1_OUT_IRQHandler                0x08016ec7   Thumb Code     0  startup_stm32f4xx.o(.text)
    OTG_HS_IRQHandler                        0x08016ec7   Thumb Code     0  startup_stm32f4xx.o(.text)
    OTG_HS_WKUP_IRQHandler                   0x08016ec7   Thumb Code     0  startup_stm32f4xx.o(.text)
    PVD_IRQHandler                           0x08016ec7   Thumb Code     0  startup_stm32f4xx.o(.text)
    RCC_IRQHandler                           0x08016ec7   Thumb Code     0  startup_stm32f4xx.o(.text)
    RTC_Alarm_IRQHandler                     0x08016ec7   Thumb Code     0  startup_stm32f4xx.o(.text)
    RTC_WKUP_IRQHandler                      0x08016ec7   Thumb Code     0  startup_stm32f4xx.o(.text)
    SDIO_IRQHandler                          0x08016ec7   Thumb Code     0  startup_stm32f4xx.o(.text)
    SPI1_IRQHandler                          0x08016ec7   Thumb Code     0  startup_stm32f4xx.o(.text)
    SPI2_IRQHandler                          0x08016ec7   Thumb Code     0  startup_stm32f4xx.o(.text)
    SPI3_IRQHandler                          0x08016ec7   Thumb Code     0  startup_stm32f4xx.o(.text)
    TAMP_STAMP_IRQHandler                    0x08016ec7   Thumb Code     0  startup_stm32f4xx.o(.text)
    TIM1_BRK_TIM9_IRQHandler                 0x08016ec7   Thumb Code     0  startup_stm32f4xx.o(.text)
    TIM1_CC_IRQHandler                       0x08016ec7   Thumb Code     0  startup_stm32f4xx.o(.text)
    TIM1_TRG_COM_TIM11_IRQHandler            0x08016ec7   Thumb Code     0  startup_stm32f4xx.o(.text)
    TIM1_UP_TIM10_IRQHandler                 0x08016ec7   Thumb Code     0  startup_stm32f4xx.o(.text)
    TIM2_IRQHandler                          0x08016ec7   Thumb Code     0  startup_stm32f4xx.o(.text)
    TIM5_IRQHandler                          0x08016ec7   Thumb Code     0  startup_stm32f4xx.o(.text)
    TIM6_DAC_IRQHandler                      0x08016ec7   Thumb Code     0  startup_stm32f4xx.o(.text)
    TIM7_IRQHandler                          0x08016ec7   Thumb Code     0  startup_stm32f4xx.o(.text)
    TIM8_BRK_TIM12_IRQHandler                0x08016ec7   Thumb Code     0  startup_stm32f4xx.o(.text)
    TIM8_CC_IRQHandler                       0x08016ec7   Thumb Code     0  startup_stm32f4xx.o(.text)
    TIM8_TRG_COM_TIM14_IRQHandler            0x08016ec7   Thumb Code     0  startup_stm32f4xx.o(.text)
    TIM8_UP_TIM13_IRQHandler                 0x08016ec7   Thumb Code     0  startup_stm32f4xx.o(.text)
    UART4_IRQHandler                         0x08016ec7   Thumb Code     0  startup_stm32f4xx.o(.text)
    USART6_IRQHandler                        0x08016ec7   Thumb Code     0  startup_stm32f4xx.o(.text)
    WWDG_IRQHandler                          0x08016ec7   Thumb Code     0  startup_stm32f4xx.o(.text)
    usbd_init                                0x08016ed1   Thumb Code    22  usbd_core.o(.text)
    usbd_connect                             0x08016ee7   Thumb Code    12  usbd_core.o(.text)
    usbd_reset_core                          0x08016ef3   Thumb Code    38  usbd_core.o(.text)
    usbd_configured                          0x08016f19   Thumb Code    14  usbd_core.o(.text)
    USBD_SetupStage                          0x08016f27   Thumb Code    12  usbd_core.o(.text)
    USBD_DataInStage                         0x08016f33   Thumb Code    66  usbd_core.o(.text)
    USBD_DataOutStage                        0x08016f75   Thumb Code    34  usbd_core.o(.text)
    USBD_StatusInStage                       0x08016f97   Thumb Code    14  usbd_core.o(.text)
    USBD_StatusOutStage                      0x08016fa5   Thumb Code    12  usbd_core.o(.text)
    USBD_ReqGetStatus                        0x08016fb1   Thumb Code   160  usbd_core.o(.text)
    USBD_ReqSetClrFeature                    0x08017051   Thumb Code   216  usbd_core.o(.text)
    USBD_ReqGetDescriptor                    0x08017129   Thumb Code   496  usbd_core.o(.text)
    USBD_ReqGetConfiguration                 0x08017319   Thumb Code    28  usbd_core.o(.text)
    USBD_ReqSetConfiguration                 0x08017335   Thumb Code   432  usbd_core.o(.text)
    USBD_ReqGetInterface                     0x080174e5   Thumb Code    60  usbd_core.o(.text)
    USBD_ReqSetInterface                     0x08017521   Thumb Code   308  usbd_core.o(.text)
    USBD_EndPoint0                           0x08017655   Thumb Code   682  usbd_core.o(.text)
    USBD_ReqGetDescriptor_HID                0x08017919   Thumb Code   132  usbd_core_hid.o(.text)
    USBD_EndPoint0_Setup_HID_ReqToIF         0x0801799d   Thumb Code   200  usbd_core_hid.o(.text)
    USBD_EndPoint0_Out_HID_ReqToIF           0x08017a65   Thumb Code    44  usbd_core_hid.o(.text)
    usbd_hid_init                            0x08017ac9   Thumb Code     2  usbd_hid.o(.text)
    usbd_hid_get_protocol                    0x08017ad9   Thumb Code     4  usbd_hid.o(.text)
    usbd_hid_set_protocol                    0x08017add   Thumb Code     2  usbd_hid.o(.text)
    USBD_HID_GetReport                       0x08017adf   Thumb Code    54  usbd_hid.o(.text)
    USBD_HID_SetReport                       0x08017b15   Thumb Code    58  usbd_hid.o(.text)
    USBD_HID_GetIdle                         0x08017b4f   Thumb Code    16  usbd_hid.o(.text)
    USBD_HID_SetIdle                         0x08017b5f   Thumb Code    48  usbd_hid.o(.text)
    USBD_HID_GetProtocol                     0x08017b8f   Thumb Code    14  usbd_hid.o(.text)
    USBD_HID_SetProtocol                     0x08017b9d   Thumb Code    14  usbd_hid.o(.text)
    USBD_HID_EP_INTIN_Event                  0x08017bab   Thumb Code   422  usbd_hid.o(.text)
    USBD_HID_EP_INTOUT_Event                 0x08017d51   Thumb Code   148  usbd_hid.o(.text)
    USBD_HID_Configure_Event                 0x08017de5   Thumb Code    48  usbd_hid.o(.text)
    USBD_HID_EP_INT_Event                    0x08017e15   Thumb Code    30  usbd_hid.o(.text)
    USBD_HID_SOF_Event                       0x08017e33   Thumb Code   460  usbd_hid.o(.text)
    usbd_hid_get_report_trigger              0x08017fff   Thumb Code   148  usbd_hid.o(.text)
    disk_status                              0x080180cd   Thumb Code    24  diskio.o(.text)
    disk_initialize                          0x080180e5   Thumb Code    34  diskio.o(.text)
    disk_read                                0x08018107   Thumb Code    56  diskio.o(.text)
    disk_write                               0x0801813f   Thumb Code    56  diskio.o(.text)
    disk_ioctl                               0x08018177   Thumb Code    60  diskio.o(.text)
    get_fattime                              0x080181b3   Thumb Code     4  diskio.o(.text)
    clust2sect                               0x08018373   Thumb Code    26  ff.o(.text)
    get_fat                                  0x0801838d   Thumb Code   318  ff.o(.text)
    put_fat                                  0x080184cb   Thumb Code   392  ff.o(.text)
    f_mount                                  0x080192d1   Thumb Code    86  ff.o(.text)
    f_open                                   0x08019327   Thumb Code   356  ff.o(.text)
    f_read                                   0x0801948b   Thumb Code   498  ff.o(.text)
    f_write                                  0x0801967d   Thumb Code   540  ff.o(.text)
    f_sync                                   0x08019899   Thumb Code   176  ff.o(.text)
    f_close                                  0x08019949   Thumb Code    32  ff.o(.text)
    f_lseek                                  0x08019969   Thumb Code   726  ff.o(.text)
    f_opendir                                0x08019c3f   Thumb Code   110  ff.o(.text)
    f_closedir                               0x08019cad   Thumb Code    22  ff.o(.text)
    f_readdir                                0x08019cc3   Thumb Code    88  ff.o(.text)
    f_stat                                   0x08019d1b   Thumb Code    60  ff.o(.text)
    f_getfree                                0x08019d57   Thumb Code   258  ff.o(.text)
    f_truncate                               0x08019e59   Thumb Code   184  ff.o(.text)
    f_unlink                                 0x08019f11   Thumb Code   166  ff.o(.text)
    f_mkdir                                  0x08019fb7   Thumb Code   352  ff.o(.text)
    f_chmod                                  0x0801a117   Thumb Code    84  ff.o(.text)
    f_rename                                 0x0801a16b   Thumb Code   258  ff.o(.text)
    f_utime                                  0x0801a26d   Thumb Code    86  ff.o(.text)
    f_mkfs                                   0x0801a2c3   Thumb Code  1624  ff.o(.text)
    __aeabi_memcpy                           0x0801a949   Thumb Code    36  memcpya.o(.text)
    __aeabi_memcpy4                          0x0801a949   Thumb Code     0  memcpya.o(.text)
    __aeabi_memcpy8                          0x0801a949   Thumb Code     0  memcpya.o(.text)
    __aeabi_memset                           0x0801a96d   Thumb Code    14  memseta.o(.text)
    __aeabi_memset4                          0x0801a96d   Thumb Code     0  memseta.o(.text)
    __aeabi_memset8                          0x0801a96d   Thumb Code     0  memseta.o(.text)
    __aeabi_memclr                           0x0801a97b   Thumb Code     4  memseta.o(.text)
    __aeabi_memclr4                          0x0801a97b   Thumb Code     0  memseta.o(.text)
    __aeabi_memclr8                          0x0801a97b   Thumb Code     0  memseta.o(.text)
    _memset$wrapper                          0x0801a97f   Thumb Code    18  memseta.o(.text)
    strlen                                   0x0801a991   Thumb Code    14  strlen.o(.text)
    __aeabi_dadd                             0x0801a99f   Thumb Code   322  dadd.o(.text)
    __aeabi_dsub                             0x0801aae1   Thumb Code     6  dadd.o(.text)
    __aeabi_drsub                            0x0801aae7   Thumb Code     6  dadd.o(.text)
    __aeabi_dmul                             0x0801aaed   Thumb Code   228  dmul.o(.text)
    __aeabi_ddiv                             0x0801abd1   Thumb Code   222  ddiv.o(.text)
    __aeabi_i2d                              0x0801acaf   Thumb Code    34  dflti.o(.text)
    __aeabi_ui2d                             0x0801acd1   Thumb Code    26  dfltui.o(.text)
    __aeabi_d2iz                             0x0801aceb   Thumb Code    62  dfixi.o(.text)
    __aeabi_d2uiz                            0x0801ad29   Thumb Code    50  dfixui.o(.text)
    __aeabi_f2d                              0x0801ad5b   Thumb Code    38  f2d.o(.text)
    __aeabi_cdcmpeq                          0x0801ad81   Thumb Code     0  cdcmple.o(.text)
    __aeabi_cdcmple                          0x0801ad81   Thumb Code    48  cdcmple.o(.text)
    __aeabi_cdrcmple                         0x0801adb1   Thumb Code    48  cdrcmple.o(.text)
    __aeabi_d2f                              0x0801ade1   Thumb Code    56  d2f.o(.text)
    __aeabi_llsl                             0x0801ae19   Thumb Code    30  llshl.o(.text)
    _ll_shift_l                              0x0801ae19   Thumb Code     0  llshl.o(.text)
    __aeabi_llsr                             0x0801ae37   Thumb Code    32  llushr.o(.text)
    _ll_ushift_r                             0x0801ae37   Thumb Code     0  llushr.o(.text)
    __aeabi_lasr                             0x0801ae57   Thumb Code    36  llsshr.o(.text)
    _ll_sshift_r                             0x0801ae57   Thumb Code     0  llsshr.o(.text)
    __I$use$fp                               0x0801ae7b   Thumb Code     0  iusefp.o(.text)
    _float_round                             0x0801ae7b   Thumb Code    18  fepilogue.o(.text)
    _float_epilogue                          0x0801ae8d   Thumb Code    92  fepilogue.o(.text)
    _double_round                            0x0801aee9   Thumb Code    30  depilogue.o(.text)
    _double_epilogue                         0x0801af07   Thumb Code   156  depilogue.o(.text)
    _dsqrt                                   0x0801afa3   Thumb Code   162  dsqrt.o(.text)
    __scatterload                            0x0801b045   Thumb Code    28  init.o(.text)
    __scatterload_rt2                        0x0801b045   Thumb Code     0  init.o(.text)
    __decompress                             0x0801b069   Thumb Code     0  __dczerorl2.o(.text)
    __decompress1                            0x0801b069   Thumb Code    86  __dczerorl2.o(.text)
    __ARM_fpclassify                         0x0801b0bf   Thumb Code    48  fpclassify.o(i.__ARM_fpclassify)
    __ARM_fpclassifyf                        0x0801b0ef   Thumb Code    38  fpclassifyf.o(i.__ARM_fpclassifyf)
    __hardfp_asin                            0x0801b119   Thumb Code   770  asin.o(i.__hardfp_asin)
    __hardfp_cosf                            0x0801b479   Thumb Code   280  cosf.o(i.__hardfp_cosf)
    __hardfp_sqrt                            0x0801b5c9   Thumb Code   122  sqrt.o(i.__hardfp_sqrt)
    __hardfp_tan                             0x0801b649   Thumb Code   108  tan.o(i.__hardfp_tan)
    __hardfp_tanf                            0x0801b6c9   Thumb Code   322  tanf.o(i.__hardfp_tanf)
    __ieee754_rem_pio2                       0x0801b849   Thumb Code   938  rred.o(i.__ieee754_rem_pio2)
    __kernel_poly                            0x0801bc81   Thumb Code   248  poly.o(i.__kernel_poly)
    __kernel_tan                             0x0801bd79   Thumb Code   764  tan_i.o(i.__kernel_tan)
    __mathlib_dbl_infnan                     0x0801c0c9   Thumb Code    20  dunder.o(i.__mathlib_dbl_infnan)
    __mathlib_dbl_invalid                    0x0801c0e1   Thumb Code    24  dunder.o(i.__mathlib_dbl_invalid)
    __mathlib_dbl_underflow                  0x0801c101   Thumb Code    24  dunder.o(i.__mathlib_dbl_underflow)
    __mathlib_flt_infnan                     0x0801c121   Thumb Code     6  funder.o(i.__mathlib_flt_infnan)
    __mathlib_flt_invalid                    0x0801c129   Thumb Code    10  funder.o(i.__mathlib_flt_invalid)
    __mathlib_flt_underflow                  0x0801c139   Thumb Code    10  funder.o(i.__mathlib_flt_underflow)
    __mathlib_rredf2                         0x0801c149   Thumb Code   316  rredf.o(i.__mathlib_rredf2)
    __scatterload_copy                       0x0801c29d   Thumb Code    14  handlers.o(i.__scatterload_copy)
    __scatterload_null                       0x0801c2ab   Thumb Code     2  handlers.o(i.__scatterload_null)
    __scatterload_zeroinit                   0x0801c2ad   Thumb Code    14  handlers.o(i.__scatterload_zeroinit)
    __set_errno                              0x0801c2bd   Thumb Code     6  errno.o(i.__set_errno)
    fabs                                     0x0801c2c9   Thumb Code    24  fabs.o(i.fabs)
    sqrt                                     0x0801c2e1   Thumb Code   110  sqrt.o(i.sqrt)
    usbd_power                               0x0801c350   Data           1  usb_config.o(.constdata)
    usbd_hs_enable                           0x0801c351   Data           1  usb_config.o(.constdata)
    usbd_if_num                              0x0801c352   Data           2  usb_config.o(.constdata)
    usbd_ep_num                              0x0801c354   Data           1  usb_config.o(.constdata)
    usbd_max_packet0                         0x0801c355   Data           1  usb_config.o(.constdata)
    usbd_hid_if_num                          0x0801c356   Data           1  usb_config.o(.constdata)
    usbd_hid_ep_intin                        0x0801c357   Data           1  usb_config.o(.constdata)
    usbd_hid_ep_intout                       0x0801c358   Data           1  usb_config.o(.constdata)
    usbd_hid_interval                        0x0801c35a   Data           4  usb_config.o(.constdata)
    usbd_hid_maxpacketsize                   0x0801c35e   Data           4  usb_config.o(.constdata)
    usbd_hid_inreport_num                    0x0801c362   Data           1  usb_config.o(.constdata)
    usbd_hid_outreport_num                   0x0801c363   Data           1  usb_config.o(.constdata)
    usbd_hid_inreport_max_sz                 0x0801c364   Data           2  usb_config.o(.constdata)
    usbd_hid_outreport_max_sz                0x0801c366   Data           2  usb_config.o(.constdata)
    usbd_hid_featreport_max_sz               0x0801c368   Data           2  usb_config.o(.constdata)
    USBD_P_Power_Event                       0x0801c36c   Data           4  usb_config.o(.constdata)
    USBD_P_Reset_Event                       0x0801c370   Data           4  usb_config.o(.constdata)
    USBD_P_Suspend_Event                     0x0801c374   Data           4  usb_config.o(.constdata)
    USBD_P_Resume_Event                      0x0801c378   Data           4  usb_config.o(.constdata)
    USBD_P_WakeUp_Event                      0x0801c37c   Data           4  usb_config.o(.constdata)
    USBD_P_SOF_Event                         0x0801c380   Data           4  usb_config.o(.constdata)
    USBD_P_Error_Event                       0x0801c384   Data           4  usb_config.o(.constdata)
    USBD_P_EP                                0x0801c388   Data          64  usb_config.o(.constdata)
    USBD_P_Configure_Event                   0x0801c3c8   Data           4  usb_config.o(.constdata)
    USBD_P_Interface_Event                   0x0801c3cc   Data           4  usb_config.o(.constdata)
    USBD_P_Feature_Event                     0x0801c3d0   Data           4  usb_config.o(.constdata)
    __rtx                                    0x0801c3d4   Data           4  usb_config.o(.constdata)
    USBD_HID_ReportDescriptor                0x0801c3d8   Data          33  usb_config.o(.constdata)
    USBD_HID_ReportDescriptorSize            0x0801c3fa   Data           2  usb_config.o(.constdata)
    USBD_HID_DescriptorOffset                0x0801c3fc   Data           2  usb_config.o(.constdata)
    USBD_DeviceDescriptor                    0x0801c3fe   Data          18  usb_config.o(.constdata)
    USBD_DeviceQualifier                     0x0801c410   Data           1  usb_config.o(.constdata)
    USBD_DeviceQualifier_HS                  0x0801c411   Data           1  usb_config.o(.constdata)
    USBD_ConfigDescriptor                    0x0801c412   Data          42  usb_config.o(.constdata)
    USBD_ConfigDescriptor_HS                 0x0801c43c   Data           1  usb_config.o(.constdata)
    USBD_OtherSpeedConfigDescriptor          0x0801c43d   Data           1  usb_config.o(.constdata)
    USBD_OtherSpeedConfigDescriptor_HS       0x0801c43e   Data           1  usb_config.o(.constdata)
    USBD_StringDescriptor                    0x0801c440   Data         128  usb_config.o(.constdata)
    Region$$Table$$Base                      0x0801c688   Number         0  anon$$obj.o(Region$$Table)
    Region$$Table$$Limit                     0x0801c6a8   Number         0  anon$$obj.o(Region$$Table)
    Init_Finish                              0x20000000   Data           1  main.o(.data)
    loop_cnt                                 0x20000002   Data           2  scheduler.o(.data)
    thr_value_up                             0x20000004   Data           1  ctrl.o(.data)
    thr_value                                0x20000008   Data           4  ctrl.o(.data)
    thr_value_old                            0x2000000c   Data           4  ctrl.o(.data)
    Thr_Low                                  0x20000010   Data           1  ctrl.o(.data)
    Thr_Weight                               0x20000014   Data           4  ctrl.o(.data)
    Roll                                     0x20000028   Data           4  imu.o(.data)
    Pitch                                    0x2000002c   Data           4  imu.o(.data)
    Yaw                                      0x20000030   Data           4  imu.o(.data)
    ref_q                                    0x20000034   Data          16  imu.o(.data)
    norm_acc                                 0x20000044   Data           4  imu.o(.data)
    norm_q                                   0x20000048   Data           4  imu.o(.data)
    norm_acc_lpf                             0x2000004c   Data           4  imu.o(.data)
    mag_norm                                 0x20000050   Data           4  imu.o(.data)
    mag_norm_xyz                             0x20000054   Data           4  imu.o(.data)
    acc_vector                               0x20000058   Data           4  imu.o(.data)
    acc_ng_cali                              0x2000005c   Data           1  imu.o(.data)
    fast_atan_table                          0x20000068   Data        1028  mymath.o(.data)
    checkdata_to_send                        0x2000046c   Data           1  data_transfer.o(.data)
    checksum_to_send                         0x2000046d   Data           1  data_transfer.o(.data)
    camera_time                              0x20000470   Data           4  data_transfer.o(.data)
    wz_acc_temp                              0x20000474   Data           4  data_transfer.o(.data)
    wz_acc1                                  0x20000478   Data           4  data_transfer.o(.data)
    flash_save_en_cnt                        0x2000047c   Data           2  data_transfer.o(.data)
    CH_in_Mapping                            0x20000490   Data           8  rc.o(.data)
    rc_lose                                  0x20000498   Data           1  rc.o(.data)
    NS                                       0x20000499   Data           1  rc.o(.data)
    CH_Error                                 0x2000049a   Data           8  rc.o(.data)
    NS_cnt                                   0x200004a2   Data           2  rc.o(.data)
    MAX_CH                                   0x200004a4   Data          16  rc.o(.data)
    MIN_CH                                   0x200004b4   Data          16  rc.o(.data)
    CH_DIR                                   0x200004c4   Data           8  rc.o(.data)
    filter_A                                 0x200004cc   Data           4  rc.o(.data)
    fly_ready                                0x200004d0   Data           1  rc.o(.data)
    thr_stick_low                            0x200004d1   Data           1  rc.o(.data)
    ready_cnt                                0x200004d2   Data           2  rc.o(.data)
    mag_cali_cnt                             0x200004d4   Data           2  rc.o(.data)
    locked_cnt                               0x200004d6   Data           2  rc.o(.data)
    USBD_AltSetting                          0x200004d8   Data           1  usb_config.o(.data)
    USBD_HID_PollingCnt                      0x200004da   Data           2  usb_config.o(.data)
    USBD_HID_IdleCnt                         0x200004dc   Data           1  usb_config.o(.data)
    USBD_HID_IdleReload                      0x200004dd   Data           1  usb_config.o(.data)
    USBD_HID_IdleSet                         0x200004de   Data           1  usb_config.o(.data)
    USBD_HID_FeatReport                      0x200004df   Data           2  usb_config.o(.data)
    HID_SEND_TIMEOUT                         0x200004e1   Data           1  usbd_user_hid.o(.data)
    hid_datatemp_begin                       0x200004e2   Data           1  usbd_user_hid.o(.data)
    hid_datatemp_end                         0x200004e3   Data           1  usbd_user_hid.o(.data)
    accelLPF                                 0x200004e8   Data           6  filter.o(.data)
    gyroLPF                                  0x200004ee   Data           6  filter.o(.data)
    imuAccLpfAttFactor                       0x200004f4   Data           1  filter.o(.data)
    HT_med_fil_cnt                           0x200004f5   Data           4  filter.o(.data)
    set_height_e                             0x20000504   Data           4  height_ctrl.o(.data)
    set_height_em                            0x20000508   Data           4  height_ctrl.o(.data)
    set_speed_t                              0x2000050c   Data           4  height_ctrl.o(.data)
    set_speed                                0x20000510   Data           4  height_ctrl.o(.data)
    exp_speed                                0x20000514   Data           4  height_ctrl.o(.data)
    fb_speed                                 0x20000518   Data           4  height_ctrl.o(.data)
    exp_acc                                  0x2000051c   Data           4  height_ctrl.o(.data)
    fb_acc                                   0x20000520   Data           4  height_ctrl.o(.data)
    fb_speed_old                             0x20000524   Data           4  height_ctrl.o(.data)
    thr_take_off_f                           0x20000528   Data           1  height_ctrl.o(.data)
    auto_take_off                            0x20000529   Data           1  height_ctrl.o(.data)
    auto_land                                0x2000052a   Data           1  height_ctrl.o(.data)
    height_ref                               0x2000052c   Data           4  height_ctrl.o(.data)
    thr_set                                  0x20000530   Data           4  height_ctrl.o(.data)
    thr_pid_out                              0x20000534   Data           4  height_ctrl.o(.data)
    thr_out                                  0x20000538   Data           4  height_ctrl.o(.data)
    thr_take_off                             0x2000053c   Data           4  height_ctrl.o(.data)
    tilted_fix                               0x20000540   Data           4  height_ctrl.o(.data)
    en_old                                   0x20000544   Data           4  height_ctrl.o(.data)
    ex_i_en_f                                0x20000548   Data           1  height_ctrl.o(.data)
    ex_i_en                                  0x20000549   Data           1  height_ctrl.o(.data)
    flag                                     0x2000054a   Data           1  height_ctrl.o(.data)
    height_ctrl_out                          0x2000054c   Data           4  height_ctrl.o(.data)
    wz_acc                                   0x20000550   Data           4  height_ctrl.o(.data)
    keepheight_thr                           0x20000554   Data           4  height_ctrl.o(.data)
    lock                                     0x20000558   Data           1  height_ctrl.o(.data)
    exp_height_speed                         0x2000055c   Data           4  height_ctrl.o(.data)
    exp_height                               0x20000560   Data           4  height_ctrl.o(.data)
    ultra_speed                              0x20000564   Data           4  height_ctrl.o(.data)
    ultra_speed_acc                          0x20000568   Data           4  height_ctrl.o(.data)
    ultra_dis_lpf                            0x2000056c   Data           4  height_ctrl.o(.data)
    ultra_ctrl_out                           0x20000570   Data           4  height_ctrl.o(.data)
    wz_acc_mms2                              0x20000574   Data           4  height_ctrl.o(.data)
    tempacc_lpf                              0x20000578   Data           4  height_ctrl.o(.data)
    lock_spd_crl                             0x2000057c   Data           1  height_ctrl.o(.data)
    baro_height                              0x20000580   Data           4  height_ctrl.o(.data)
    lock_BARO                                0x20000584   Data           1  height_ctrl.o(.data)
    baro_dis_lpf                             0x20000588   Data           4  height_ctrl.o(.data)
    baro_dis_kalman                          0x2000058c   Data           4  height_ctrl.o(.data)
    baro_ctrl_out                            0x20000590   Data           4  height_ctrl.o(.data)
    baro_cnt                                 0x20000594   Data           4  height_ctrl.o(.data)
    acc_cnt                                  0x20000598   Data           4  height_ctrl.o(.data)
    baro_speed                               0x2000059c   Data           4  height_ctrl.o(.data)
    baro_speed_lpf                           0x200005a0   Data           4  height_ctrl.o(.data)
    Pressure_groud                           0x200005a4   Data           4  height_ctrl.o(.data)
    mode_state                               0x200005dc   Data           1  fly_mode.o(.data)
    mode_state_old                           0x200005dd   Data           1  fly_mode.o(.data)
    change_Hight_data                        0x200005de   Data           1  fly_mode.o(.data)
    AUX1_data                                0x200005e0   Data           4  fly_mode.o(.data)
    AUX1_data_old                            0x200005e4   Data           4  fly_mode.o(.data)
    AUX2_data                                0x200005e8   Data           4  fly_mode.o(.data)
    AUX2_data_old                            0x200005ec   Data           4  fly_mode.o(.data)
    change_CCD_data                          0x200005f0   Data           1  fly_mode.o(.data)
    sonar_av_cnt                             0x200005f4   Data           2  anotc_baro_ctrl.o(.data)
    sonar_f_set                              0x200005f8   Data          24  anotc_baro_ctrl.o(.data)
    baro_av_cnt                              0x20000610   Data           2  anotc_baro_ctrl.o(.data)
    baro_f_set                               0x20000614   Data          24  anotc_baro_ctrl.o(.data)
    sonar_weight                             0x2000062c   Data           4  anotc_baro_ctrl.o(.data)
    wz_speed                                 0x20000630   Data           4  anotc_baro_ctrl.o(.data)
    baro_com_val                             0x20000634   Data           4  anotc_baro_ctrl.o(.data)
    sysTickUptime                            0x20000658   Data           4  time.o(.data)
    time_1h                                  0x2000065c   Data           4  time.o(.data)
    time_1m                                  0x20000660   Data           4  time.o(.data)
    time_1s                                  0x20000664   Data           4  time.o(.data)
    time_1ms                                 0x20000668   Data           4  time.o(.data)
    CH_out_Mapping                           0x2000068c   Data           4  pwm_out.o(.data)
    I2C_FastMode                             0x20000690   Data           1  i2c_soft.o(.data)
    mpu6050_ok                               0x20000694   Data           1  mpu6050.o(.data)
    acc_sum_cnt                              0x20000696   Data           2  mpu6050.o(.data)
    gyro_sum_cnt                             0x20000698   Data           2  mpu6050.o(.data)
    filter_cnt                               0x2000069a   Data           1  mpu6050.o(.data)
    filter_cnt_old                           0x2000069b   Data           1  mpu6050.o(.data)
    test_ang                                 0x2000069c   Data           4  mpu6050.o(.data)
    test_ang_old                             0x200006a0   Data           4  mpu6050.o(.data)
    test_ang_d                               0x200006a4   Data           4  mpu6050.o(.data)
    test_fli_a                               0x200006a8   Data           4  mpu6050.o(.data)
    test_i                                   0x200006ac   Data           4  mpu6050.o(.data)
    led_accuracy                             0x200006b0   Data           2  led.o(.data)
    LED_Brightness                           0x200006b4   Data          16  led.o(.data)
    light                                    0x200006d4   Data           3  led.o(.data)
    baro_height_old                          0x200006ec   Data           4  ms5611.o(.data)
    baro_Offset                              0x200006f0   Data           4  ms5611.o(.data)
    ms5611_ut                                0x200006f4   Data           4  ms5611.o(.data)
    ms5611_up                                0x200006f8   Data           4  ms5611.o(.data)
    t_rxbuf                                  0x200006fc   Data           3  ms5611.o(.data)
    p_rxbuf                                  0x200006ff   Data           3  ms5611.o(.data)
    ms5611_ok                                0x20000702   Data           1  ms5611.o(.data)
    temperature_5611                         0x20000704   Data           4  ms5611.o(.data)
    moavcnt                                  0x20000708   Data           2  ms5611.o(.data)
    TxCounter                                0x20000714   Data           1  usart.o(.data)
    count                                    0x20000715   Data           1  usart.o(.data)
    Tx5Counter                               0x20000716   Data           1  usart.o(.data)
    count5                                   0x20000717   Data           1  usart.o(.data)
    mid_line                                 0x20000718   Data           1  usart.o(.data)
    CCD_OK_flag                              0x20000719   Data           1  usart.o(.data)
    CCD_ctrl_time                            0x2000071c   Data           4  usart.o(.data)
    Tx3Counter                               0x20000720   Data           1  usart.o(.data)
    count3                                   0x20000721   Data           1  usart.o(.data)
    OutMaxPacketSize                         0x20000724   Data          16  usbd_stm32f4xx_fs.o(.data)
    InPacketDataPtr                          0x20000734   Data          16  usbd_stm32f4xx_fs.o(.data)
    InPacketDataReady                        0x20000744   Data           4  usbd_stm32f4xx_fs.o(.data)
    SyncWriteEP                              0x20000748   Data           4  usbd_stm32f4xx_fs.o(.data)
    IsoOutTokenRead                          0x2000074c   Data           4  usbd_stm32f4xx_fs.o(.data)
    ultra_start_f                            0x20000754   Data           1  ultrasonic.o(.data)
    ultra_start_ok                           0x20000755   Data           1  ultrasonic.o(.data)
    ultra_distance_old                       0x20000756   Data           2  ultrasonic.o(.data)
    ak8975                                   0x20000764   Data          44  ak8975.o(.data)
    ak8975_ok                                0x20000790   Data           1  ak8975.o(.data)
    Mag_CALIBRATED                           0x20000791   Data           1  ak8975.o(.data)
    error_check                              0x200007c8   Data           1  24cxx.o(.data)
    OF_QUA                                   0x200007cc   Data           1  ano_of.o(.data)
    OF_LIGHT                                 0x200007cd   Data           1  ano_of.o(.data)
    OF_DX                                    0x200007ce   Data           1  ano_of.o(.data)
    OF_DY                                    0x200007cf   Data           1  ano_of.o(.data)
    OF_DX2                                   0x200007d0   Data           2  ano_of.o(.data)
    OF_DY2                                   0x200007d2   Data           2  ano_of.o(.data)
    OF_DX2FIX                                0x200007d4   Data           2  ano_of.o(.data)
    OF_DY2FIX                                0x200007d6   Data           2  ano_of.o(.data)
    OF_ALT                                   0x200007d8   Data           2  ano_of.o(.data)
    OF_ALT2                                  0x200007da   Data           2  ano_of.o(.data)
    OF_GYR_X                                 0x200007dc   Data           2  ano_of.o(.data)
    OF_GYR_Y                                 0x200007de   Data           2  ano_of.o(.data)
    OF_GYR_Z                                 0x200007e0   Data           2  ano_of.o(.data)
    OF_GYR_X2                                0x200007e2   Data           2  ano_of.o(.data)
    OF_GYR_Y2                                0x200007e4   Data           2  ano_of.o(.data)
    OF_GYR_Z2                                0x200007e6   Data           2  ano_of.o(.data)
    OF_ACC_X                                 0x200007e8   Data           2  ano_of.o(.data)
    OF_ACC_Y                                 0x200007ea   Data           2  ano_of.o(.data)
    OF_ACC_Z                                 0x200007ec   Data           2  ano_of.o(.data)
    OF_ACC_X2                                0x200007ee   Data           2  ano_of.o(.data)
    OF_ACC_Y2                                0x200007f0   Data           2  ano_of.o(.data)
    OF_ACC_Z2                                0x200007f2   Data           2  ano_of.o(.data)
    OF_ATT_ROL                               0x200007f4   Data           4  ano_of.o(.data)
    OF_ATT_PIT                               0x200007f8   Data           4  ano_of.o(.data)
    OF_ATT_YAW                               0x200007fc   Data           4  ano_of.o(.data)
    OF_ATT_S1                                0x20000800   Data           4  ano_of.o(.data)
    OF_ATT_S2                                0x20000804   Data           4  ano_of.o(.data)
    OF_ATT_S3                                0x20000808   Data           4  ano_of.o(.data)
    OF_ATT_S4                                0x2000080c   Data           4  ano_of.o(.data)
    Ano_OF_time                              0x20000810   Data           4  ano_of.o(.data)
    SystemCoreClock                          0x20000828   Data           4  system_stm32f4xx.o(.data)
    AHBPrescTable                            0x2000082c   Data          16  system_stm32f4xx.o(.data)
    USBD_DeviceStatus                        0x2000083c   Data           2  usbd_core.o(.data)
    USBD_DeviceAddress                       0x2000083e   Data           1  usbd_core.o(.data)
    USBD_Configuration                       0x2000083f   Data           1  usbd_core.o(.data)
    USBD_EndPointMask                        0x20000840   Data           4  usbd_core.o(.data)
    USBD_EndPointHalt                        0x20000844   Data           4  usbd_core.o(.data)
    USBD_EndPointStall                       0x20000848   Data           4  usbd_core.o(.data)
    USBD_NumInterfaces                       0x2000084c   Data           1  usbd_core.o(.data)
    USBD_HighSpeed                           0x2000084d   Data           1  usbd_core.o(.data)
    USBD_ZLP                                 0x2000084e   Data           1  usbd_core.o(.data)
    USBD_EP0Data                             0x20000850   Data           8  usbd_core.o(.data)
    USBD_SetupPacket                         0x20000858   Data           8  usbd_core.o(.data)
    USBD_HID_Protocol                        0x20000860   Data           1  usbd_hid.o(.data)
    DataOutAsyncReq                          0x20000864   Data           4  usbd_hid.o(.data)
    DataOutUpdateReqMask                     0x20000868   Data           4  usbd_hid.o(.data)
    ptrDataOut                               0x2000086c   Data           4  usbd_hid.o(.data)
    DataOutToSendLen                         0x20000870   Data           2  usbd_hid.o(.data)
    DataOutSentLen                           0x20000872   Data           2  usbd_hid.o(.data)
    DataOutEndWithShortPacket                0x20000874   Data           4  usbd_hid.o(.data)
    ptrDataIn                                0x20000878   Data           4  usbd_hid.o(.data)
    DataInReceLen                            0x2000087c   Data           2  usbd_hid.o(.data)
    ptrDataFeat                              0x20000880   Data           4  usbd_hid.o(.data)
    DataFeatReceLen                          0x20000884   Data           2  usbd_hid.o(.data)
    loop                                     0x2000089c   Data          18  scheduler.o(.bss)
    test                                     0x200008b0   Data          20  scheduler.o(.bss)
    sensor_setup                             0x200008c4   Data          64  parameter.o(.bss)
    pid_setup                                0x20000904   Data         192  parameter.o(.bss)
    ctrl_1                                   0x20002a38   Data         196  ctrl.o(.bss)
    ctrl_2                                   0x20002afc   Data         196  ctrl.o(.bss)
    except_A                                 0x20002bc0   Data          12  ctrl.o(.bss)
    ctrl_angle_offset                        0x20002bcc   Data          12  ctrl.o(.bss)
    compensation                             0x20002bd8   Data          12  ctrl.o(.bss)
    except_AS                                0x20002be4   Data          12  ctrl.o(.bss)
    g_old                                    0x20002bf0   Data          28  ctrl.o(.bss)
    motor                                    0x20002c0c   Data          16  ctrl.o(.bss)
    posture_value                            0x20002c1c   Data          16  ctrl.o(.bss)
    curve                                    0x20002c2c   Data          16  ctrl.o(.bss)
    reference_v                              0x20002c3c   Data          12  imu.o(.bss)
    ref                                      0x20002c48   Data          60  imu.o(.bss)
    mag_sim_3d                               0x20002c84   Data          12  imu.o(.bss)
    acc_3d_hg                                0x20002c90   Data          12  imu.o(.bss)
    acc_ng                                   0x20002c9c   Data          12  imu.o(.bss)
    acc_ng_offset                            0x20002ca8   Data          12  imu.o(.bss)
    f                                        0x20002cc0   Data          18  data_transfer.o(.bss)
    data_to_send                             0x20002cd2   Data          50  data_transfer.o(.bss)
    camera_PID_data                          0x20002d04   Data          16  data_transfer.o(.bss)
    RX_CH                                    0x20002d14   Data          16  data_transfer.o(.bss)
    CH                                       0x20002d88   Data          16  rc.o(.bss)
    CH_Old                                   0x20002d98   Data          32  rc.o(.bss)
    CH_filter                                0x20002db8   Data          32  rc.o(.bss)
    CH_filter_Old                            0x20002dd8   Data          32  rc.o(.bss)
    CH_filter_D                              0x20002df8   Data          32  rc.o(.bss)
    CLR_CH_Error                             0x20002e18   Data          16  rc.o(.bss)
    USBD_EP0Buf                              0x20002e38   Data          64  usb_config.o(.bss)
    USBD_HID_InReport                        0x20002e78   Data          65  usb_config.o(.bss)
    USBD_HID_OutReport                       0x20002eb9   Data          65  usb_config.o(.bss)
    stk_usb_msc_task                         0x20002f00   Data         600  usb_config.o(.bss)
    hid_datatemp                             0x20003158   Data         256  usbd_user_hid.o(.bss)
    hid_data2send                            0x20003258   Data          64  usbd_user_hid.o(.bss)
    string_auth                              0x20003298   Data          29  version.o(.bss)
    string_auth_descriptor                   0x200032b5   Data          52  version.o(.bss)
    accelStoredFilterValues                  0x200032ec   Data          12  filter.o(.bss)
    HT_med_filter_tmp                        0x200032f8   Data         176  filter.o(.bss)
    HT_med_filter_out                        0x200033a8   Data          16  filter.o(.bss)
    LPF2filter                               0x200033b8   Data          28  filter.o(.bss)
    hc_value                                 0x200033d4   Data          24  height_ctrl.o(.bss)
    h_acc_arg                                0x200033ec   Data          28  height_ctrl.o(.bss)
    h_speed_arg                              0x20003408   Data          28  height_ctrl.o(.bss)
    h_height_arg                             0x20003424   Data          28  height_ctrl.o(.bss)
    h_acc_val                                0x20003440   Data          36  height_ctrl.o(.bss)
    h_speed_val                              0x20003464   Data          36  height_ctrl.o(.bss)
    h_height_val                             0x20003488   Data          36  height_ctrl.o(.bss)
    HT_HAWK                                  0x200034ac   Data         120  height_ctrl.o(.bss)
    baro_speed_arr                           0x20003524   Data          44  height_ctrl.o(.bss)
    acc_speed_arr                            0x20003550   Data         204  height_ctrl.o(.bss)
    mode_value                               0x2000361c   Data          10  fly_mode.o(.bss)
    sonar_av_arr                             0x20003628   Data         200  anotc_baro_ctrl.o(.bss)
    sonar                                    0x200036f0   Data          24  anotc_baro_ctrl.o(.bss)
    sonar_fusion                             0x20003708   Data          68  anotc_baro_ctrl.o(.bss)
    baro_av_arr                              0x2000374c   Data         400  anotc_baro_ctrl.o(.bss)
    baro_p                                   0x200038dc   Data          24  anotc_baro_ctrl.o(.bss)
    baro_fusion                              0x200038f4   Data          68  anotc_baro_ctrl.o(.bss)
    CCD_CTRL_PID                             0x20003938   Data          80  trance.o(.bss)
    CCD_CTRL_PID_H                           0x20003988   Data          80  trance.o(.bss)
    camera_Trance                            0x200039d8   Data         108  trance.o(.bss)
    Duty                                     0x20003a44   Data          12  trance.o(.bss)
    Switch                                   0x20003a50   Data          12  warn.o(.bss)
    Switch2                                  0x20003a5c   Data          12  warn.o(.bss)
    Switch3                                  0x20003a68   Data          12  warn.o(.bss)
    Cycle_T                                  0x20003a74   Data          72  time.o(.bss)
    Rc_Pwm_In                                0x20003abc   Data          16  pwm_in.o(.bss)
    mpu6050                                  0x20003acc   Data         164  mpu6050.o(.bss)
    mpu6050_buffer                           0x20003b70   Data          14  mpu6050.o(.bss)
    sum_temp                                 0x20003b80   Data          28  mpu6050.o(.bss)
    FILT_BUF                                 0x20003b9c   Data         154  mpu6050.o(.bss)
    mpu6050_tmp                              0x20003c38   Data          28  mpu6050.o(.bss)
    mpu_fil_tmp                              0x20003c54   Data          28  mpu6050.o(.bss)
    ms5611_prom                              0x20003c70   Data          16  ms5611.o(.bss)
    baro                                     0x20003c80   Data          20  ms5611.o(.bss)
    mo_av_baro                               0x20003c94   Data          20  ms5611.o(.bss)
    TxBuffer                                 0x20003ca8   Data         256  usart.o(.bss)
    Rx_Buf                                   0x20003da8   Data         256  usart.o(.bss)
    Tx5Buffer                                0x20003ea8   Data         256  usart.o(.bss)
    Tx3Buffer                                0x20003fa8   Data         256  usart.o(.bss)
    HID_IntInPacketData                      0x200040a8   Data          64  usbd_stm32f4xx_fs.o(.bss)
    IsoOutPacketDataPtr                      0x200040e8   Data          16  usbd_stm32f4xx_fs.o(.bss)
    InPacketDataCnt                          0x200040f8   Data          16  usbd_stm32f4xx_fs.o(.bss)
    IsoOutPacketDataCnt                      0x20004108   Data          16  usbd_stm32f4xx_fs.o(.bss)
    ultra                                    0x20004124   Data          20  ultrasonic.o(.bss)
    hight_PID_ctrl                           0x20004138   Data          80  ultrasonic.o(.bss)
    GY_530                                   0x20004194   Data          56  vl53l0.o(.bss)
    __initial_sp                             0x20004a18   Data           0  startup_stm32f4xx.o(STACK)



==============================================================================

Memory Map of the image

  Image Entry point : 0x08000189

  Load Region LR_IROM1 (Base: 0x08000000, Size: 0x0001cf44, Max: 0x00080000, ABSOLUTE, COMPRESSED[0x0001cb40])

    Execution Region ER_IROM1 (Base: 0x08000000, Size: 0x0001c6a8, Max: 0x00080000, ABSOLUTE)

    Base Addr    Size         Type   Attr      Idx    E Section Name        Object

    0x08000000   0x00000188   Data   RO         1455    RESET               startup_stm32f4xx.o
    0x08000188   0x00000000   Code   RO         1642  * .ARM.Collect$$$$00000000  mc_w.l(entry.o)
    0x08000188   0x00000004   Code   RO         1729    .ARM.Collect$$$$00000001  mc_w.l(entry2.o)
    0x0800018c   0x00000004   Code   RO         1732    .ARM.Collect$$$$00000004  mc_w.l(entry5.o)
    0x08000190   0x00000000   Code   RO         1734    .ARM.Collect$$$$00000008  mc_w.l(entry7b.o)
    0x08000190   0x00000000   Code   RO         1736    .ARM.Collect$$$$0000000A  mc_w.l(entry8b.o)
    0x08000190   0x00000008   Code   RO         1737    .ARM.Collect$$$$0000000B  mc_w.l(entry9a.o)
    0x08000198   0x00000000   Code   RO         1739    .ARM.Collect$$$$0000000D  mc_w.l(entry10a.o)
    0x08000198   0x00000000   Code   RO         1741    .ARM.Collect$$$$0000000F  mc_w.l(entry11a.o)
    0x08000198   0x00000004   Code   RO         1730    .ARM.Collect$$$$00002712  mc_w.l(entry2.o)
    0x0800019c   0x00000108   Code   RO            2    .text               init.o
    0x080002a4   0x00000018   Code   RO          204    .text               main.o
    0x080002bc   0x00000044   Code   RO          233    .text               stm32f4xx_it.o
    0x08000300   0x000002c0   Code   RO          249    .text               scheduler.o
    0x080005c0   0x000003e8   Code   RO          272    .text               parameter.o
    0x080009a8   0x000014c4   Code   RO          324    .text               ctrl.o
    0x08001e6c   0x00000a44   Code   RO          352    .text               imu.o
    0x080028b0   0x00000738   Code   RO          376    .text               mymath.o
    0x08002fe8   0x00001e0c   Code   RO          395    .text               data_transfer.o
    0x08004df4   0x00000704   Code   RO          452    .text               rc.o
    0x080054f8   0x00000052   Code   RO          479    .text               usb_config.o
    0x0800554a   0x00000002   PAD
    0x0800554c   0x0000024c   Code   RO          554    .text               usbd_user_hid.o
    0x08005798   0x00000020   Code   RO          580    .text               version.o
    0x080057b8   0x0000070c   Code   RO          603    .text               filter.o
    0x08005ec4   0x000017fc   Code   RO          634    .text               height_ctrl.o
    0x080076c0   0x00000130   Code   RO          665    .text               fly_mode.o
    0x080077f0   0x000006a4   Code   RO          688    .text               anotc_baro_ctrl.o
    0x08007e94   0x000001a0   Code   RO          711    .text               pid.o
    0x08008034   0x00000ca0   Code   RO          731    .text               trance.o
    0x08008cd4   0x00000384   Code   RO          755    .text               warn.o
    0x08009058   0x000001f4   Code   RO          779    .text               time.o
    0x0800924c   0x000006c4   Code   RO          814    .text               pwm_in.o
    0x08009910   0x000001fc   Code   RO          841    .text               pwm_out.o
    0x08009b0c   0x0000042e   Code   RO          866    .text               i2c_soft.o
    0x08009f3a   0x00000002   PAD
    0x08009f3c   0x00000960   Code   RO          892    .text               mpu6050.o
    0x0800a89c   0x00000620   Code   RO          931    .text               led.o
    0x0800aebc   0x000003c4   Code   RO          957    .text               ms5611.o
    0x0800b280   0x000004ac   Code   RO          984    .text               usart.o
    0x0800b72c   0x000012b8   Code   RO         1022    .text               usbd_stm32f4xx_fs.o
    0x0800c9e4   0x00000444   Code   RO         1049    .text               drv_w25qxx.o
    0x0800ce28   0x00000614   Code   RO         1070    .text               ultrasonic.o
    0x0800d43c   0x00000440   Code   RO         1094    .text               ak8975.o
    0x0800d87c   0x0000058c   Code   RO         1117    .text               vl53l0.o
    0x0800de08   0x0000009c   Code   RO         1141    .text               adc.o
    0x0800dea4   0x00000ce4   Code   RO         1160    .text               24cxx.o
    0x0800eb88   0x00000678   Code   RO         1183    .text               ano_of.o
    0x0800f200   0x000001ec   Code   RO         1206    .text               misc.o
    0x0800f3ec   0x0000107c   Code   RO         1222    .text               stm32f4xx_adc.o
    0x08010468   0x0000030c   Code   RO         1270    .text               stm32f4xx_exti.o
    0x08010774   0x00000916   Code   RO         1302    .text               stm32f4xx_gpio.o
    0x0801108a   0x00000002   PAD
    0x0801108c   0x00000d7c   Code   RO         1350    .text               stm32f4xx_rcc.o
    0x08011e08   0x00000bc8   Code   RO         1368    .text               stm32f4xx_spi.o
    0x080129d0   0x00000184   Code   RO         1384    .text               stm32f4xx_syscfg.o
    0x08012b54   0x00003294   Code   RO         1400    .text               stm32f4xx_tim.o
    0x08015de8   0x00000eb4   Code   RO         1416    .text               stm32f4xx_usart.o
    0x08016c9c   0x00000210   Code   RO         1432    .text               system_stm32f4xx.o
    0x08016eac   0x00000024   Code   RO         1456    .text               startup_stm32f4xx.o
    0x08016ed0   0x00000a48   Code   RO         1461    .text               usbd_core.o
    0x08017918   0x000001b0   Code   RO         1505    .text               usbd_core_hid.o
    0x08017ac8   0x00000604   Code   RO         1517    .text               usbd_hid.o
    0x080180cc   0x000000f0   Code   RO         1533    .text               diskio.o
    0x080181bc   0x0000278c   Code   RO         1559    .text               ff.o
    0x0801a948   0x00000024   Code   RO         1645    .text               mc_w.l(memcpya.o)
    0x0801a96c   0x00000024   Code   RO         1647    .text               mc_w.l(memseta.o)
    0x0801a990   0x0000000e   Code   RO         1649    .text               mc_w.l(strlen.o)
    0x0801a99e   0x0000014e   Code   RO         1653    .text               mf_w.l(dadd.o)
    0x0801aaec   0x000000e4   Code   RO         1655    .text               mf_w.l(dmul.o)
    0x0801abd0   0x000000de   Code   RO         1657    .text               mf_w.l(ddiv.o)
    0x0801acae   0x00000022   Code   RO         1659    .text               mf_w.l(dflti.o)
    0x0801acd0   0x0000001a   Code   RO         1661    .text               mf_w.l(dfltui.o)
    0x0801acea   0x0000003e   Code   RO         1663    .text               mf_w.l(dfixi.o)
    0x0801ad28   0x00000032   Code   RO         1665    .text               mf_w.l(dfixui.o)
    0x0801ad5a   0x00000026   Code   RO         1667    .text               mf_w.l(f2d.o)
    0x0801ad80   0x00000030   Code   RO         1669    .text               mf_w.l(cdcmple.o)
    0x0801adb0   0x00000030   Code   RO         1671    .text               mf_w.l(cdrcmple.o)
    0x0801ade0   0x00000038   Code   RO         1673    .text               mf_w.l(d2f.o)
    0x0801ae18   0x0000001e   Code   RO         1743    .text               mc_w.l(llshl.o)
    0x0801ae36   0x00000020   Code   RO         1745    .text               mc_w.l(llushr.o)
    0x0801ae56   0x00000024   Code   RO         1747    .text               mc_w.l(llsshr.o)
    0x0801ae7a   0x00000000   Code   RO         1756    .text               mc_w.l(iusefp.o)
    0x0801ae7a   0x0000006e   Code   RO         1757    .text               mf_w.l(fepilogue.o)
    0x0801aee8   0x000000ba   Code   RO         1759    .text               mf_w.l(depilogue.o)
    0x0801afa2   0x000000a2   Code   RO         1763    .text               mf_w.l(dsqrt.o)
    0x0801b044   0x00000024   Code   RO         1765    .text               mc_w.l(init.o)
    0x0801b068   0x00000056   Code   RO         1775    .text               mc_w.l(__dczerorl2.o)
    0x0801b0be   0x00000030   Code   RO         1695    i.__ARM_fpclassify  m_wm.l(fpclassify.o)
    0x0801b0ee   0x00000026   Code   RO         1697    i.__ARM_fpclassifyf  m_wm.l(fpclassifyf.o)
    0x0801b114   0x00000004   PAD
    0x0801b118   0x00000360   Code   RO         1580    i.__hardfp_asin     m_wm.l(asin.o)
    0x0801b478   0x00000150   Code   RO         1594    i.__hardfp_cosf     m_wm.l(cosf.o)
    0x0801b5c8   0x0000007a   Code   RO         1606    i.__hardfp_sqrt     m_wm.l(sqrt.o)
    0x0801b642   0x00000006   PAD
    0x0801b648   0x00000080   Code   RO         1618    i.__hardfp_tan      m_wm.l(tan.o)
    0x0801b6c8   0x0000017c   Code   RO         1630    i.__hardfp_tanf     m_wm.l(tanf.o)
    0x0801b844   0x00000004   PAD
    0x0801b848   0x00000438   Code   RO         1715    i.__ieee754_rem_pio2  m_wm.l(rred.o)
    0x0801bc80   0x000000f8   Code   RO         1713    i.__kernel_poly     m_wm.l(poly.o)
    0x0801bd78   0x00000350   Code   RO         1723    i.__kernel_tan      m_wm.l(tan_i.o)
    0x0801c0c8   0x00000014   Code   RO         1676    i.__mathlib_dbl_infnan  m_wm.l(dunder.o)
    0x0801c0dc   0x00000004   PAD
    0x0801c0e0   0x00000020   Code   RO         1678    i.__mathlib_dbl_invalid  m_wm.l(dunder.o)
    0x0801c100   0x00000020   Code   RO         1681    i.__mathlib_dbl_underflow  m_wm.l(dunder.o)
    0x0801c120   0x00000006   Code   RO         1700    i.__mathlib_flt_infnan  m_wm.l(funder.o)
    0x0801c126   0x00000002   PAD
    0x0801c128   0x00000010   Code   RO         1702    i.__mathlib_flt_invalid  m_wm.l(funder.o)
    0x0801c138   0x00000010   Code   RO         1705    i.__mathlib_flt_underflow  m_wm.l(funder.o)
    0x0801c148   0x00000154   Code   RO         1720    i.__mathlib_rredf2  m_wm.l(rredf.o)
    0x0801c29c   0x0000000e   Code   RO         1769    i.__scatterload_copy  mc_w.l(handlers.o)
    0x0801c2aa   0x00000002   Code   RO         1770    i.__scatterload_null  mc_w.l(handlers.o)
    0x0801c2ac   0x0000000e   Code   RO         1771    i.__scatterload_zeroinit  mc_w.l(handlers.o)
    0x0801c2ba   0x00000002   PAD
    0x0801c2bc   0x0000000c   Code   RO         1751    i.__set_errno       mc_w.l(errno.o)
    0x0801c2c8   0x00000018   Code   RO         1691    i.fabs              m_wm.l(fabs.o)
    0x0801c2e0   0x0000006e   Code   RO         1608    i.sqrt              m_wm.l(sqrt.o)
    0x0801c34e   0x00000002   PAD
    0x0801c350   0x00000170   Data   RO          481    .constdata          usb_config.o
    0x0801c4c0   0x0000002c   Data   RO         1560    .constdata          ff.o
    0x0801c4ec   0x00000004   PAD
    0x0801c4f0   0x00000050   Data   RO         1583    .constdata          m_wm.l(asin.o)
    0x0801c540   0x000000c8   Data   RO         1717    .constdata          m_wm.l(rred.o)
    0x0801c608   0x00000020   Data   RO         1721    .constdata          m_wm.l(rredf.o)
    0x0801c628   0x00000060   Data   RO         1724    .constdata          m_wm.l(tan_i.o)
    0x0801c688   0x00000020   Data   RO         1767    Region$$Table       anon$$obj.o


    Execution Region RW_IRAM1 (Base: 0x20000000, Size: 0x00004a18, Max: 0x00020000, ABSOLUTE, COMPRESSED[0x00000498])

    Base Addr    Size         Type   Attr      Idx    E Section Name        Object

    0x20000000   0x00000001   Data   RW          205    .data               main.o
    0x20000001   0x00000001   PAD
    0x20000002   0x00000002   Data   RW          251    .data               scheduler.o
    0x20000004   0x00000024   Data   RW          326    .data               ctrl.o
    0x20000028   0x00000040   Data   RW          354    .data               imu.o
    0x20000068   0x00000404   Data   RW          377    .data               mymath.o
    0x2000046c   0x00000022   Data   RW          397    .data               data_transfer.o
    0x2000048e   0x00000002   PAD
    0x20000490   0x00000048   Data   RW          454    .data               rc.o
    0x200004d8   0x00000009   Data   RW          482    .data               usb_config.o
    0x200004e1   0x00000004   Data   RW          556    .data               usbd_user_hid.o
    0x200004e5   0x00000003   PAD
    0x200004e8   0x0000001c   Data   RW          605    .data               filter.o
    0x20000504   0x000000d8   Data   RW          636    .data               height_ctrl.o
    0x200005dc   0x00000015   Data   RW          667    .data               fly_mode.o
    0x200005f1   0x00000003   PAD
    0x200005f4   0x00000054   Data   RW          690    .data               anotc_baro_ctrl.o
    0x20000648   0x0000000d   Data   RW          757    .data               warn.o
    0x20000655   0x00000003   PAD
    0x20000658   0x00000014   Data   RW          781    .data               time.o
    0x2000066c   0x00000020   Data   RW          816    .data               pwm_in.o
    0x2000068c   0x00000004   Data   RW          842    .data               pwm_out.o
    0x20000690   0x00000001   Data   RW          867    .data               i2c_soft.o
    0x20000691   0x00000003   PAD
    0x20000694   0x0000001c   Data   RW          894    .data               mpu6050.o
    0x200006b0   0x00000039   Data   RW          932    .data               led.o
    0x200006e9   0x00000003   PAD
    0x200006ec   0x00000026   Data   RW          959    .data               ms5611.o
    0x20000712   0x00000002   PAD
    0x20000714   0x0000000e   Data   RW          986    .data               usart.o
    0x20000722   0x00000002   PAD
    0x20000724   0x00000030   Data   RW         1024    .data               usbd_stm32f4xx_fs.o
    0x20000754   0x00000010   Data   RW         1072    .data               ultrasonic.o
    0x20000764   0x0000004a   Data   RW         1096    .data               ak8975.o
    0x200007ae   0x00000002   PAD
    0x200007b0   0x00000018   Data   RW         1119    .data               vl53l0.o
    0x200007c8   0x00000001   Data   RW         1161    .data               24cxx.o
    0x200007c9   0x00000003   PAD
    0x200007cc   0x0000004b   Data   RW         1185    .data               ano_of.o
    0x20000817   0x00000010   Data   RW         1351    .data               stm32f4xx_rcc.o
    0x20000827   0x00000001   PAD
    0x20000828   0x00000014   Data   RW         1433    .data               system_stm32f4xx.o
    0x2000083c   0x00000024   Data   RW         1462    .data               usbd_core.o
    0x20000860   0x00000027   Data   RW         1518    .data               usbd_hid.o
    0x20000887   0x00000001   PAD
    0x20000888   0x00000004   Data   RW         1534    .data               diskio.o
    0x2000088c   0x0000000a   Data   RW         1561    .data               ff.o
    0x20000896   0x00000002   PAD
    0x20000898   0x00000004   Data   RW         1752    .data               mc_w.l(errno.o)
    0x2000089c   0x00000028   Zero   RW          250    .bss                scheduler.o
    0x200008c4   0x00002174   Zero   RW          273    .bss                parameter.o
    0x20002a38   0x00000204   Zero   RW          325    .bss                ctrl.o
    0x20002c3c   0x00000084   Zero   RW          353    .bss                imu.o
    0x20002cc0   0x000000c8   Zero   RW          396    .bss                data_transfer.o
    0x20002d88   0x000000b0   Zero   RW          453    .bss                rc.o
    0x20002e38   0x00000320   Zero   RW          480    .bss                usb_config.o
    0x20003158   0x00000140   Zero   RW          555    .bss                usbd_user_hid.o
    0x20003298   0x00000051   Zero   RW          581    .bss                version.o
    0x200032e9   0x00000003   PAD
    0x200032ec   0x000000e8   Zero   RW          604    .bss                filter.o
    0x200033d4   0x00000248   Zero   RW          635    .bss                height_ctrl.o
    0x2000361c   0x0000000a   Zero   RW          666    .bss                fly_mode.o
    0x20003626   0x00000002   PAD
    0x20003628   0x00000310   Zero   RW          689    .bss                anotc_baro_ctrl.o
    0x20003938   0x00000118   Zero   RW          732    .bss                trance.o
    0x20003a50   0x00000024   Zero   RW          756    .bss                warn.o
    0x20003a74   0x00000048   Zero   RW          780    .bss                time.o
    0x20003abc   0x00000010   Zero   RW          815    .bss                pwm_in.o
    0x20003acc   0x000001a4   Zero   RW          893    .bss                mpu6050.o
    0x20003c70   0x00000038   Zero   RW          958    .bss                ms5611.o
    0x20003ca8   0x00000400   Zero   RW          985    .bss                usart.o
    0x200040a8   0x00000070   Zero   RW         1023    .bss                usbd_stm32f4xx_fs.o
    0x20004118   0x0000000c   Zero   RW         1050    .bss                drv_w25qxx.o
    0x20004124   0x00000064   Zero   RW         1071    .bss                ultrasonic.o
    0x20004188   0x0000000c   Zero   RW         1095    .bss                ak8975.o
    0x20004194   0x0000004c   Zero   RW         1118    .bss                vl53l0.o
    0x200041e0   0x00000032   Zero   RW         1184    .bss                ano_of.o
    0x20004212   0x00000006   PAD
    0x20004218   0x00000800   Zero   RW         1453    STACK               startup_stm32f4xx.o


==============================================================================

Image component sizes


      Code (inc. data)   RO Data    RW Data    ZI Data      Debug   Object Name

      3300         64          0          1          0       8426   24cxx.o
       156         14          0          0          0        843   adc.o
      1088         24          0         74         12       3272   ak8975.o
      1656        192          0         75         50       3415   ano_of.o
      1700        176          0         84        784       4858   anotc_baro_ctrl.o
      5316        372          0         36        516       5628   ctrl.o
      7692        334          0         34        200      13135   data_transfer.o
       240          6          0          4          0       5206   diskio.o
      1092         20          0          0         12       5989   drv_w25qxx.o
     10124        112         44         10          0      28502   ff.o
      1804         42          0         28        232      12293   filter.o
       304         54          0         21         10       1934   fly_mode.o
      6140        702          0        216        584       9593   height_ctrl.o
      1070         10          0          1          0       5445   i2c_soft.o
      2628        162          0         64        132       3707   imu.o
       264         48          0          0          0     298566   init.o
      1568         74          0         57          0       5604   led.o
        24          4          0          1          0       1743   main.o
       492         74          0          0          0       2313   misc.o
      2400        136          0         28        420      17063   mpu6050.o
       964         96          0         38         56       4665   ms5611.o
      1848        136          0       1028          0       6295   mymath.o
      1000         72          0          0       8564       8281   parameter.o
       416         10          0          0          0       1460   pid.o
      1732        110          0         32         16       2856   pwm_in.o
       508         16          0          4          0       2546   pwm_out.o
      1796        170          0         72        176       3755   rc.o
       704         60          0          2         40       3692   scheduler.o
        36          8        392          0       2048        976   startup_stm32f4xx.o
      4220        148          0          0          0      12974   stm32f4xx_adc.o
       780         70          0          0          0       2999   stm32f4xx_exti.o
      2326        132          0          0          0       5489   stm32f4xx_gpio.o
        68          6          0          0          0       1756   stm32f4xx_it.o
      3452        262          0         16          0      13323   stm32f4xx_rcc.o
      3016        118          0          0          0       8409   stm32f4xx_spi.o
       388         72          0          0          0       1955   stm32f4xx_syscfg.o
     12948        670          0          0          0      29520   stm32f4xx_tim.o
      3764        164          0          0          0       9864   stm32f4xx_usart.o
       528         46          0         20          0       2387   system_stm32f4xx.o
       500         38          0         20         72      22466   time.o
      3232        156          0          0        280       4885   trance.o
      1556        132          0         16        100       3544   ultrasonic.o
      1196         86          0         14       1024       5295   usart.o
        82          0        368          9        800      28406   usb_config.o
      2632        202          0         36          0       8532   usbd_core.o
       432         68          0          0          0       1964   usbd_core_hid.o
      1540        184          0         39          0       6291   usbd_hid.o
      4792        220          0         48        112      27709   usbd_stm32f4xx_fs.o
       588         24          0          4        320       3422   usbd_user_hid.o
        32         10          0          0         81       1924   version.o
      1420        116          0         24         76       4511   vl53l0.o
       900         70          0         13         36       3312   warn.o

    ----------------------------------------------------------------------
    108460       6292        840       2200      16764     682998   Object Totals
         0          0         32          0          0          0   (incl. Generated)
         6          0          4         31         11          0   (incl. Padding)

    ----------------------------------------------------------------------

      Code (inc. data)   RO Data    RW Data    ZI Data      Debug   Library Member Name

       864         94         80          0          0        280   asin.o
       336         56          0          0          0        136   cosf.o
        84         16          0          0          0        372   dunder.o
        24          0          0          0          0        124   fabs.o
        48          0          0          0          0        124   fpclassify.o
        38          0          0          0          0        116   fpclassifyf.o
        38         12          0          0          0        348   funder.o
       248          0          0          0          0        152   poly.o
      1080        142        200          0          0        188   rred.o
       340         24         32          0          0        160   rredf.o
       232          0          0          0          0        296   sqrt.o
       128         20          0          0          0        144   tan.o
       848         84         96          0          0        196   tan_i.o
       380         58          0          0          0        200   tanf.o
        86          0          0          0          0          0   __dczerorl2.o
         0          0          0          0          0          0   entry.o
         0          0          0          0          0          0   entry10a.o
         0          0          0          0          0          0   entry11a.o
         8          4          0          0          0          0   entry2.o
         4          0          0          0          0          0   entry5.o
         0          0          0          0          0          0   entry7b.o
         0          0          0          0          0          0   entry8b.o
         8          4          0          0          0          0   entry9a.o
        12          6          0          4          0         68   errno.o
        30          0          0          0          0          0   handlers.o
        36          8          0          0          0         68   init.o
         0          0          0          0          0          0   iusefp.o
        30          0          0          0          0         68   llshl.o
        36          0          0          0          0         68   llsshr.o
        32          0          0          0          0         68   llushr.o
        36          0          0          0          0         68   memcpya.o
        36          0          0          0          0        108   memseta.o
        14          0          0          0          0         68   strlen.o
        48          0          0          0          0         68   cdcmple.o
        48          0          0          0          0         68   cdrcmple.o
        56          0          0          0          0         88   d2f.o
       334          0          0          0          0        148   dadd.o
       222          0          0          0          0        100   ddiv.o
       186          0          0          0          0        176   depilogue.o
        62          0          0          0          0         80   dfixi.o
        50          0          0          0          0         76   dfixui.o
        34          0          0          0          0         76   dflti.o
        26          0          0          0          0         76   dfltui.o
       228          0          0          0          0         96   dmul.o
       162          0          0          0          0        100   dsqrt.o
        38          0          0          0          0         68   f2d.o
       110          0          0          0          0        168   fepilogue.o

    ----------------------------------------------------------------------
      6684        532        408          4          0       4808   Library Totals
        24          4          0          0          0          0   (incl. Padding)

    ----------------------------------------------------------------------

      Code (inc. data)   RO Data    RW Data    ZI Data      Debug   Library Name

      4688        506        408          0          0       2836   m_wm.l
       368         22          0          4          0        584   mc_w.l
      1604          0          0          0          0       1388   mf_w.l

    ----------------------------------------------------------------------
      6684        532        408          4          0       4808   Library Totals

    ----------------------------------------------------------------------

==============================================================================


      Code (inc. data)   RO Data    RW Data    ZI Data      Debug   

    115144       6824       1248       2204      16764     675702   Grand Totals
    115144       6824       1248       1176      16764     675702   ELF Image Totals (compressed)
    115144       6824       1248       1176          0          0   ROM Totals

==============================================================================

    Total RO  Size (Code + RO Data)               116392 ( 113.66kB)
    Total RW  Size (RW Data + ZI Data)             18968 (  18.52kB)
    Total ROM Size (Code + RO Data + RW Data)     117568 ( 114.81kB)

==============================================================================

