<html>
<body>
<pre>
<h1>礦ision Build Log</h1>
<h2>Tool Versions:</h2>
IDE-Version: μVision V5.14.0.0
Copyright (C) 2015 ARM Ltd and ARM Germany GmbH. All rights reserved.
License Information: K.G.   , defghj, LIC=HF856-DL42E-QIF5M-XYDPF-MD3AB-KYKEZ
 
Tool Versions:
Toolchain:       MDK-ARM Professional  Version: 5.14.0.0
Toolchain Path:  E:\Keil_v5\ARM\ARMCC\Bin
C Compiler:      Armcc.exe V5.05 update 1 (build 106)
Assembler:       Armasm.exe V5.05 update 1 (build 106)
Linker/Locator:  ArmLink.exe V5.05 update 1 (build 106)
Library Manager: ArmAr.exe V5.05 update 1 (build 106)
Hex Converter:   FromElf.exe V5.05 update 1 (build 106)
CPU DLL:         SARMCM3.DLL V5.14.0.0
Dialog DLL:      DCM.DLL V1.13.1.0
Target DLL:      Segger\JL2CM3.dll V2.99.13.0
Dialog DLL:      TCM.DLL V1.14.4.0
 
<h2>Project:</h2>
F:\单片机程序\32F4\电赛\最终版\新制板+摄像头+光流-定点-摄像头位移-一键起飞-降落-第三点-任务 - 摄像头倾角补偿-稳定版\F407_FC.uvprojx
Project File Date:  08/11/2017

<h2>Output:</h2>
Build target 'Anopilot'
compiling Trance.c...
applications\Trance.c(243): warning:  #177-D: variable "control_count" was declared but never referenced
        static u8 control_count = 0;
applications\Trance.c(403): warning:  #177-D: variable "control_flag" was declared but never referenced
        static u8 control_flag= 0;
applications\Trance.c: 2 warnings, 0 errors
linking...
Program Size: Code=115144 RO-data=1248 RW-data=2204 ZI-data=16764  
After Build - User command #1: fromelf --bin .\build\F407_FC.axf --output TEST.ANO
".\build\F407_FC.axf" - 0 Error(s), 2 Warning(s).

<h2>Collection of Component include folders:</h2>
  F:\单片机程序\32F4\电赛\最终版\新制板+摄像头+光流-定点-摄像头位移-一键起飞-降落-第三点-任务 - 摄像头倾角补偿-稳定版\RTE
  E:\Keil_v5\ARM\PACK\Keil\STM32F4xx_DFP\1.0.8\Device\Include

<h2>Collection of Component Files used:</h2>
</pre>
</body>
</html>
