Component: ARM Compiler 5.05 update 1 (build 106) Tool: armlink [4d0efa]

==============================================================================

Section Cross References

    init.o(i.All_Init) refers to misc.o(i.NVIC_PriorityGroupConfig) for NVIC_PriorityGroupConfig
    init.o(i.All_Init) refers to time.o(i.SysTick_Configuration) for SysTick_Configuration
    init.o(i.All_Init) refers to i2c_soft.o(i.I2c_Soft_Init) for I2c_Soft_Init
    init.o(i.All_Init) refers to pwm_in.o(i.PWM_IN_Init) for PWM_IN_Init
    init.o(i.All_Init) refers to pwm_out.o(i.PWM_Out_Init) for PWM_Out_Init
    init.o(i.All_Init) refers to ms5611.o(i.MS5611_Init) for MS5611_Init
    init.o(i.All_Init) refers to time.o(i.Delay_ms) for Delay_ms
    init.o(i.All_Init) refers to mpu6050.o(i.MPU6050_Init) for MPU6050_Init
    init.o(i.All_Init) refers to led.o(i.LED_Init) for LED_Init
    init.o(i.All_Init) refers to usart.o(i.Usart1_Init) for Usart1_Init
    init.o(i.All_Init) refers to usart.o(i.Uart2_Init) for Uart2_Init
    init.o(i.All_Init) refers to usart.o(i.Uart3_Init) for Uart3_Init
    init.o(i.All_Init) refers to 24cxx.o(i.AT24CXX_Init) for AT24CXX_Init
    init.o(i.All_Init) refers to parameter.o(i.Para_Init) for Para_Init
    init.o(i.All_Init) refers to warn.o(i.light_sound_init) for light_sound_init
    init.o(i.All_Init) refers to warn.o(i.switch_init) for switch_init
    init.o(i.All_Init) refers to ak8975.o(i.ANO_AK8975_Run) for ANO_AK8975_Run
    init.o(i.All_Init) refers to led.o(i.LED_MPU_Err) for LED_MPU_Err
    init.o(i.All_Init) refers to led.o(i.LED_Mag_Err) for LED_Mag_Err
    init.o(i.All_Init) refers to led.o(i.LED_MS5611_Err) for LED_MS5611_Err
    init.o(i.All_Init) refers to time.o(i.Cycle_Time_Init) for Cycle_Time_Init
    init.o(i.All_Init) refers to filter.o(i.lpf2pInit) for lpf2pInit
    init.o(i.All_Init) refers to fmul.o(x$fpl$fmul) for __aeabi_fmul
    init.o(i.All_Init) refers to ak8975.o(.data) for ak8975_ok
    init.o(i.All_Init) refers to mpu6050.o(.data) for mpu6050_ok
    init.o(i.All_Init) refers to ms5611.o(.data) for ms5611_ok
    init.o(i.All_Init) refers to filter.o(.bss) for LPF2filter
    init.o(i.All_Init) refers to trance.o(.bss) for camera_Trance
    init.o(i.All_Init) refers to parameter.o(.bss) for pid_setup
    init.o(i.All_Init) refers to ultrasonic.o(.bss) for hight_PID_ctrl
    init.o(i.All_Init) refers to vl53l0.o(.bss) for GY_530
    init.o(i.All_Init) refers to warn.o(.bss) for Mode3_Switch
    main.o(i.main) refers to init.o(i.All_Init) for All_Init
    main.o(i.main) refers to scheduler.o(i.Duty_Loop) for Duty_Loop
    main.o(i.main) refers to main.o(.data) for Init_Finish
    scheduler.o(i.Duty_10ms) refers to data_transfer.o(i.Openmv_DT_Data_Receive_Anl) for Openmv_DT_Data_Receive_Anl
    scheduler.o(i.Duty_10ms) refers to warn.o(i.Auto_switch_2) for Auto_switch_2
    scheduler.o(i.Duty_10ms) refers to ak8975.o(i.ANO_AK8975_Read) for ANO_AK8975_Read
    scheduler.o(i.Duty_10ms) refers to data_transfer.o(.bss) for usart3_save
    scheduler.o(i.Duty_1ms) refers to time.o(i.Get_Cycle_T) for Get_Cycle_T
    scheduler.o(i.Duty_1ms) refers to fflt_clz.o(x$fpl$ffltu) for __aeabi_ui2f
    scheduler.o(i.Duty_1ms) refers to fdiv.o(x$fpl$fdiv) for __aeabi_fdiv
    scheduler.o(i.Duty_1ms) refers to data_transfer.o(i.ANO_DT_Data_Exchange) for ANO_DT_Data_Exchange
    scheduler.o(i.Duty_20ms) refers to time.o(i.Get_Cycle_T) for Get_Cycle_T
    scheduler.o(i.Duty_20ms) refers to fflt_clz.o(x$fpl$ffltu) for __aeabi_ui2f
    scheduler.o(i.Duty_20ms) refers to fdiv.o(x$fpl$fdiv) for __aeabi_fdiv
    scheduler.o(i.Duty_20ms) refers to inav.o(i.inav_calution) for inav_calution
    scheduler.o(i.Duty_20ms) refers to vl53l0.o(i.Hight_Duty) for Hight_Duty
    scheduler.o(i.Duty_20ms) refers to parameter.o(i.Parameter_Save) for Parameter_Save
    scheduler.o(i.Duty_2ms) refers to time.o(i.Get_Cycle_T) for Get_Cycle_T
    scheduler.o(i.Duty_2ms) refers to fflt_clz.o(x$fpl$ffltu) for __aeabi_ui2f
    scheduler.o(i.Duty_2ms) refers to fdiv.o(x$fpl$fdiv) for __aeabi_fdiv
    scheduler.o(i.Duty_2ms) refers to time.o(i.GetSysTime_us) for GetSysTime_us
    scheduler.o(i.Duty_2ms) refers to mpu6050.o(i.MPU6050_Read) for MPU6050_Read
    scheduler.o(i.Duty_2ms) refers to mpu6050.o(i.MPU6050_Data_Prepare) for MPU6050_Data_Prepare
    scheduler.o(i.Duty_2ms) refers to fmul.o(x$fpl$fmul) for __aeabi_fmul
    scheduler.o(i.Duty_2ms) refers to imu.o(i.IMUupdate) for IMUupdate
    scheduler.o(i.Duty_2ms) refers to ctrl.o(i.CTRL_1) for CTRL_1
    scheduler.o(i.Duty_2ms) refers to rc.o(i.RC_Duty) for RC_Duty
    scheduler.o(i.Duty_2ms) refers to scheduler.o(.bss) for test
    scheduler.o(i.Duty_2ms) refers to imu.o(.data) for Yaw
    scheduler.o(i.Duty_2ms) refers to mpu6050.o(.bss) for mpu6050
    scheduler.o(i.Duty_2ms) refers to pwm_in.o(.bss) for Rc_Pwm_In
    scheduler.o(i.Duty_50ms) refers to warn.o(i.CALIBRATE_duty) for CALIBRATE_duty
[...]
    MS5611_Reset                             0x08007511   Thumb Code    14  ms5611.o(i.MS5611_Reset)
    MS5611_Start_T                           0x0800751f   Thumb Code    14  ms5611.o(i.MS5611_Start_T)
    MemManage_Handler                        0x0800752d   Thumb Code     4  stm32f10x_it.o(i.MemManage_Handler)
    Mode_3_duty                              0x08007531   Thumb Code   562  trance.o(i.Mode_3_duty)
    NMI_Handler                              0x0800777d   Thumb Code     2  stm32f10x_it.o(i.NMI_Handler)
    NVIC_Init                                0x08007781   Thumb Code   100  misc.o(i.NVIC_Init)
    NVIC_PriorityGroupConfig                 0x080077f1   Thumb Code    10  misc.o(i.NVIC_PriorityGroupConfig)
    Openmv_DT_Data_Receive_Anl               0x08007805   Thumb Code    90  data_transfer.o(i.Openmv_DT_Data_Receive_Anl)
    Openmv_Data_Receive_Prepare              0x08007881   Thumb Code   142  data_transfer.o(i.Openmv_Data_Receive_Prepare)
    PID_Para_Init                            0x0800791d   Thumb Code    12  parameter.o(i.PID_Para_Init)
    PWM_IN_Init                              0x08007929   Thumb Code   690  pwm_in.o(i.PWM_IN_Init)
    PWM_Out_Init                             0x08007bed   Thumb Code   284  pwm_out.o(i.PWM_Out_Init)
    Para_Init                                0x08007d0d   Thumb Code    72  parameter.o(i.Para_Init)
    Para_ResetToFactorySetup                 0x08007d55   Thumb Code     8  parameter.o(i.Para_ResetToFactorySetup)
    Param_SaveAccelOffset                    0x08007d5d   Thumb Code    10  parameter.o(i.Param_SaveAccelOffset)
    Param_SaveGyroOffset                     0x08007d67   Thumb Code    10  parameter.o(i.Param_SaveGyroOffset)
    Param_SaveMagOffset                      0x08007d71   Thumb Code    10  parameter.o(i.Param_SaveMagOffset)
    Param_SavePID                            0x08007d7b   Thumb Code    28  parameter.o(i.Param_SavePID)
    Parameter_Save                           0x08007d99   Thumb Code    44  parameter.o(i.Parameter_Save)
    PendSV_Handler                           0x08007dcd   Thumb Code     2  stm32f10x_it.o(i.PendSV_Handler)
    RCC_APB1PeriphClockCmd                   0x08007dd1   Thumb Code    26  stm32f10x_rcc.o(i.RCC_APB1PeriphClockCmd)
    RCC_APB2PeriphClockCmd                   0x08007df1   Thumb Code    26  stm32f10x_rcc.o(i.RCC_APB2PeriphClockCmd)
    RCC_GetClocksFreq                        0x08007e11   Thumb Code   192  stm32f10x_rcc.o(i.RCC_GetClocksFreq)
    RC_Duty                                  0x08007ee5   Thumb Code  1130  rc.o(i.RC_Duty)
    SVC_Handler                              0x0800834f   Thumb Code     2  stm32f10x_it.o(i.SVC_Handler)
    SetPwm                                   0x08008351   Thumb Code   120  pwm_out.o(i.SetPwm)
    SysTick_CLKSourceConfig                  0x080084b9   Thumb Code    40  misc.o(i.SysTick_CLKSourceConfig)
    SysTick_Configuration                    0x080084e1   Thumb Code   104  time.o(i.SysTick_Configuration)
    SysTick_Handler                          0x08008551   Thumb Code    18  stm32f10x_it.o(i.SysTick_Handler)
    SystemInit                               0x08008569   Thumb Code    78  system_stm32f10x.o(i.SystemInit)
    TIM4_IRQHandler                          0x08008809   Thumb Code     8  stm32f10x_it.o(i.TIM4_IRQHandler)
    TIM8_CC_IRQHandler                       0x08008811   Thumb Code     8  stm32f10x_it.o(i.TIM8_CC_IRQHandler)
    TIM_ARRPreloadConfig                     0x08008819   Thumb Code    24  stm32f10x_tim.o(i.TIM_ARRPreloadConfig)
    TIM_Cmd                                  0x08008831   Thumb Code    24  stm32f10x_tim.o(i.TIM_Cmd)
    TIM_GetCapture1                          0x08008849   Thumb Code     6  stm32f10x_tim.o(i.TIM_GetCapture1)
    TIM_GetCapture2                          0x0800884f   Thumb Code     6  stm32f10x_tim.o(i.TIM_GetCapture2)
    TIM_GetCapture3                          0x08008855   Thumb Code     6  stm32f10x_tim.o(i.TIM_GetCapture3)
    TIM_GetCapture4                          0x0800885b   Thumb Code     8  stm32f10x_tim.o(i.TIM_GetCapture4)
    TIM_ICInit                               0x08008865   Thumb Code   150  stm32f10x_tim.o(i.TIM_ICInit)
    TIM_ITConfig                             0x08008911   Thumb Code    18  stm32f10x_tim.o(i.TIM_ITConfig)
    TIM_OC1Init                              0x08008925   Thumb Code   132  stm32f10x_tim.o(i.TIM_OC1Init)
    TIM_OC1PolarityConfig                    0x080089bd   Thumb Code    18  stm32f10x_tim.o(i.TIM_OC1PolarityConfig)
    TIM_OC1PreloadConfig                     0x080089cf   Thumb Code    18  stm32f10x_tim.o(i.TIM_OC1PreloadConfig)
    TIM_OC2Init                              0x080089e1   Thumb Code   154  stm32f10x_tim.o(i.TIM_OC2Init)
    TIM_OC2PolarityConfig                    0x08008a85   Thumb Code    26  stm32f10x_tim.o(i.TIM_OC2PolarityConfig)
    TIM_OC2PreloadConfig                     0x08008a9f   Thumb Code    26  stm32f10x_tim.o(i.TIM_OC2PreloadConfig)
    TIM_OC3Init                              0x08008ab9   Thumb Code   150  stm32f10x_tim.o(i.TIM_OC3Init)
    TIM_OC3PolarityConfig                    0x08008b59   Thumb Code    26  stm32f10x_tim.o(i.TIM_OC3PolarityConfig)
    TIM_OC3PreloadConfig                     0x08008b73   Thumb Code    18  stm32f10x_tim.o(i.TIM_OC3PreloadConfig)
    TIM_OC4Init                              0x08008b85   Thumb Code   114  stm32f10x_tim.o(i.TIM_OC4Init)
    TIM_OC4PolarityConfig                    0x08008c01   Thumb Code    26  stm32f10x_tim.o(i.TIM_OC4PolarityConfig)
    TIM_OC4PreloadConfig                     0x08008c1b   Thumb Code    26  stm32f10x_tim.o(i.TIM_OC4PreloadConfig)
    TIM_OCStructInit                         0x08008c35   Thumb Code    20  stm32f10x_tim.o(i.TIM_OCStructInit)
    TIM_SetIC1Prescaler                      0x08008c49   Thumb Code    18  stm32f10x_tim.o(i.TIM_SetIC1Prescaler)
    TIM_SetIC2Prescaler                      0x08008c5b   Thumb Code    26  stm32f10x_tim.o(i.TIM_SetIC2Prescaler)
    TIM_SetIC3Prescaler                      0x08008c75   Thumb Code    18  stm32f10x_tim.o(i.TIM_SetIC3Prescaler)
    TIM_SetIC4Prescaler                      0x08008c87   Thumb Code    26  stm32f10x_tim.o(i.TIM_SetIC4Prescaler)
    TIM_TimeBaseInit                         0x08008ca1   Thumb Code   122  stm32f10x_tim.o(i.TIM_TimeBaseInit)
    TIM_TimeBaseStructInit                   0x08008d45   Thumb Code    18  stm32f10x_tim.o(i.TIM_TimeBaseStructInit)
    To_180_degrees                           0x08008d59   Thumb Code    48  mymath.o(i.To_180_degrees)
    Transform                                0x08008d95   Thumb Code    14  mpu6050.o(i.Transform)
    UART5_IRQHandler                         0x08008da3   Thumb Code     2  stm32f10x_it.o(i.UART5_IRQHandler)
    USART1_IRQHandler                        0x08008da5   Thumb Code     8  stm32f10x_it.o(i.USART1_IRQHandler)
    USART2_IRQHandler                        0x08008dad   Thumb Code   126  usart.o(i.USART2_IRQHandler)
    USART3_IRQHandler                        0x08008e45   Thumb Code   130  usart.o(i.USART3_IRQHandler)
    USART_ClearFlag                          0x08008edd   Thumb Code    18  stm32f10x_usart.o(i.USART_ClearFlag)
    USART_ClearITPendingBit                  0x08008eef   Thumb Code    30  stm32f10x_usart.o(i.USART_ClearITPendingBit)
    USART_Cmd                                0x08008f0d   Thumb Code    24  stm32f10x_usart.o(i.USART_Cmd)
    USART_GetFlagStatus                      0x08008f25   Thumb Code    26  stm32f10x_usart.o(i.USART_GetFlagStatus)
    USART_GetITStatus                        0x08008f3f   Thumb Code    84  stm32f10x_usart.o(i.USART_GetITStatus)
    USART_ITConfig                           0x08008f93   Thumb Code    74  stm32f10x_usart.o(i.USART_ITConfig)
    USART_Init                               0x08008fdd   Thumb Code   210  stm32f10x_usart.o(i.USART_Init)
    Uart2_Init                               0x080090b5   Thumb Code   178  usart.o(i.Uart2_Init)
    Uart3_Init                               0x08009171   Thumb Code   182  usart.o(i.Uart3_Init)
    UsageFault_Handler                       0x08009235   Thumb Code     4  stm32f10x_it.o(i.UsageFault_Handler)
    Usart1_IRQ                               0x08009239   Thumb Code   120  usart.o(i.Usart1_IRQ)
    Usart1_Init                              0x080092c1   Thumb Code   156  usart.o(i.Usart1_Init)
    Usart1_Send                              0x08009365   Thumb Code    62  usart.o(i.Usart1_Send)
    _TIM4_IRQHandler                         0x080093b1   Thumb Code   618  pwm_in.o(i._TIM4_IRQHandler)
    _TIM8_CC_IRQHandler                      0x08009655   Thumb Code   618  pwm_in.o(i._TIM8_CC_IRQHandler)
    __ARM_fpclassify                         0x080098f9   Thumb Code    40  fpclassify.o(i.__ARM_fpclassify)
    __ARM_fpclassifyf                        0x08009921   Thumb Code    38  fpclassifyf.o(i.__ARM_fpclassifyf)
    __kernel_poly                            0x08009947   Thumb Code   170  poly.o(i.__kernel_poly)
    __mathlib_dbl_infnan                     0x080099f1   Thumb Code     6  dunder.o(i.__mathlib_dbl_infnan)
    __mathlib_dbl_invalid                    0x080099f7   Thumb Code    12  dunder.o(i.__mathlib_dbl_invalid)
    __mathlib_dbl_underflow                  0x08009a05   Thumb Code    10  dunder.o(i.__mathlib_dbl_underflow)
    __mathlib_flt_infnan                     0x08009a15   Thumb Code     6  funder.o(i.__mathlib_flt_infnan)
    __mathlib_flt_invalid                    0x08009a1b   Thumb Code     8  funder.o(i.__mathlib_flt_invalid)
    __mathlib_flt_underflow                  0x08009a23   Thumb Code    10  funder.o(i.__mathlib_flt_underflow)
    __mathlib_rredf2                         0x08009a2d   Thumb Code   344  rredf.o(i.__mathlib_rredf2)
    asin                                     0x08009b95   Thumb Code   572  asin.o(i.asin)
    camera_shell_pid                         0x08009e05   Thumb Code   446  trance.o(i.camera_shell_pid)
    cosf                                     0x08009fe9   Thumb Code   328  cosf.o(i.cosf)
    direction_control                        0x0800a165   Thumb Code   334  trance.o(i.direction_control)
    fast_atan2                               0x0800a2e9   Thumb Code   344  mymath.o(i.fast_atan2)
    h_pid_init                               0x0800a455   Thumb Code   162  height_ctrl.o(i.h_pid_init)
    hight_ctrl                               0x0800a521   Thumb Code   200  ultrasonic.o(i.hight_ctrl)
    iirLPFilterSingle                        0x0800a609   Thumb Code    50  filter.o(i.iirLPFilterSingle)
    imuAccIIRLPFilter                        0x0800a63b   Thumb Code    56  filter.o(i.imuAccIIRLPFilter)
    inav_calution                            0x0800a675   Thumb Code    70  inav.o(i.inav_calution)
    inav_correct                             0x0800a6d5   Thumb Code   110  inav.o(i.inav_correct)
    inav_predict                             0x0800a749   Thumb Code   120  inav.o(i.inav_predict)
    light_sound_init                         0x0800a7c9   Thumb Code    50  warn.o(i.light_sound_init)
    lpf2pInit                                0x0800a801   Thumb Code    36  filter.o(i.lpf2pInit)
    lpf2pSetCutoffFreq                       0x0800a825   Thumb Code   234  filter.o(i.lpf2pSetCutoffFreq)
    main                                     0x0800a919   Thumb Code    16  main.o(i.main)
    mode3_flight_duty                        0x0800a92d   Thumb Code   280  trance.o(i.mode3_flight_duty)
    mode_check                               0x0800aa61   Thumb Code   230  fly_mode.o(i.mode_check)
    my_abs                                   0x0800ab7d   Thumb Code    24  mymath.o(i.my_abs)
    my_deathzoom                             0x0800ab95   Thumb Code    72  mymath.o(i.my_deathzoom)
    my_deathzoom_2                           0x0800abdd   Thumb Code    62  mymath.o(i.my_deathzoom_2)
    my_sqrt                                  0x0800ac1d   Thumb Code   114  mymath.o(i.my_sqrt)
    myself_Thr_Ctrl                          0x0800ac95   Thumb Code   560  ctrl.o(i.myself_Thr_Ctrl)
    set_light_sound                          0x0800af19   Thumb Code    78  warn.o(i.set_light_sound)
    simple_3d_trans                          0x0800af71   Thumb Code   252  filter.o(i.simple_3d_trans)
    sqrt                                     0x0800b079   Thumb Code    76  sqrt.o(i.sqrt)
    switch_init                              0x0800b0c5   Thumb Code   204  warn.o(i.switch_init)
    sys_time                                 0x0800b199   Thumb Code   126  time.o(i.sys_time)
    tanf                                     0x0800b22d   Thumb Code   314  tanf.o(i.tanf)
    _get_lc_ctype                            0x0800b3a1   Thumb Code    44  lc_ctype_c.o(locale$$code)
    __aeabi_d2f                              0x0800b3cd   Thumb Code     0  d2f.o(x$fpl$d2f)
    _d2f                                     0x0800b3cd   Thumb Code    98  d2f.o(x$fpl$d2f)
    __aeabi_dadd                             0x0800b431   Thumb Code     0  daddsub_clz.o(x$fpl$dadd)
    _dadd                                    0x0800b431   Thumb Code   332  daddsub_clz.o(x$fpl$dadd)
    __fpl_dcheck_NaN1                        0x0800b581   Thumb Code    10  dcheck1.o(x$fpl$dcheck1)
    __aeabi_ddiv                             0x0800b591   Thumb Code     0  ddiv.o(x$fpl$ddiv)
    _ddiv                                    0x0800b591   Thumb Code   552  ddiv.o(x$fpl$ddiv)
    __aeabi_i2d                              0x0800b841   Thumb Code     0  dflt_clz.o(x$fpl$dflt)
    _dflt                                    0x0800b841   Thumb Code    46  dflt_clz.o(x$fpl$dflt)
    __aeabi_dmul                             0x0800b871   Thumb Code     0  dmul.o(x$fpl$dmul)
    _dmul                                    0x0800b871   Thumb Code   332  dmul.o(x$fpl$dmul)
    __fpl_dnaninf                            0x0800b9c5   Thumb Code   156  dnaninf.o(x$fpl$dnaninf)
    __fpl_dretinf                            0x0800ba61   Thumb Code    12  dretinf.o(x$fpl$dretinf)
    __aeabi_drsub                            0x0800ba6d   Thumb Code     0  daddsub_clz.o(x$fpl$drsb)
    _drsb                                    0x0800ba6d   Thumb Code    22  daddsub_clz.o(x$fpl$drsb)
    _dsqrt                                   0x0800ba85   Thumb Code   456  dsqrt_noumaal.o(x$fpl$dsqrt)
    __aeabi_dsub                             0x0800bc51   Thumb Code     0  daddsub_clz.o(x$fpl$dsub)
    _dsub                                    0x0800bc51   Thumb Code   464  daddsub_clz.o(x$fpl$dsub)
    __aeabi_f2d                              0x0800be25   Thumb Code     0  f2d.o(x$fpl$f2d)
    _f2d                                     0x0800be25   Thumb Code    86  f2d.o(x$fpl$f2d)
    __aeabi_fadd                             0x0800be7d   Thumb Code     0  faddsub_clz.o(x$fpl$fadd)
    _fadd                                    0x0800be7d   Thumb Code   196  faddsub_clz.o(x$fpl$fadd)
    __fpl_fcheck_NaN1                        0x0800bf41   Thumb Code     6  fcheck1.o(x$fpl$fcheck1)
    __fpl_fcmp_Inf                           0x0800bf4d   Thumb Code    24  fcmpi.o(x$fpl$fcmpinf)
    __aeabi_fdiv                             0x0800bf65   Thumb Code     0  fdiv.o(x$fpl$fdiv)
    _fdiv                                    0x0800bf65   Thumb Code   384  fdiv.o(x$fpl$fdiv)
    __aeabi_cfcmpeq                          0x0800c0e9   Thumb Code     0  feqf.o(x$fpl$feqf)
    _fcmpeq                                  0x0800c0e9   Thumb Code   104  feqf.o(x$fpl$feqf)
    __aeabi_f2iz                             0x0800c151   Thumb Code     0  ffix.o(x$fpl$ffix)
    _ffix                                    0x0800c151   Thumb Code    54  ffix.o(x$fpl$ffix)
    __aeabi_f2uiz                            0x0800c189   Thumb Code     0  ffixu.o(x$fpl$ffixu)
    _ffixu                                   0x0800c189   Thumb Code    62  ffixu.o(x$fpl$ffixu)
    __aeabi_i2f                              0x0800c1c9   Thumb Code     0  fflt_clz.o(x$fpl$fflt)
    _fflt                                    0x0800c1c9   Thumb Code    48  fflt_clz.o(x$fpl$fflt)
    __aeabi_ui2f                             0x0800c1f9   Thumb Code     0  fflt_clz.o(x$fpl$ffltu)
    _ffltu                                   0x0800c1f9   Thumb Code    38  fflt_clz.o(x$fpl$ffltu)
    __aeabi_cfcmple                          0x0800c221   Thumb Code     0  fleqf.o(x$fpl$fleqf)
    _fcmple                                  0x0800c221   Thumb Code   104  fleqf.o(x$fpl$fleqf)
    __fpl_fcmple_InfNaN                      0x0800c273   Thumb Code     0  fleqf.o(x$fpl$fleqf)
    __aeabi_fmul                             0x0800c289   Thumb Code     0  fmul.o(x$fpl$fmul)
    _fmul                                    0x0800c289   Thumb Code   258  fmul.o(x$fpl$fmul)
    __fpl_fnaninf                            0x0800c38b   Thumb Code   140  fnaninf.o(x$fpl$fnaninf)
    __fpl_fretinf                            0x0800c417   Thumb Code    10  fretinf.o(x$fpl$fretinf)
    __aeabi_cfrcmple                         0x0800c421   Thumb Code     0  frleqf.o(x$fpl$frleqf)
    _frcmple                                 0x0800c421   Thumb Code    98  frleqf.o(x$fpl$frleqf)
    _frnd                                    0x0800c485   Thumb Code    96  frnd.o(x$fpl$frnd)
    __aeabi_frsub                            0x0800c4e5   Thumb Code     0  faddsub_clz.o(x$fpl$frsb)
    _frsb                                    0x0800c4e5   Thumb Code    20  faddsub_clz.o(x$fpl$frsb)
    __aeabi_fsub                             0x0800c4f9   Thumb Code     0  faddsub_clz.o(x$fpl$fsub)
    _fsub                                    0x0800c4f9   Thumb Code   234  faddsub_clz.o(x$fpl$fsub)
    __fpl_return_NaN                         0x0800c5e3   Thumb Code   100  retnan.o(x$fpl$retnan)
    __ARM_scalbn                             0x0800c647   Thumb Code    92  scalbn.o(x$fpl$scalbn)
    __ARM_scalbnf                            0x0800c6a3   Thumb Code    76  scalbnf.o(x$fpl$scalbnf)
    __fpl_cmpreturn                          0x0800c6ef   Thumb Code    48  trapv.o(x$fpl$trapveneer)
    __I$use$fp                               0x0800c71e   Number         0  usenofp.o(x$fpl$usenofp)
    Region$$Table$$Base                      0x0800c790   Number         0  anon$$obj.o(Region$$Table)
    Region$$Table$$Limit                     0x0800c7b0   Number         0  anon$$obj.o(Region$$Table)
    __ctype                                  0x0800c7bd   Data           0  lc_ctype_c.o(locale$$data)
    Init_Finish                              0x20000000   Data           1  main.o(.data)
    loop_cnt                                 0x20000002   Data           2  scheduler.o(.data)
    thr_value_up                             0x20000004   Data           1  ctrl.o(.data)
    thr_value                                0x20000008   Data           4  ctrl.o(.data)
    thr_value_old                            0x2000000c   Data           4  ctrl.o(.data)
    Thr_Low                                  0x20000010   Data           1  ctrl.o(.data)
    Thr_Weight                               0x20000014   Data           4  ctrl.o(.data)
    Roll                                     0x20000028   Data           4  imu.o(.data)
    Pitch                                    0x2000002c   Data           4  imu.o(.data)
    Yaw                                      0x20000030   Data           4  imu.o(.data)
    ref_q                                    0x20000034   Data          16  imu.o(.data)
    norm_acc                                 0x20000044   Data           4  imu.o(.data)
    norm_q                                   0x20000048   Data           4  imu.o(.data)
    norm_acc_lpf                             0x2000004c   Data           4  imu.o(.data)
    mag_norm                                 0x20000050   Data           4  imu.o(.data)
    mag_norm_xyz                             0x20000054   Data           4  imu.o(.data)
    acc_vector                               0x20000058   Data           4  imu.o(.data)
    acc_ng_cali                              0x2000005c   Data           1  imu.o(.data)
    fast_atan_table                          0x20000068   Data        1028  mymath.o(.data)
    checkdata_to_send                        0x2000046c   Data           1  data_transfer.o(.data)
    checksum_to_send                         0x2000046d   Data           1  data_transfer.o(.data)
    Openmv_err_x                             0x2000046e   Data           2  data_transfer.o(.data)
    Openmv_err_y                             0x20000470   Data           2  data_transfer.o(.data)
    protec_data                              0x20000474   Data           4  data_transfer.o(.data)
    a                                        0x20000478   Data           4  data_transfer.o(.data)
    b                                        0x2000047c   Data           4  data_transfer.o(.data)
    c                                        0x20000480   Data           4  data_transfer.o(.data)
    d                                        0x20000484   Data           4  data_transfer.o(.data)
    Openmv_err_flag                          0x20000488   Data           1  data_transfer.o(.data)
    camera_time                              0x2000048c   Data           4  data_transfer.o(.data)
    wz_acc_temp                              0x20000490   Data           4  data_transfer.o(.data)
    wz_acc1                                  0x20000494   Data           4  data_transfer.o(.data)
    flash_save_en_cnt                        0x20000498   Data           2  data_transfer.o(.data)
    CH_in_Mapping                            0x200004b0   Data           8  rc.o(.data)
    rc_lose                                  0x200004b8   Data           1  rc.o(.data)
    NS                                       0x200004b9   Data           1  rc.o(.data)
    CH_Error                                 0x200004ba   Data           8  rc.o(.data)
    NS_cnt                                   0x200004c2   Data           2  rc.o(.data)
    MAX_CH                                   0x200004c4   Data          16  rc.o(.data)
    MIN_CH                                   0x200004d4   Data          16  rc.o(.data)
    CH_DIR                                   0x200004e4   Data           8  rc.o(.data)
    filter_A                                 0x200004ec   Data           4  rc.o(.data)
    fly_ready                                0x200004f0   Data           1  rc.o(.data)
    thr_stick_low                            0x200004f1   Data           1  rc.o(.data)
    ready_cnt                                0x200004f2   Data           2  rc.o(.data)
    mag_cali_cnt                             0x200004f4   Data           2  rc.o(.data)
    locked_cnt                               0x200004f6   Data           2  rc.o(.data)
    accelLPF                                 0x200004f8   Data           6  filter.o(.data)
    gyroLPF                                  0x200004fe   Data           6  filter.o(.data)
    imuAccLpfAttFactor                       0x20000504   Data           1  filter.o(.data)
    HT_med_fil_cnt                           0x20000505   Data           4  filter.o(.data)
    set_height_e                             0x20000514   Data           4  height_ctrl.o(.data)
    set_height_em                            0x20000518   Data           4  height_ctrl.o(.data)
    set_speed_t                              0x2000051c   Data           4  height_ctrl.o(.data)
    set_speed                                0x20000520   Data           4  height_ctrl.o(.data)
    exp_speed                                0x20000524   Data           4  height_ctrl.o(.data)
    fb_speed                                 0x20000528   Data           4  height_ctrl.o(.data)
    exp_acc                                  0x2000052c   Data           4  height_ctrl.o(.data)
    fb_acc                                   0x20000530   Data           4  height_ctrl.o(.data)
    fb_speed_old                             0x20000534   Data           4  height_ctrl.o(.data)
    thr_take_off_f                           0x20000538   Data           1  height_ctrl.o(.data)
    auto_take_off                            0x20000539   Data           1  height_ctrl.o(.data)
    auto_land                                0x2000053a   Data           1  height_ctrl.o(.data)
    height_ref                               0x2000053c   Data           4  height_ctrl.o(.data)
    thr_set                                  0x20000540   Data           4  height_ctrl.o(.data)
    thr_pid_out                              0x20000544   Data           4  height_ctrl.o(.data)
    thr_out                                  0x20000548   Data           4  height_ctrl.o(.data)
    thr_take_off                             0x2000054c   Data           4  height_ctrl.o(.data)
    tilted_fix                               0x20000550   Data           4  height_ctrl.o(.data)
    en_old                                   0x20000554   Data           4  height_ctrl.o(.data)
    ex_i_en_f                                0x20000558   Data           1  height_ctrl.o(.data)
    ex_i_en                                  0x20000559   Data           1  height_ctrl.o(.data)
    flag                                     0x2000055a   Data           1  height_ctrl.o(.data)
    height_ctrl_out                          0x2000055c   Data           4  height_ctrl.o(.data)
    wz_acc                                   0x20000560   Data           4  height_ctrl.o(.data)
    keepheight_thr                           0x20000564   Data           4  height_ctrl.o(.data)
    lock                                     0x20000568   Data           1  height_ctrl.o(.data)
    exp_height_speed                         0x2000056c   Data           4  height_ctrl.o(.data)
    exp_height                               0x20000570   Data           4  height_ctrl.o(.data)
    ultra_speed                              0x20000574   Data           4  height_ctrl.o(.data)
    ultra_speed_acc                          0x20000578   Data           4  height_ctrl.o(.data)
    ultra_dis_lpf                            0x2000057c   Data           4  height_ctrl.o(.data)
    ultra_ctrl_out                           0x20000580   Data           4  height_ctrl.o(.data)
    wz_acc_mms2                              0x20000584   Data           4  height_ctrl.o(.data)
    tempacc_lpf                              0x20000588   Data           4  height_ctrl.o(.data)
    lock_spd_crl                             0x2000058c   Data           1  height_ctrl.o(.data)
    baro_height                              0x20000590   Data           4  height_ctrl.o(.data)
    lock_BARO                                0x20000594   Data           1  height_ctrl.o(.data)
    baro_dis_lpf                             0x20000598   Data           4  height_ctrl.o(.data)
    baro_dis_kalman                          0x2000059c   Data           4  height_ctrl.o(.data)
    baro_ctrl_out                            0x200005a0   Data           4  height_ctrl.o(.data)
    baro_cnt                                 0x200005a4   Data           4  height_ctrl.o(.data)
    acc_cnt                                  0x200005a8   Data           4  height_ctrl.o(.data)
    baro_speed                               0x200005ac   Data           4  height_ctrl.o(.data)
    baro_speed_lpf                           0x200005b0   Data           4  height_ctrl.o(.data)
    Pressure_groud                           0x200005b4   Data           4  height_ctrl.o(.data)
    mode_state                               0x200005ec   Data           1  fly_mode.o(.data)
    mode_state_old                           0x200005ed   Data           1  fly_mode.o(.data)
    change_Hight_data                        0x200005ee   Data           1  fly_mode.o(.data)
    AUX1_data                                0x200005f0   Data           4  fly_mode.o(.data)
    AUX1_data_old                            0x200005f4   Data           4  fly_mode.o(.data)
    AUX2_data                                0x200005f8   Data           4  fly_mode.o(.data)
    AUX2_data_old                            0x200005fc   Data           4  fly_mode.o(.data)
    change_CCD_data                          0x20000600   Data           1  fly_mode.o(.data)
    sonar_av_cnt                             0x20000604   Data           2  anotc_baro_ctrl.o(.data)
    sonar_f_set                              0x20000608   Data          24  anotc_baro_ctrl.o(.data)
    baro_av_cnt                              0x20000620   Data           2  anotc_baro_ctrl.o(.data)
    baro_f_set                               0x20000624   Data          24  anotc_baro_ctrl.o(.data)
    sonar_weight                             0x2000063c   Data           4  anotc_baro_ctrl.o(.data)
    wz_speed                                 0x20000640   Data           4  anotc_baro_ctrl.o(.data)
    baro_com_val                             0x20000644   Data           4  anotc_baro_ctrl.o(.data)
    usart3_enable                            0x20000658   Data           1  trance.o(.data)
    usart3_err                               0x20000659   Data           1  trance.o(.data)
    x_dis                                    0x20000670   Data           8  inav.o(.data)
    err_x                                    0x20000678   Data           4  inav.o(.data)
    error_check                              0x2000067c   Data           1  24cxx.o(.data)
    ak8975                                   0x20000680   Data          44  ak8975.o(.data)
    ak8975_ok                                0x200006ac   Data           1  ak8975.o(.data)
    Mag_CALIBRATED                           0x200006ad   Data           1  ak8975.o(.data)
    OF_QUA                                   0x200006cc   Data           1  ano_of.o(.data)
    OF_LIGHT                                 0x200006cd   Data           1  ano_of.o(.data)
    OF_DX                                    0x200006ce   Data           1  ano_of.o(.data)
    OF_DY                                    0x200006cf   Data           1  ano_of.o(.data)
    OF_DX2                                   0x200006d0   Data           2  ano_of.o(.data)
    OF_DY2                                   0x200006d2   Data           2  ano_of.o(.data)
    OF_DX2FIX                                0x200006d4   Data           2  ano_of.o(.data)
    OF_DY2FIX                                0x200006d6   Data           2  ano_of.o(.data)
    OF_ALT                                   0x200006d8   Data           2  ano_of.o(.data)
    OF_ALT2                                  0x200006da   Data           2  ano_of.o(.data)
    OF_GYR_X                                 0x200006dc   Data           2  ano_of.o(.data)
    OF_GYR_Y                                 0x200006de   Data           2  ano_of.o(.data)
    OF_GYR_Z                                 0x200006e0   Data           2  ano_of.o(.data)
    OF_GYR_X2                                0x200006e2   Data           2  ano_of.o(.data)
    OF_GYR_Y2                                0x200006e4   Data           2  ano_of.o(.data)
    OF_GYR_Z2                                0x200006e6   Data           2  ano_of.o(.data)
    OF_ACC_X                                 0x200006e8   Data           2  ano_of.o(.data)
    OF_ACC_Y                                 0x200006ea   Data           2  ano_of.o(.data)
    OF_ACC_Z                                 0x200006ec   Data           2  ano_of.o(.data)
    OF_ACC_X2                                0x200006ee   Data           2  ano_of.o(.data)
    OF_ACC_Y2                                0x200006f0   Data           2  ano_of.o(.data)
    OF_ACC_Z2                                0x200006f2   Data           2  ano_of.o(.data)
    OF_ATT_ROL                               0x200006f4   Data           4  ano_of.o(.data)
    OF_ATT_PIT                               0x200006f8   Data           4  ano_of.o(.data)
    OF_ATT_YAW                               0x200006fc   Data           4  ano_of.o(.data)
    OF_ATT_S1                                0x20000700   Data           4  ano_of.o(.data)
    OF_ATT_S2                                0x20000704   Data           4  ano_of.o(.data)
    OF_ATT_S3                                0x20000708   Data           4  ano_of.o(.data)
    OF_ATT_S4                                0x2000070c   Data           4  ano_of.o(.data)
    Ano_OF_time                              0x20000710   Data           4  ano_of.o(.data)
    Ano_OF_dis_x                             0x20000714   Data           4  ano_of.o(.data)
    Ano_OF_dis_y                             0x20000718   Data           4  ano_of.o(.data)
    I2C_FastMode                             0x2000071f   Data           1  i2c_soft.o(.data)
    led_accuracy                             0x20000720   Data           2  led.o(.data)
    LED_Brightness                           0x20000724   Data          16  led.o(.data)
    light                                    0x20000744   Data           3  led.o(.data)
    mpu6050_ok                               0x2000075c   Data           1  mpu6050.o(.data)
    acc_sum_cnt                              0x2000075e   Data           2  mpu6050.o(.data)
    gyro_sum_cnt                             0x20000760   Data           2  mpu6050.o(.data)
    filter_cnt                               0x20000762   Data           1  mpu6050.o(.data)
    filter_cnt_old                           0x20000763   Data           1  mpu6050.o(.data)
    test_ang                                 0x20000764   Data           4  mpu6050.o(.data)
    test_ang_old                             0x20000768   Data           4  mpu6050.o(.data)
    test_ang_d                               0x2000076c   Data           4  mpu6050.o(.data)
    test_fli_a                               0x20000770   Data           4  mpu6050.o(.data)
    test_i                                   0x20000774   Data           4  mpu6050.o(.data)
    baro_height_old                          0x20000778   Data           4  ms5611.o(.data)
    baro_Offset                              0x2000077c   Data           4  ms5611.o(.data)
    ms5611_ut                                0x20000780   Data           4  ms5611.o(.data)
    ms5611_up                                0x20000784   Data           4  ms5611.o(.data)
    t_rxbuf                                  0x20000788   Data           3  ms5611.o(.data)
    p_rxbuf                                  0x2000078b   Data           3  ms5611.o(.data)
    ms5611_ok                                0x2000078e   Data           1  ms5611.o(.data)
    temperature_5611                         0x20000790   Data           4  ms5611.o(.data)
    moavcnt                                  0x20000794   Data           2  ms5611.o(.data)
    TIM8CH1_CAPTURE_STA                      0x2000079e   Data           1  pwm_in.o(.data)
    TIM8CH2_CAPTURE_STA                      0x2000079f   Data           1  pwm_in.o(.data)
    TIM8CH3_CAPTURE_STA                      0x200007a0   Data           1  pwm_in.o(.data)
    TIM8CH4_CAPTURE_STA                      0x200007a1   Data           1  pwm_in.o(.data)
    TIM4CH1_CAPTURE_STA                      0x200007a2   Data           1  pwm_in.o(.data)
    TIM4CH2_CAPTURE_STA                      0x200007a3   Data           1  pwm_in.o(.data)
    TIM4CH3_CAPTURE_STA                      0x200007a4   Data           1  pwm_in.o(.data)
    TIM4CH4_CAPTURE_STA                      0x200007a5   Data           1  pwm_in.o(.data)
    CH_out_Mapping                           0x200007c6   Data           4  pwm_out.o(.data)
    sysTickUptime                            0x200007cc   Data           4  time.o(.data)
    time_1h                                  0x200007d0   Data           4  time.o(.data)
    time_1m                                  0x200007d4   Data           4  time.o(.data)
    time_1s                                  0x200007d8   Data           4  time.o(.data)
    time_1ms                                 0x200007dc   Data           4  time.o(.data)
    TxCounter                                0x200007e0   Data           1  usart.o(.data)
    count                                    0x200007e1   Data           1  usart.o(.data)
    Tx5Counter                               0x200007e2   Data           1  usart.o(.data)
    count5                                   0x200007e3   Data           1  usart.o(.data)
    mid_line                                 0x200007e4   Data           1  usart.o(.data)
    CCD_OK_flag                              0x200007e5   Data           1  usart.o(.data)
    CCD_ctrl_time                            0x200007e8   Data           4  usart.o(.data)
    Tx3Counter                               0x200007ec   Data           1  usart.o(.data)
    count3                                   0x200007ed   Data           1  usart.o(.data)
    loop                                     0x20000804   Data          18  scheduler.o(.bss)
    test                                     0x20000818   Data          20  scheduler.o(.bss)
    sensor_setup                             0x2000082c   Data          64  parameter.o(.bss)
    pid_setup                                0x2000086c   Data         208  parameter.o(.bss)
    ctrl_1                                   0x200029b0   Data         196  ctrl.o(.bss)
    ctrl_2                                   0x20002a74   Data         196  ctrl.o(.bss)
    except_A                                 0x20002b38   Data          12  ctrl.o(.bss)
    Fix_point_except                         0x20002b44   Data          12  ctrl.o(.bss)
    ctrl_angle_offset                        0x20002b50   Data          12  ctrl.o(.bss)
    compensation                             0x20002b5c   Data          12  ctrl.o(.bss)
    except_AS                                0x20002b68   Data          12  ctrl.o(.bss)
    g_old                                    0x20002b74   Data          28  ctrl.o(.bss)
    motor                                    0x20002b90   Data          16  ctrl.o(.bss)
    posture_value                            0x20002ba0   Data          16  ctrl.o(.bss)
    curve                                    0x20002bb0   Data          16  ctrl.o(.bss)
    reference_v                              0x20002bc0   Data          12  imu.o(.bss)
    ref                                      0x20002bcc   Data          60  imu.o(.bss)
    mag_sim_3d                               0x20002c08   Data          12  imu.o(.bss)
    acc_3d_hg                                0x20002c14   Data          12  imu.o(.bss)
    acc_ng                                   0x20002c20   Data          12  imu.o(.bss)
    acc_ng_offset                            0x20002c2c   Data          12  imu.o(.bss)
    f                                        0x20002c44   Data          18  data_transfer.o(.bss)
    data_to_send                             0x20002c56   Data          50  data_transfer.o(.bss)
    usart3_save                              0x20002c88   Data          50  data_transfer.o(.bss)
    camera_PID_data                          0x20002cbc   Data          16  data_transfer.o(.bss)
    RX_CH                                    0x20002ccc   Data          16  data_transfer.o(.bss)
    CH                                       0x20002d40   Data          16  rc.o(.bss)
    CH_Old                                   0x20002d50   Data          32  rc.o(.bss)
    CH_filter                                0x20002d70   Data          32  rc.o(.bss)
    CH_filter_Old                            0x20002d90   Data          32  rc.o(.bss)
    CH_filter_D                              0x20002db0   Data          32  rc.o(.bss)
    CLR_CH_Error                             0x20002dd0   Data          16  rc.o(.bss)
    accelStoredFilterValues                  0x20002df0   Data          12  filter.o(.bss)
    HT_med_filter_tmp                        0x20002dfc   Data         176  filter.o(.bss)
    HT_med_filter_out                        0x20002eac   Data          16  filter.o(.bss)
    LPF2filter                               0x20002ebc   Data          28  filter.o(.bss)
    hc_value                                 0x20002ed8   Data          24  height_ctrl.o(.bss)
    h_acc_arg                                0x20002ef0   Data          28  height_ctrl.o(.bss)
    h_speed_arg                              0x20002f0c   Data          28  height_ctrl.o(.bss)
    h_height_arg                             0x20002f28   Data          28  height_ctrl.o(.bss)
    h_acc_val                                0x20002f44   Data          36  height_ctrl.o(.bss)
    h_speed_val                              0x20002f68   Data          36  height_ctrl.o(.bss)
    h_height_val                             0x20002f8c   Data          36  height_ctrl.o(.bss)
    HT_HAWK                                  0x20002fb0   Data         120  height_ctrl.o(.bss)
    baro_speed_arr                           0x20003028   Data          44  height_ctrl.o(.bss)
    acc_speed_arr                            0x20003054   Data         204  height_ctrl.o(.bss)
    mode_value                               0x20003120   Data          10  fly_mode.o(.bss)
    sonar_av_arr                             0x2000312c   Data         200  anotc_baro_ctrl.o(.bss)
    sonar                                    0x200031f4   Data          24  anotc_baro_ctrl.o(.bss)
    sonar_fusion                             0x2000320c   Data          68  anotc_baro_ctrl.o(.bss)
    baro_av_arr                              0x20003250   Data         400  anotc_baro_ctrl.o(.bss)
    baro_p                                   0x200033e0   Data          24  anotc_baro_ctrl.o(.bss)
    baro_fusion                              0x200033f8   Data          68  anotc_baro_ctrl.o(.bss)
    CCD_CTRL_PID                             0x2000343c   Data          88  trance.o(.bss)
    CCD_CTRL_PID_H                           0x20003494   Data          88  trance.o(.bss)
    camera_Trance                            0x200034ec   Data         108  trance.o(.bss)
    Duty                                     0x20003558   Data          12  trance.o(.bss)
    mode_3_duty                              0x20003564   Data          20  trance.o(.bss)
    Switch                                   0x20003578   Data          12  warn.o(.bss)
    Switch2                                  0x20003584   Data          12  warn.o(.bss)
    Switch3                                  0x20003590   Data          12  warn.o(.bss)
    Mode3_Switch                             0x2000359c   Data          12  warn.o(.bss)
    mpu6050                                  0x200035e8   Data         164  mpu6050.o(.bss)
    mpu6050_buffer                           0x2000368c   Data          14  mpu6050.o(.bss)
    sum_temp                                 0x2000369c   Data          28  mpu6050.o(.bss)
    FILT_BUF                                 0x200036b8   Data         154  mpu6050.o(.bss)
    mpu6050_tmp                              0x20003754   Data          28  mpu6050.o(.bss)
    mpu_fil_tmp                              0x20003770   Data          28  mpu6050.o(.bss)
    ms5611_prom                              0x2000378c   Data          16  ms5611.o(.bss)
    baro                                     0x2000379c   Data          20  ms5611.o(.bss)
    mo_av_baro                               0x200037b0   Data          20  ms5611.o(.bss)
    Rc_Pwm_In                                0x200037c4   Data          16  pwm_in.o(.bss)
    Cycle_T                                  0x200037d4   Data         120  time.o(.bss)
    ultra                                    0x2000384c   Data          20  ultrasonic.o(.bss)
    hight_PID_ctrl                           0x20003860   Data          80  ultrasonic.o(.bss)
    TxBuffer                                 0x200038b0   Data         256  usart.o(.bss)
    Rx_Buf                                   0x200039b0   Data         256  usart.o(.bss)
    Tx5Buffer                                0x20003ab0   Data         256  usart.o(.bss)
    Tx3Buffer                                0x20003bb0   Data         256  usart.o(.bss)
    GY_530                                   0x20003cb0   Data          56  vl53l0.o(.bss)
    __libspace_start                         0x20003cfc   Data          96  libspace.o(.bss)
    __temporary_stack_top$libspace           0x20003d5c   Data           0  libspace.o(.bss)



==============================================================================

Memory Map of the image

  Image Entry point : 0x08000131

  Load Region LR_IROM1 (Base: 0x08000000, Size: 0x0000d0c4, Max: 0x00080000, ABSOLUTE, COMPRESSED[0x0000cd48])

    Execution Region ER_IROM1 (Base: 0x08000000, Size: 0x0000c8c0, Max: 0x00080000, ABSOLUTE)

    Base Addr    Size         Type   Attr      Idx    E Section Name        Object

    0x08000000   0x00000130   Data   RO         2481    RESET               startup_stm32f10x_hd.o
    0x08000130   0x00000008   Code   RO         4909  * !!!main             c_w.l(__main.o)
    0x08000138   0x00000034   Code   RO         5281    !!!scatter          c_w.l(__scatter.o)
    0x0800016c   0x0000005a   Code   RO         5279    !!dczerorl2         c_w.l(__dczerorl2.o)
    0x080001c6   0x00000002   PAD
    0x080001c8   0x0000001c   Code   RO         5283    !!handler_zi        c_w.l(__scatter_zi.o)
    0x080001e4   0x00000002   Code   RO         5137    .ARM.Collect$$libinit$$00000000  c_w.l(libinit.o)
    0x080001e6   0x00000000   Code   RO         5153    .ARM.Collect$$libinit$$00000002  c_w.l(libinit2.o)
    0x080001e6   0x00000000   Code   RO         5155    .ARM.Collect$$libinit$$00000004  c_w.l(libinit2.o)
    0x080001e6   0x00000000   Code   RO         5158    .ARM.Collect$$libinit$$0000000A  c_w.l(libinit2.o)
    0x080001e6   0x00000000   Code   RO         5160    .ARM.Collect$$libinit$$0000000C  c_w.l(libinit2.o)
    0x080001e6   0x00000000   Code   RO         5162    .ARM.Collect$$libinit$$0000000E  c_w.l(libinit2.o)
    0x080001e6   0x00000006   Code   RO         5163    .ARM.Collect$$libinit$$0000000F  c_w.l(libinit2.o)
    0x080001ec   0x00000000   Code   RO         5165    .ARM.Collect$$libinit$$00000011  c_w.l(libinit2.o)
    0x080001ec   0x0000000c   Code   RO         5166    .ARM.Collect$$libinit$$00000012  c_w.l(libinit2.o)
    0x080001f8   0x00000000   Code   RO         5167    .ARM.Collect$$libinit$$00000013  c_w.l(libinit2.o)
    0x080001f8   0x00000000   Code   RO         5169    .ARM.Collect$$libinit$$00000015  c_w.l(libinit2.o)
    0x080001f8   0x00000000   Code   RO         5171    .ARM.Collect$$libinit$$00000017  c_w.l(libinit2.o)
    0x080001f8   0x00000000   Code   RO         5173    .ARM.Collect$$libinit$$00000019  c_w.l(libinit2.o)
    0x080001f8   0x00000000   Code   RO         5175    .ARM.Collect$$libinit$$0000001B  c_w.l(libinit2.o)
    0x080001f8   0x00000000   Code   RO         5177    .ARM.Collect$$libinit$$0000001D  c_w.l(libinit2.o)
    0x080001f8   0x00000000   Code   RO         5179    .ARM.Collect$$libinit$$0000001F  c_w.l(libinit2.o)
    0x080001f8   0x00000000   Code   RO         5181    .ARM.Collect$$libinit$$00000021  c_w.l(libinit2.o)
    0x080001f8   0x00000000   Code   RO         5183    .ARM.Collect$$libinit$$00000023  c_w.l(libinit2.o)
    0x080001f8   0x00000000   Code   RO         5185    .ARM.Collect$$libinit$$00000025  c_w.l(libinit2.o)
    0x080001f8   0x00000000   Code   RO         5189    .ARM.Collect$$libinit$$0000002C  c_w.l(libinit2.o)
    0x080001f8   0x00000000   Code   RO         5191    .ARM.Collect$$libinit$$0000002E  c_w.l(libinit2.o)
    0x080001f8   0x00000000   Code   RO         5193    .ARM.Collect$$libinit$$00000030  c_w.l(libinit2.o)
    0x080001f8   0x00000000   Code   RO         5195    .ARM.Collect$$libinit$$00000032  c_w.l(libinit2.o)
    0x080001f8   0x00000002   Code   RO         5196    .ARM.Collect$$libinit$$00000033  c_w.l(libinit2.o)
    0x080001fa   0x00000002   Code   RO         5220    .ARM.Collect$$libshutdown$$00000000  c_w.l(libshutdown.o)
    0x080001fc   0x00000000   Code   RO         5234    .ARM.Collect$$libshutdown$$00000003  c_w.l(libshutdown2.o)
    0x080001fc   0x00000000   Code   RO         5237    .ARM.Collect$$libshutdown$$00000006  c_w.l(libshutdown2.o)
    0x080001fc   0x00000000   Code   RO         5240    .ARM.Collect$$libshutdown$$00000009  c_w.l(libshutdown2.o)
    0x080001fc   0x00000000   Code   RO         5242    .ARM.Collect$$libshutdown$$0000000B  c_w.l(libshutdown2.o)
    0x080001fc   0x00000000   Code   RO         5245    .ARM.Collect$$libshutdown$$0000000E  c_w.l(libshutdown2.o)
    0x080001fc   0x00000002   Code   RO         5246    .ARM.Collect$$libshutdown$$0000000F  c_w.l(libshutdown2.o)
    0x080001fe   0x00000000   Code   RO         5019    .ARM.Collect$$rtentry$$00000000  c_w.l(__rtentry.o)
    0x080001fe   0x00000000   Code   RO         5096    .ARM.Collect$$rtentry$$00000002  c_w.l(__rtentry2.o)
    0x080001fe   0x00000006   Code   RO         5108    .ARM.Collect$$rtentry$$00000004  c_w.l(__rtentry4.o)
    0x08000204   0x00000000   Code   RO         5098    .ARM.Collect$$rtentry$$00000009  c_w.l(__rtentry2.o)
    0x08000204   0x00000004   Code   RO         5099    .ARM.Collect$$rtentry$$0000000A  c_w.l(__rtentry2.o)
    0x08000208   0x00000000   Code   RO         5101    .ARM.Collect$$rtentry$$0000000C  c_w.l(__rtentry2.o)
    0x08000208   0x00000008   Code   RO         5102    .ARM.Collect$$rtentry$$0000000D  c_w.l(__rtentry2.o)
    0x08000210   0x00000002   Code   RO         5142    .ARM.Collect$$rtexit$$00000000  c_w.l(rtexit.o)
    0x08000212   0x00000000   Code   RO         5200    .ARM.Collect$$rtexit$$00000002  c_w.l(rtexit2.o)
    0x08000212   0x00000004   Code   RO         5201    .ARM.Collect$$rtexit$$00000003  c_w.l(rtexit2.o)
    0x08000216   0x00000006   Code   RO         5202    .ARM.Collect$$rtexit$$00000004  c_w.l(rtexit2.o)
    0x0800021c   0x00000040   Code   RO         2482    .text               startup_stm32f10x_hd.o
    0x0800025c   0x0000003c   Code   RO         4895    .text               c_w.l(__0sscanf.o)
    0x08000298   0x0000014c   Code   RO         4897    .text               c_w.l(_scanf_int.o)
    0x080003e4   0x000000e0   Code   RO         4899    .text               c_w.l(_scanf_str.o)
    0x080004c4   0x00000008   Code   RO         4901    .text               c_w.l(abs.o)
    0x080004cc   0x0000004e   Code   RO         4905    .text               c_w.l(rt_memclr_w.o)
    0x0800051a   0x00000006   Code   RO         4907    .text               c_w.l(heapauxi.o)
    0x08000520   0x00000016   Code   RO         5020    .text               c_w.l(_rserrno.o)
    0x08000536   0x0000001c   Code   RO         5022    .text               c_w.l(_chval.o)
    0x08000552   0x00000002   PAD
    0x08000554   0x0000002c   Code   RO         5024    .text               c_w.l(scanf_char.o)
    0x08000580   0x00000040   Code   RO         5026    .text               c_w.l(_sgetc.o)
    0x080005c0   0x00000008   Code   RO         5113    .text               c_w.l(rt_errno_addr_intlibspace.o)
    0x080005c8   0x00000012   Code   RO         5115    .text               c_w.l(isspace.o)
    0x080005da   0x00000002   PAD
    0x080005dc   0x00000374   Code   RO         5117    .text               c_w.l(_scanf.o)
    0x08000950   0x00000008   Code   RO         5123    .text               c_w.l(libspace.o)
    0x08000958   0x0000004a   Code   RO         5126    .text               c_w.l(sys_stackheap_outer.o)
    0x080009a2   0x00000002   PAD
    0x080009a4   0x00000010   Code   RO         5128    .text               c_w.l(rt_ctype_table.o)
    0x080009b4   0x0000000c   Code   RO         5130    .text               c_w.l(exit.o)
    0x080009c0   0x00000008   Code   RO         5147    .text               c_w.l(rt_locale_intlibspace.o)
    0x080009c8   0x00000080   Code   RO         5206    .text               c_w.l(strcmpv7m.o)
    0x08000a48   0x0000000c   Code   RO         5212    .text               c_w.l(sys_exit.o)
    0x08000a54   0x00000002   Code   RO         5223    .text               c_w.l(use_no_semi.o)
    0x08000a56   0x00000000   Code   RO         5225    .text               c_w.l(indicate_semi.o)
    0x08000a56   0x00000002   PAD
    0x08000a58   0x0000027c   Code   RO         1458    i.ANO_AK8975_CalOffset_Mag  ak8975.o
    0x08000cd4   0x00000008   Code   RO         1460    i.ANO_AK8975_Read   ak8975.o
    0x08000cdc   0x000000e8   Code   RO         1461    i.ANO_AK8975_Read_Mag_Data  ak8975.o
    0x08000dc4   0x00000022   Code   RO         1462    i.ANO_AK8975_Run    ak8975.o
    0x08000de6   0x00000002   PAD
    0x08000de8   0x00000458   Code   RO          589    i.ANO_DT_Data_Exchange  data_transfer.o
    0x08001240   0x000009d8   Code   RO          590    i.ANO_DT_Data_Receive_Anl  data_transfer.o
    0x08001c18   0x000000e8   Code   RO          591    i.ANO_DT_Data_Receive_Prepare  data_transfer.o
    0x08001d00   0x00000044   Code   RO          592    i.ANO_DT_Send_Check  data_transfer.o
    0x08001d44   0x00000018   Code   RO          593    i.ANO_DT_Send_Data  data_transfer.o
    0x08001d5c   0x0000012c   Code   RO          595    i.ANO_DT_Send_MotoPWM  data_transfer.o
    0x08001e88   0x0000020c   Code   RO          596    i.ANO_DT_Send_PID   data_transfer.o
    0x08002094   0x0000008c   Code   RO          597    i.ANO_DT_Send_Power  data_transfer.o
    0x08002120   0x00000164   Code   RO          598    i.ANO_DT_Send_RCData  data_transfer.o
    0x08002284   0x0000019c   Code   RO          599    i.ANO_DT_Send_Senser  data_transfer.o
    0x08002420   0x000000a0   Code   RO          600    i.ANO_DT_Send_Senser2  data_transfer.o
    0x080024c0   0x000000e8   Code   RO          601    i.ANO_DT_Send_Speed  data_transfer.o
    0x080025a8   0x00000144   Code   RO          602    i.ANO_DT_Send_Status  data_transfer.o
    0x080026ec   0x00000188   Code   RO          603    i.ANO_DT_Send_User  data_transfer.o
    0x08002874   0x000000c4   Code   RO          604    i.ANO_DT_Send_Version  data_transfer.o
    0x08002938   0x00000034   Code   RO         1223    i.AT24CXX_Check     24cxx.o
    0x0800296c   0x00000018   Code   RO         1224    i.AT24CXX_Init      24cxx.o
    0x08002984   0x00000054   Code   RO         1227    i.AT24CXX_ReadOneByte  24cxx.o
    0x080029d8   0x0000004c   Code   RO         1231    i.AT24CXX_WriteOneByte  24cxx.o
    0x08002a24   0x00000044   Code   RO         1232    i.AT24cxx_read_5883_offest  24cxx.o
    0x08002a68   0x000000b0   Code   RO         1233    i.AT24cxx_read_Acc_Gyro_offest  24cxx.o
    0x08002b18   0x00000070   Code   RO         1234    i.AT24cxx_read_PID_CCD  24cxx.o
    0x08002b88   0x00000128   Code   RO         1235    i.AT24cxx_read_PID_core  24cxx.o
    0x08002cb0   0x0000006c   Code   RO         1236    i.AT24cxx_read_PID_hight  24cxx.o
    0x08002d1c   0x0000006c   Code   RO         1237    i.AT24cxx_read_PID_hight_Rate  24cxx.o
    0x08002d88   0x00000190   Code   RO         1238    i.AT24cxx_read_PID_others  24cxx.o
    0x08002f18   0x00000128   Code   RO         1239    i.AT24cxx_read_PID_shell  24cxx.o
    0x08003040   0x00000044   Code   RO         1240    i.AT24cxx_save_5883_offest  24cxx.o
    0x08003084   0x0000009c   Code   RO         1241    i.AT24cxx_save_Acc_Gyro_offest  24cxx.o
    0x08003120   0x0000006c   Code   RO         1242    i.AT24cxx_save_PID_CCD  24cxx.o
    0x0800318c   0x0000010c   Code   RO         1243    i.AT24cxx_save_PID_core  24cxx.o
    0x08003298   0x00000064   Code   RO         1244    i.AT24cxx_save_PID_hight  24cxx.o
    0x080032fc   0x00000064   Code   RO         1245    i.AT24cxx_save_PID_hight_Rate  24cxx.o
    0x08003360   0x00000178   Code   RO         1246    i.AT24cxx_save_PID_others  24cxx.o
    0x080034d8   0x0000010c   Code   RO         1247    i.AT24cxx_save_PID_shell  24cxx.o
    0x080035e4   0x00000108   Code   RO            1    i.All_Init          init.o
    0x080036ec   0x0000024c   Code   RO          416    i.All_Out           ctrl.o
    0x08003938   0x00000334   Code   RO         1507    i.AnoOF_DataAnl     ano_of.o
    0x08003c6c   0x000000f4   Code   RO         1508    i.AnoOF_GetOneByte  ano_of.o
    0x08003d60   0x000000e0   Code   RO         1140    i.Auto_switch_2     warn.o
    0x08003e40   0x00000004   Code   RO         2486    i.BusFault_Handler  stm32f10x_it.o
    0x08003e44   0x00000040   Code   RO         1141    i.CALIBRATE_duty    warn.o
    0x08003e84   0x00000020   Code   RO          760    i.CH_Mapping_Fun    rc.o
    0x08003ea4   0x00000820   Code   RO          417    i.CTRL_1            ctrl.o
    0x080046c4   0x00000624   Code   RO          418    i.CTRL_2            ctrl.o
    0x08004ce8   0x00000020   Code   RO          419    i.Ctrl_Para_Init    ctrl.o
    0x08004d08   0x00000016   Code   RO         2065    i.Cycle_Time_Init   time.o
    0x08004d1e   0x00000002   Code   RO         2487    i.DebugMon_Handler  stm32f10x_it.o
    0x08004d20   0x00000018   Code   RO         2066    i.Delay_ms          time.o
    0x08004d38   0x00000018   Code   RO         2067    i.Delay_us          time.o
    0x08004d50   0x000001f4   Code   RO         1072    i.Direction_flight  trance.o
    0x08004f44   0x00000002   Code   RO          237    i.Duty_100ms        scheduler.o
    0x08004f46   0x00000002   PAD
    0x08004f48   0x0000001c   Code   RO          238    i.Duty_10ms         scheduler.o
    0x08004f64   0x00000024   Code   RO          239    i.Duty_1ms          scheduler.o
    0x08004f88   0x0000002c   Code   RO          240    i.Duty_20ms         scheduler.o
    0x08004fb4   0x000000b8   Code   RO          241    i.Duty_2ms          scheduler.o
    0x0800506c   0x00000030   Code   RO          242    i.Duty_50ms         scheduler.o
    0x0800509c   0x00000054   Code   RO          243    i.Duty_5ms          scheduler.o
    0x080050f0   0x000000a4   Code   RO          244    i.Duty_Loop         scheduler.o
    0x08005194   0x00000050   Code   RO         1142    i.EXTI15_10_IRQHandler  warn.o
    0x080051e4   0x00000038   Code   RO         1143    i.EXTI4_IRQHandler  warn.o
    0x0800521c   0x0000000c   Code   RO         3039    i.EXTI_ClearITPendingBit  stm32f10x_exti.o
    0x08005228   0x00000094   Code   RO         3044    i.EXTI_Init         stm32f10x_exti.o
    0x080052bc   0x00000014   Code   RO          761    i.Feed_Rc_Dog       rc.o
    0x080052d0   0x00000210   Code   RO          762    i.Fly_Ready         rc.o
    0x080054e0   0x00000040   Code   RO         3275    i.GPIO_EXTILineConfig  stm32f10x_gpio.o
    0x08005520   0x00000116   Code   RO         3278    i.GPIO_Init         stm32f10x_gpio.o
    0x08005636   0x00000002   PAD
    0x08005638   0x00000090   Code   RO         3280    i.GPIO_PinRemapConfig  stm32f10x_gpio.o
    0x080056c8   0x00000012   Code   RO         3282    i.GPIO_ReadInputDataBit  stm32f10x_gpio.o
    0x080056da   0x00000004   Code   RO         3285    i.GPIO_ResetBits    stm32f10x_gpio.o
    0x080056de   0x00000004   Code   RO         3286    i.GPIO_SetBits      stm32f10x_gpio.o
    0x080056e2   0x00000002   PAD
    0x080056e4   0x00000034   Code   RO         2068    i.GetSysTime_us     time.o
    0x08005718   0x00000068   Code   RO         2069    i.Get_Cycle_T       time.o
    0x08005780   0x0000004a   Code   RO         1634    i.HCM_IIC_Read_1Byte  i2c_soft.o
    0x080057ca   0x0000003c   Code   RO         1635    i.HCM_IIC_Write_1Byte  i2c_soft.o
    0x08005806   0x00000004   Code   RO         2488    i.HardFault_Handler  stm32f10x_it.o
    0x0800580a   0x00000002   PAD
    0x0800580c   0x00000054   Code   RO         2277    i.Hight_Duty        vl53l0.o
    0x08005860   0x00000034   Code   RO         1636    i.I2c_Soft_Ask      i2c_soft.o
    0x08005894   0x00000034   Code   RO         1637    i.I2c_Soft_Init     i2c_soft.o
    0x080058c8   0x00000034   Code   RO         1638    i.I2c_Soft_NoAsk    i2c_soft.o
    0x080058fc   0x00000060   Code   RO         1639    i.I2c_Soft_ReadByte  i2c_soft.o
    0x0800595c   0x00000054   Code   RO         1640    i.I2c_Soft_SendByte  i2c_soft.o
    0x080059b0   0x00000058   Code   RO         1641    i.I2c_Soft_Start    i2c_soft.o
    0x08005a08   0x00000034   Code   RO         1642    i.I2c_Soft_Stop     i2c_soft.o
    0x08005a3c   0x00000058   Code   RO         1643    i.I2c_Soft_WaitAsk  i2c_soft.o
    0x08005a94   0x00000030   Code   RO         1644    i.I2c_Soft_delay    i2c_soft.o
    0x08005ac4   0x0000002a   Code   RO         1250    i.IIC_ADD_writelen_BYTE  24cxx.o
    0x08005aee   0x00000050   Code   RO         1645    i.IIC_Read_1Byte    i2c_soft.o
    0x08005b3e   0x0000002e   Code   RO         1251    i.IIC_Read_MultiBytes  24cxx.o
    0x08005b6c   0x0000006c   Code   RO         1646    i.IIC_Read_nByte    i2c_soft.o
    0x08005bd8   0x0000003e   Code   RO         1647    i.IIC_Write_1Byte   i2c_soft.o
    0x08005c16   0x00000002   PAD
    0x08005c18   0x00000054   Code   RO         1824    i.IICwriteBit       mpu6050.o
    0x08005c6c   0x00000066   Code   RO         1825    i.IICwriteBits      mpu6050.o
    0x08005cd2   0x00000002   PAD
    0x08005cd4   0x00000d1c   Code   RO          470    i.IMUupdate         imu.o
    0x080069f0   0x00000168   Code   RO         1737    i.LED_Duty          led.o
    0x08006b58   0x0000004c   Code   RO         1738    i.LED_Init          led.o
    0x08006ba4   0x00000038   Code   RO         1739    i.LED_MPU_Err       led.o
    0x08006bdc   0x00000070   Code   RO         1740    i.LED_MS5611_Err    led.o
    0x08006c4c   0x00000054   Code   RO         1741    i.LED_Mag_Err       led.o
    0x08006ca0   0x00000064   Code   RO          245    i.Loop_check        scheduler.o
    0x08006d04   0x0000024c   Code   RO         1826    i.MPU6050_Data_Offset  mpu6050.o
    0x08006f50   0x000003d8   Code   RO         1827    i.MPU6050_Data_Prepare  mpu6050.o
    0x08007328   0x00000002   Code   RO         1828    i.MPU6050_INT_Config  mpu6050.o
    0x0800732a   0x000000c0   Code   RO         1829    i.MPU6050_Init      mpu6050.o
    0x080073ea   0x00000002   PAD
    0x080073ec   0x00000020   Code   RO         1830    i.MPU6050_Read      mpu6050.o
    0x0800740c   0x00000014   Code   RO         1832    i.MPU6050_setDLPF   mpu6050.o
    0x08007420   0x00000024   Code   RO         1833    i.MPU6050_setFullScaleAccelRange  mpu6050.o
    0x08007444   0x00000024   Code   RO         1834    i.MPU6050_setFullScaleGyroRange  mpu6050.o
    0x08007468   0x00000012   Code   RO         1837    i.MPU6050_setSleepEnabled  mpu6050.o
    0x0800747a   0x0000001c   Code   RO         1838    i.MPU6050_set_SMPLRT_DIV  mpu6050.o
    0x08007496   0x00000002   PAD
    0x08007498   0x0000002c   Code   RO         1938    i.MS5611_Init       ms5611.o
    0x080074c4   0x0000004c   Code   RO         1941    i.MS5611_Read_Prom  ms5611.o
    0x08007510   0x0000000e   Code   RO         1942    i.MS5611_Reset      ms5611.o
    0x0800751e   0x0000000e   Code   RO         1944    i.MS5611_Start_T    ms5611.o
    0x0800752c   0x00000004   Code   RO         2489    i.MemManage_Handler  stm32f10x_it.o
    0x08007530   0x0000024c   Code   RO         1073    i.Mode_3_duty       trance.o
    0x0800777c   0x00000002   Code   RO         2490    i.NMI_Handler       stm32f10x_it.o
    0x0800777e   0x00000002   PAD
    0x08007780   0x00000070   Code   RO         2738    i.NVIC_Init         misc.o
    0x080077f0   0x00000014   Code   RO         2739    i.NVIC_PriorityGroupConfig  misc.o
    0x08007804   0x0000007c   Code   RO          607    i.Openmv_DT_Data_Receive_Anl  data_transfer.o
    0x08007880   0x0000009c   Code   RO          608    i.Openmv_Data_Receive_Prepare  data_transfer.o
    0x0800791c   0x0000000c   Code   RO          305    i.PID_Para_Init     parameter.o
    0x08007928   0x000002c4   Code   RO         2004    i.PWM_IN_Init       pwm_in.o
    0x08007bec   0x00000120   Code   RO         2036    i.PWM_Out_Init      pwm_out.o
    0x08007d0c   0x00000048   Code   RO          306    i.Para_Init         parameter.o
    0x08007d54   0x00000008   Code   RO          308    i.Para_ResetToFactorySetup  parameter.o
    0x08007d5c   0x0000000a   Code   RO          310    i.Param_SaveAccelOffset  parameter.o
    0x08007d66   0x0000000a   Code   RO          311    i.Param_SaveGyroOffset  parameter.o
    0x08007d70   0x0000000a   Code   RO          312    i.Param_SaveMagOffset  parameter.o
    0x08007d7a   0x0000001c   Code   RO          313    i.Param_SavePID     parameter.o
    0x08007d96   0x00000002   PAD
    0x08007d98   0x00000034   Code   RO          316    i.Parameter_Save    parameter.o
    0x08007dcc   0x00000002   Code   RO         2491    i.PendSV_Handler    stm32f10x_it.o
    0x08007dce   0x00000002   PAD
    0x08007dd0   0x00000020   Code   RO         3391    i.RCC_APB1PeriphClockCmd  stm32f10x_rcc.o
    0x08007df0   0x00000020   Code   RO         3393    i.RCC_APB2PeriphClockCmd  stm32f10x_rcc.o
    0x08007e10   0x000000d4   Code   RO         3401    i.RCC_GetClocksFreq  stm32f10x_rcc.o
    0x08007ee4   0x0000046a   Code   RO          763    i.RC_Duty           rc.o
    0x0800834e   0x00000002   Code   RO         2492    i.SVC_Handler       stm32f10x_it.o
    0x08008350   0x00000080   Code   RO         2037    i.SetPwm            pwm_out.o
    0x080083d0   0x00000008   Code   RO         2704    i.SetSysClock       system_stm32f10x.o
    0x080083d8   0x000000e0   Code   RO         2705    i.SetSysClockTo72   system_stm32f10x.o
    0x080084b8   0x00000028   Code   RO         2742    i.SysTick_CLKSourceConfig  misc.o
    0x080084e0   0x00000070   Code   RO         2071    i.SysTick_Configuration  time.o
    0x08008550   0x00000018   Code   RO         2493    i.SysTick_Handler   stm32f10x_it.o
    0x08008568   0x00000060   Code   RO         2707    i.SystemInit        system_stm32f10x.o
    0x080085c8   0x00000080   Code   RO         3829    i.TI1_Config        stm32f10x_tim.o
    0x08008648   0x00000098   Code   RO         3830    i.TI2_Config        stm32f10x_tim.o
    0x080086e0   0x00000090   Code   RO         3831    i.TI3_Config        stm32f10x_tim.o
    0x08008770   0x00000098   Code   RO         3832    i.TI4_Config        stm32f10x_tim.o
    0x08008808   0x00000008   Code   RO         2494    i.TIM4_IRQHandler   stm32f10x_it.o
    0x08008810   0x00000008   Code   RO         2495    i.TIM8_CC_IRQHandler  stm32f10x_it.o
    0x08008818   0x00000018   Code   RO         3833    i.TIM_ARRPreloadConfig  stm32f10x_tim.o
    0x08008830   0x00000018   Code   RO         3845    i.TIM_Cmd           stm32f10x_tim.o
    0x08008848   0x00000006   Code   RO         3860    i.TIM_GetCapture1   stm32f10x_tim.o
    0x0800884e   0x00000006   Code   RO         3861    i.TIM_GetCapture2   stm32f10x_tim.o
    0x08008854   0x00000006   Code   RO         3862    i.TIM_GetCapture3   stm32f10x_tim.o
    0x0800885a   0x00000008   Code   RO         3863    i.TIM_GetCapture4   stm32f10x_tim.o
    0x08008862   0x00000002   PAD
    0x08008864   0x000000ac   Code   RO         3868    i.TIM_ICInit        stm32f10x_tim.o
    0x08008910   0x00000012   Code   RO         3870    i.TIM_ITConfig      stm32f10x_tim.o
    0x08008922   0x00000002   PAD
    0x08008924   0x00000098   Code   RO         3874    i.TIM_OC1Init       stm32f10x_tim.o
    0x080089bc   0x00000012   Code   RO         3876    i.TIM_OC1PolarityConfig  stm32f10x_tim.o
    0x080089ce   0x00000012   Code   RO         3877    i.TIM_OC1PreloadConfig  stm32f10x_tim.o
    0x080089e0   0x000000a4   Code   RO         3879    i.TIM_OC2Init       stm32f10x_tim.o
    0x08008a84   0x0000001a   Code   RO         3881    i.TIM_OC2PolarityConfig  stm32f10x_tim.o
    0x08008a9e   0x0000001a   Code   RO         3882    i.TIM_OC2PreloadConfig  stm32f10x_tim.o
    0x08008ab8   0x000000a0   Code   RO         3884    i.TIM_OC3Init       stm32f10x_tim.o
    0x08008b58   0x0000001a   Code   RO         3886    i.TIM_OC3PolarityConfig  stm32f10x_tim.o
    0x08008b72   0x00000012   Code   RO         3887    i.TIM_OC3PreloadConfig  stm32f10x_tim.o
    0x08008b84   0x0000007c   Code   RO         3889    i.TIM_OC4Init       stm32f10x_tim.o
    0x08008c00   0x0000001a   Code   RO         3890    i.TIM_OC4PolarityConfig  stm32f10x_tim.o
    0x08008c1a   0x0000001a   Code   RO         3891    i.TIM_OC4PreloadConfig  stm32f10x_tim.o
    0x08008c34   0x00000014   Code   RO         3892    i.TIM_OCStructInit  stm32f10x_tim.o
    0x08008c48   0x00000012   Code   RO         3911    i.TIM_SetIC1Prescaler  stm32f10x_tim.o
    0x08008c5a   0x0000001a   Code   RO         3912    i.TIM_SetIC2Prescaler  stm32f10x_tim.o
    0x08008c74   0x00000012   Code   RO         3913    i.TIM_SetIC3Prescaler  stm32f10x_tim.o
    0x08008c86   0x0000001a   Code   RO         3914    i.TIM_SetIC4Prescaler  stm32f10x_tim.o
    0x08008ca0   0x000000a4   Code   RO         3916    i.TIM_TimeBaseInit  stm32f10x_tim.o
    0x08008d44   0x00000012   Code   RO         3917    i.TIM_TimeBaseStructInit  stm32f10x_tim.o
    0x08008d56   0x00000002   PAD
    0x08008d58   0x0000003c   Code   RO          491    i.To_180_degrees    mymath.o
    0x08008d94   0x0000000e   Code   RO         1839    i.Transform         mpu6050.o
    0x08008da2   0x00000002   Code   RO         2496    i.UART5_IRQHandler  stm32f10x_it.o
    0x08008da4   0x00000008   Code   RO         2497    i.USART1_IRQHandler  stm32f10x_it.o
    0x08008dac   0x00000098   Code   RO         2207    i.USART2_IRQHandler  usart.o
    0x08008e44   0x00000098   Code   RO         2208    i.USART3_IRQHandler  usart.o
    0x08008edc   0x00000012   Code   RO         4380    i.USART_ClearFlag   stm32f10x_usart.o
    0x08008eee   0x0000001e   Code   RO         4381    i.USART_ClearITPendingBit  stm32f10x_usart.o
    0x08008f0c   0x00000018   Code   RO         4384    i.USART_Cmd         stm32f10x_usart.o
    0x08008f24   0x0000001a   Code   RO         4387    i.USART_GetFlagStatus  stm32f10x_usart.o
    0x08008f3e   0x00000054   Code   RO         4388    i.USART_GetITStatus  stm32f10x_usart.o
    0x08008f92   0x0000004a   Code   RO         4390    i.USART_ITConfig    stm32f10x_usart.o
    0x08008fdc   0x000000d8   Code   RO         4391    i.USART_Init        stm32f10x_usart.o
    0x080090b4   0x000000bc   Code   RO         2209    i.Uart2_Init        usart.o
    0x08009170   0x000000c4   Code   RO         2211    i.Uart3_Init        usart.o
    0x08009234   0x00000004   Code   RO         2498    i.UsageFault_Handler  stm32f10x_it.o
    0x08009238   0x00000088   Code   RO         2213    i.Usart1_IRQ        usart.o
    0x080092c0   0x000000a4   Code   RO         2214    i.Usart1_Init       usart.o
    0x08009364   0x0000004c   Code   RO         2215    i.Usart1_Send       usart.o
    0x080093b0   0x000002a4   Code   RO         2005    i._TIM4_IRQHandler  pwm_in.o
    0x08009654   0x000002a4   Code   RO         2006    i._TIM8_CC_IRQHandler  pwm_in.o
    0x080098f8   0x00000028   Code   RO         5061    i.__ARM_fpclassify  m_ws.l(fpclassify.o)
    0x08009920   0x00000026   Code   RO         5063    i.__ARM_fpclassifyf  m_ws.l(fpclassifyf.o)
    0x08009946   0x000000aa   Code   RO         5079    i.__kernel_poly     m_ws.l(poly.o)
    0x080099f0   0x00000006   Code   RO         5048    i.__mathlib_dbl_infnan  m_ws.l(dunder.o)
    0x080099f6   0x0000000c   Code   RO         5050    i.__mathlib_dbl_invalid  m_ws.l(dunder.o)
    0x08009a02   0x00000002   PAD
    0x08009a04   0x00000010   Code   RO         5053    i.__mathlib_dbl_underflow  m_ws.l(dunder.o)
    0x08009a14   0x00000006   Code   RO         5066    i.__mathlib_flt_infnan  m_ws.l(funder.o)
    0x08009a1a   0x00000008   Code   RO         5068    i.__mathlib_flt_invalid  m_ws.l(funder.o)
    0x08009a22   0x0000000a   Code   RO         5071    i.__mathlib_flt_underflow  m_ws.l(funder.o)
    0x08009a2c   0x00000168   Code   RO         5086    i.__mathlib_rredf2  m_ws.l(rredf.o)
    0x08009b94   0x00000270   Code   RO         4978    i.asin              m_ws.l(asin.o)
    0x08009e04   0x000001e4   Code   RO         1074    i.camera_shell_pid  trance.o
    0x08009fe8   0x0000017c   Code   RO         4988    i.cosf              m_ws.l(cosf.o)
    0x0800a164   0x00000184   Code   RO         1075    i.direction_control  trance.o
    0x0800a2e8   0x0000016c   Code   RO          493    i.fast_atan2        mymath.o
    0x0800a454   0x000000cc   Code   RO          922    i.h_pid_init        height_ctrl.o
    0x0800a520   0x000000e8   Code   RO         2157    i.hight_ctrl        ultrasonic.o
    0x0800a608   0x00000032   Code   RO          834    i.iirLPFilterSingle  filter.o
    0x0800a63a   0x00000038   Code   RO          835    i.imuAccIIRLPFilter  filter.o
    0x0800a672   0x00000002   PAD
    0x0800a674   0x00000060   Code   RO         1196    i.inav_calution     inav.o
    0x0800a6d4   0x00000074   Code   RO         1197    i.inav_correct      inav.o
    0x0800a748   0x00000080   Code   RO         1198    i.inav_predict      inav.o
    0x0800a7c8   0x00000038   Code   RO         1144    i.light_sound_init  warn.o
    0x0800a800   0x00000024   Code   RO          837    i.lpf2pInit         filter.o
    0x0800a824   0x000000f4   Code   RO          839    i.lpf2pSetCutoffFreq  filter.o
    0x0800a918   0x00000014   Code   RO          212    i.main              main.o
    0x0800a92c   0x00000134   Code   RO         1077    i.mode3_flight_duty  trance.o
    0x0800aa60   0x0000011c   Code   RO         1000    i.mode_check        fly_mode.o
    0x0800ab7c   0x00000018   Code   RO          496    i.my_abs            mymath.o
    0x0800ab94   0x00000048   Code   RO          501    i.my_deathzoom      mymath.o
    0x0800abdc   0x0000003e   Code   RO          502    i.my_deathzoom_2    mymath.o
    0x0800ac1a   0x00000002   PAD
    0x0800ac1c   0x00000078   Code   RO          504    i.my_sqrt           mymath.o
    0x0800ac94   0x00000284   Code   RO          421    i.myself_Thr_Ctrl   ctrl.o
    0x0800af18   0x00000058   Code   RO         1145    i.set_light_sound   warn.o
    0x0800af70   0x00000108   Code   RO          840    i.simple_3d_trans   filter.o
    0x0800b078   0x0000004c   Code   RO         4996    i.sqrt              m_ws.l(sqrt.o)
    0x0800b0c4   0x000000d4   Code   RO         1146    i.switch_init       warn.o
    0x0800b198   0x00000094   Code   RO         2075    i.sys_time          time.o
    0x0800b22c   0x00000174   Code   RO         5012    i.tanf              m_ws.l(tanf.o)
    0x0800b3a0   0x0000002c   Code   RO         5150    locale$$code        c_w.l(lc_ctype_c.o)
    0x0800b3cc   0x00000062   Code   RO         4911    x$fpl$d2f           fz_ws.l(d2f.o)
    0x0800b42e   0x00000002   PAD
    0x0800b430   0x00000150   Code   RO         4913    x$fpl$dadd          fz_ws.l(daddsub_clz.o)
    0x0800b580   0x00000010   Code   RO         5119    x$fpl$dcheck1       fz_ws.l(dcheck1.o)
    0x0800b590   0x000002b0   Code   RO         4920    x$fpl$ddiv          fz_ws.l(ddiv.o)
    0x0800b840   0x0000002e   Code   RO         4932    x$fpl$dflt          fz_ws.l(dflt_clz.o)
    0x0800b86e   0x00000002   PAD
    0x0800b870   0x00000154   Code   RO         4939    x$fpl$dmul          fz_ws.l(dmul.o)
    0x0800b9c4   0x0000009c   Code   RO         5030    x$fpl$dnaninf       fz_ws.l(dnaninf.o)
    0x0800ba60   0x0000000c   Code   RO         5032    x$fpl$dretinf       fz_ws.l(dretinf.o)
    0x0800ba6c   0x00000016   Code   RO         4914    x$fpl$drsb          fz_ws.l(daddsub_clz.o)
    0x0800ba82   0x00000002   PAD
    0x0800ba84   0x000001cc   Code   RO         5034    x$fpl$dsqrt         fz_ws.l(dsqrt_noumaal.o)
    0x0800bc50   0x000001d4   Code   RO         4915    x$fpl$dsub          fz_ws.l(daddsub_clz.o)
    0x0800be24   0x00000056   Code   RO         4943    x$fpl$f2d           fz_ws.l(f2d.o)
    0x0800be7a   0x00000002   PAD
    0x0800be7c   0x000000c4   Code   RO         4945    x$fpl$fadd          fz_ws.l(faddsub_clz.o)
    0x0800bf40   0x0000000c   Code   RO         5138    x$fpl$fcheck1       fz_ws.l(fcheck1.o)
    0x0800bf4c   0x00000018   Code   RO         5036    x$fpl$fcmpinf       fz_ws.l(fcmpi.o)
    0x0800bf64   0x00000184   Code   RO         4952    x$fpl$fdiv          fz_ws.l(fdiv.o)
    0x0800c0e8   0x00000068   Code   RO         4955    x$fpl$feqf          fz_ws.l(feqf.o)
    0x0800c150   0x00000036   Code   RO         4957    x$fpl$ffix          fz_ws.l(ffix.o)
    0x0800c186   0x00000002   PAD
    0x0800c188   0x0000003e   Code   RO         4961    x$fpl$ffixu         fz_ws.l(ffixu.o)
    0x0800c1c6   0x00000002   PAD
    0x0800c1c8   0x00000030   Code   RO         4966    x$fpl$fflt          fz_ws.l(fflt_clz.o)
    0x0800c1f8   0x00000026   Code   RO         4965    x$fpl$ffltu         fz_ws.l(fflt_clz.o)
    0x0800c21e   0x00000002   PAD
    0x0800c220   0x00000068   Code   RO         4971    x$fpl$fleqf         fz_ws.l(fleqf.o)
    0x0800c288   0x00000102   Code   RO         4973    x$fpl$fmul          fz_ws.l(fmul.o)
    0x0800c38a   0x0000008c   Code   RO         5038    x$fpl$fnaninf       fz_ws.l(fnaninf.o)
    0x0800c416   0x0000000a   Code   RO         5040    x$fpl$fretinf       fz_ws.l(fretinf.o)
    0x0800c420   0x00000062   Code   RO         4975    x$fpl$frleqf        fz_ws.l(frleqf.o)
    0x0800c482   0x00000002   PAD
    0x0800c484   0x00000060   Code   RO         5042    x$fpl$frnd          fz_ws.l(frnd.o)
    0x0800c4e4   0x00000014   Code   RO         4946    x$fpl$frsb          fz_ws.l(faddsub_clz.o)
    0x0800c4f8   0x000000ea   Code   RO         4947    x$fpl$fsub          fz_ws.l(faddsub_clz.o)
    0x0800c5e2   0x00000064   Code   RO         5140    x$fpl$retnan        fz_ws.l(retnan.o)
    0x0800c646   0x0000005c   Code   RO         5044    x$fpl$scalbn        fz_ws.l(scalbn.o)
    0x0800c6a2   0x0000004c   Code   RO         5121    x$fpl$scalbnf       fz_ws.l(scalbnf.o)
    0x0800c6ee   0x00000030   Code   RO         5197    x$fpl$trapveneer    fz_ws.l(trapv.o)
    0x0800c71e   0x00000000   Code   RO         5046    x$fpl$usenofp       fz_ws.l(usenofp.o)
    0x0800c71e   0x00000002   PAD
    0x0800c720   0x00000050   Data   RO         4979    .constdata          m_ws.l(asin.o)
    0x0800c770   0x00000020   Data   RO         5087    .constdata          m_ws.l(rredf.o)
    0x0800c790   0x00000020   Data   RO         5277    Region$$Table       anon$$obj.o
    0x0800c7b0   0x00000110   Data   RO         5149    locale$$data        c_w.l(lc_ctype_c.o)


    Execution Region RW_IRAM1 (Base: 0x20000000, Size: 0x00004360, Max: 0x00010000, ABSOLUTE, COMPRESSED[0x00000488])

    Base Addr    Size         Type   Attr      Idx    E Section Name        Object

    0x20000000   0x00000001   Data   RW          213    .data               main.o
    0x20000001   0x00000001   PAD
    0x20000002   0x00000002   Data   RW          247    .data               scheduler.o
    0x20000004   0x00000024   Data   RW          423    .data               ctrl.o
    0x20000028   0x00000040   Data   RW          472    .data               imu.o
    0x20000068   0x00000404   Data   RW          505    .data               mymath.o
    0x2000046c   0x00000041   Data   RW          610    .data               data_transfer.o
    0x200004ad   0x00000003   PAD
    0x200004b0   0x00000048   Data   RW          765    .data               rc.o
    0x200004f8   0x0000001c   Data   RW          842    .data               filter.o
    0x20000514   0x000000d8   Data   RW          925    .data               height_ctrl.o
    0x200005ec   0x00000015   Data   RW         1002    .data               fly_mode.o
    0x20000601   0x00000003   PAD
    0x20000604   0x00000054   Data   RW         1024    .data               anotc_baro_ctrl.o
    0x20000658   0x00000005   Data   RW         1082    .data               trance.o
    0x2000065d   0x00000003   PAD
    0x20000660   0x0000000d   Data   RW         1148    .data               warn.o
    0x2000066d   0x00000003   PAD
    0x20000670   0x0000000c   Data   RW         1199    .data               inav.o
    0x2000067c   0x00000001   Data   RW         1252    .data               24cxx.o
    0x2000067d   0x00000003   PAD
    0x20000680   0x0000004a   Data   RW         1465    .data               ak8975.o
    0x200006ca   0x00000002   PAD
    0x200006cc   0x00000053   Data   RW         1510    .data               ano_of.o
    0x2000071f   0x00000001   Data   RW         1649    .data               i2c_soft.o
    0x20000720   0x00000039   Data   RW         1748    .data               led.o
    0x20000759   0x00000003   PAD
    0x2000075c   0x0000001c   Data   RW         1841    .data               mpu6050.o
    0x20000778   0x00000026   Data   RW         1947    .data               ms5611.o
    0x2000079e   0x00000028   Data   RW         2008    .data               pwm_in.o
    0x200007c6   0x00000004   Data   RW         2038    .data               pwm_out.o
    0x200007ca   0x00000002   PAD
    0x200007cc   0x00000014   Data   RW         2077    .data               time.o
    0x200007e0   0x0000000e   Data   RW         2217    .data               usart.o
    0x200007ee   0x00000014   Data   RW         3421    .data               stm32f10x_rcc.o
    0x20000802   0x00000002   PAD
    0x20000804   0x00000028   Zero   RW          246    .bss                scheduler.o
    0x2000082c   0x00002184   Zero   RW          317    .bss                parameter.o
    0x200029b0   0x00000210   Zero   RW          422    .bss                ctrl.o
    0x20002bc0   0x00000084   Zero   RW          471    .bss                imu.o
    0x20002c44   0x000000fc   Zero   RW          609    .bss                data_transfer.o
    0x20002d40   0x000000b0   Zero   RW          764    .bss                rc.o
    0x20002df0   0x000000e8   Zero   RW          841    .bss                filter.o
    0x20002ed8   0x00000248   Zero   RW          924    .bss                height_ctrl.o
    0x20003120   0x0000000a   Zero   RW         1001    .bss                fly_mode.o
    0x2000312a   0x00000002   PAD
    0x2000312c   0x00000310   Zero   RW         1023    .bss                anotc_baro_ctrl.o
    0x2000343c   0x0000013c   Zero   RW         1081    .bss                trance.o
    0x20003578   0x00000030   Zero   RW         1147    .bss                warn.o
    0x200035a8   0x0000000c   Zero   RW         1464    .bss                ak8975.o
    0x200035b4   0x00000032   Zero   RW         1509    .bss                ano_of.o
    0x200035e6   0x00000002   PAD
    0x200035e8   0x000001a4   Zero   RW         1840    .bss                mpu6050.o
    0x2000378c   0x00000038   Zero   RW         1946    .bss                ms5611.o
    0x200037c4   0x00000010   Zero   RW         2007    .bss                pwm_in.o
    0x200037d4   0x00000078   Zero   RW         2076    .bss                time.o
    0x2000384c   0x00000064   Zero   RW         2159    .bss                ultrasonic.o
    0x200038b0   0x00000400   Zero   RW         2216    .bss                usart.o
    0x20003cb0   0x0000004c   Zero   RW         2281    .bss                vl53l0.o
    0x20003cfc   0x00000060   Zero   RW         5124    .bss                c_w.l(libspace.o)
    0x20003d5c   0x00000004   PAD
    0x20003d60   0x00000200   Zero   RW         2480    HEAP                startup_stm32f10x_hd.o
    0x20003f60   0x00000400   Zero   RW         2479    STACK               startup_stm32f10x_hd.o


==============================================================================

Image component sizes


      Code (inc. data)   RO Data    RW Data    ZI Data      Debug   Object Name

      3332        138          0          1          0      13103   24cxx.o
       910         28          0         74         12       3091   ak8975.o
      1064        104          0         83         50       4016   ano_of.o
         0          0          0         84        784       3442   anotc_baro_ctrl.o
         0          0          0          0          0         32   core_cm3.o
      4916        318          0         36        528       6219   ctrl.o
      7272        392          0         65        252      17590   data_transfer.o
       650         22          0         28        232       5235   filter.o
       284         54          0         21         10       1578   fly_mode.o
       204         42          0        216        584       7508   height_ctrl.o
       996         44          0          1          0       8419   i2c_soft.o
      3356        172          0         64        132       3079   imu.o
       340         40          0         12          0       2308   inav.o
       264         50          0          0          0     260534   init.o
       688         52          0         57          0       5206   led.o
        20          4          0          1          0        641   main.o
       172         22          0          0          0       3773   misc.o
      2136        118          0         28        420      19456   mpu6050.o
       148          8          0         38         56       5064   ms5611.o
       702         38          0       1028          0       4439   mymath.o
       202          8          0          0       8580       8826   parameter.o
      2060        134          0         40         16       3763   pwm_in.o
       416         12          0          4          0       2009   pwm_out.o
      1710        162          0         72        176       3989   rc.o
       690         88          0          2         40       5586   scheduler.o
        64         26        304          0       1536        804   startup_stm32f10x_hd.o
       160         12          0          0          0       3717   stm32f10x_exti.o
       512         10          0          0          0      13472   stm32f10x_gpio.o
        74          6          0          0          0      14272   stm32f10x_it.o
       276         32          0         20          0      13218   stm32f10x_rcc.o
      1914        200          0          0          0      39696   stm32f10x_tim.o
       472          6          0          0          0      12292   stm32f10x_usart.o
       328         28          0          0          0       1817   system_stm32f10x.o
       486         40          0         20        120      19542   time.o
      2268        160          0          5        316       6524   trance.o
       232         32          0          0        100       1692   ultrasonic.o
      1064        110          0         14       1024       5232   usart.o
        84         14          0          0         76       2100   vl53l0.o
       780        102          0         13         48       4560   warn.o

    ----------------------------------------------------------------------
     41280       2828        336       2052      15096     537844   Object Totals
         0          0         32          0          0          0   (incl. Generated)
        34          0          0         25          4          0   (incl. Padding)

    ----------------------------------------------------------------------

      Code (inc. data)   RO Data    RW Data    ZI Data      Debug   Library Member Name

        60          8          0          0          0         84   __0sscanf.o
        90          0          0          0          0          0   __dczerorl2.o
         8          0          0          0          0         68   __main.o
         0          0          0          0          0          0   __rtentry.o
        12          0          0          0          0          0   __rtentry2.o
         6          0          0          0          0          0   __rtentry4.o
        52          8          0          0          0          0   __scatter.o
        28          0          0          0          0          0   __scatter_zi.o
        28          0          0          0          0         68   _chval.o
        22          0          0          0          0        100   _rserrno.o
       884          6          0          0          0        100   _scanf.o
       332          0          0          0          0         96   _scanf_int.o
       224          0          0          0          0         96   _scanf_str.o
        64          0          0          0          0         84   _sgetc.o
         8          0          0          0          0         68   abs.o
        12          0          0          0          0         72   exit.o
         6          0          0          0          0        152   heapauxi.o
         0          0          0          0          0          0   indicate_semi.o
        18          0          0          0          0         76   isspace.o
        44         10        272          0          0         76   lc_ctype_c.o
         2          0          0          0          0          0   libinit.o
        20          0          0          0          0          0   libinit2.o
         2          0          0          0          0          0   libshutdown.o
         2          0          0          0          0          0   libshutdown2.o
         8          4          0          0         96         68   libspace.o
        16          4          0          0          0         76   rt_ctype_table.o
         8          4          0          0          0         68   rt_errno_addr_intlibspace.o
         8          4          0          0          0         68   rt_locale_intlibspace.o
        78          0          0          0          0         80   rt_memclr_w.o
         2          0          0          0          0          0   rtexit.o
        10          0          0          0          0          0   rtexit2.o
        44          8          0          0          0         84   scanf_char.o
       128          0          0          0          0         68   strcmpv7m.o
        12          4          0          0          0         68   sys_exit.o
        74          0          0          0          0         80   sys_stackheap_outer.o
         2          0          0          0          0         68   use_no_semi.o
        98          4          0          0          0         92   d2f.o
       826         16          0          0          0        348   daddsub_clz.o
        16          4          0          0          0         68   dcheck1.o
       688        140          0          0          0        208   ddiv.o
        46          0          0          0          0         68   dflt_clz.o
       340         12          0          0          0        104   dmul.o
       156          4          0          0          0         92   dnaninf.o
        12          0          0          0          0         68   dretinf.o
       460         56          0          0          0        120   dsqrt_noumaal.o
        86          4          0          0          0         84   f2d.o
       450          8          0          0          0        236   faddsub_clz.o
        12          4          0          0          0         68   fcheck1.o
        24          0          0          0          0         68   fcmpi.o
       388         76          0          0          0         96   fdiv.o
       104          4          0          0          0         84   feqf.o
        54          4          0          0          0         84   ffix.o
        62          4          0          0          0         84   ffixu.o
        86          0          0          0          0        136   fflt_clz.o
       104          4          0          0          0         84   fleqf.o
       258          4          0          0          0         84   fmul.o
       140          4          0          0          0         84   fnaninf.o
        10          0          0          0          0         68   fretinf.o
        98          0          0          0          0         68   frleqf.o
        96          4          0          0          0         76   frnd.o
       100          0          0          0          0         68   retnan.o
        92          0          0          0          0         68   scalbn.o
        76          0          0          0          0         68   scalbnf.o
        48          0          0          0          0         68   trapv.o
         0          0          0          0          0          0   usenofp.o
       624         52         80          0          0        168   asin.o
       380         52          0          0          0        124   cosf.o
        34          6          0          0          0        204   dunder.o
        40          0          0          0          0         68   fpclassify.o
        38          0          0          0          0         68   fpclassifyf.o
        24          0          0          0          0        204   funder.o
       170          0          0          0          0         96   poly.o
       360         16         32          0          0         88   rredf.o
        76          0          0          0          0         84   sqrt.o
       372         58          0          0          0        124   tanf.o

    ----------------------------------------------------------------------
      9392        600        384          0        100       5940   Library Totals
        30          0          0          0          4          0   (incl. Padding)

    ----------------------------------------------------------------------

      Code (inc. data)   RO Data    RW Data    ZI Data      Debug   Library Name

      2314         60        272          0         96       1868   c_w.l
      4930        356          0          0          0       2844   fz_ws.l
      2118        184        112          0          0       1228   m_ws.l

    ----------------------------------------------------------------------
      9392        600        384          0        100       5940   Library Totals

    ----------------------------------------------------------------------

==============================================================================


      Code (inc. data)   RO Data    RW Data    ZI Data      Debug   

     50672       3428        720       2052      15196     528752   Grand Totals
     50672       3428        720       1160      15196     528752   ELF Image Totals (compressed)
     50672       3428        720       1160          0          0   ROM Totals

==============================================================================

    Total RO  Size (Code + RO Data)                51392 (  50.19kB)
    Total RW  Size (RW Data + ZI Data)             17248 (  16.84kB)
    Total ROM Size (Code + RO Data + RW Data)      52552 (  51.32kB)

==============================================================================

