<html>
<body>
<pre>
<h1>µVision Build Log</h1>
<h2>Tool Versions:</h2>
IDE-Version: ¦ÌVision V5.14.0.0
Copyright (C) 2015 ARM Ltd and ARM Germany GmbH. All rights reserved.
License Information: ti 20607, rfgyuhj, LIC=EPP8T-R3S85-9X4UW-Q58UG-13VTV-UCM1K
 
Tool Versions:
Toolchain:       MDK-ARM Professional  Version: 5.14.0.0
Toolchain Path:  D:\Keil_v5\ARM\ARMCC\Bin
C Compiler:      Armcc.exe V5.05 update 1 (build 106)
Assembler:       Armasm.exe V5.05 update 1 (build 106)
Linker/Locator:  ArmLink.exe V5.05 update 1 (build 106)
Library Manager: ArmAr.exe V5.05 update 1 (build 106)
Hex Converter:   FromElf.exe V5.05 update 1 (build 106)
CPU DLL:         SARMCM3.DLL V5.14.0.0
Dialog DLL:      DCM.DLL V1.13.1.0
Target DLL:      STLink\ST-LINKIII-KEIL_SWO.dll V2.0.14.0_KEIL
Dialog DLL:      TCM.DLL V1.14.4.0
 
<h2>Project:</h2>
G:\Keil\flight control - F1\flight control - F1\F103.uvprojx
Project File Date:  07/20/2018

<h2>Output:</h2>
Build target 'ANO'
compiling mpu6050.c...
drivers\mpu6050.c(154): warning:  #177-D: variable "GPIO_InitStructure" was declared but never referenced
        GPIO_InitTypeDef GPIO_InitStructure;
drivers\mpu6050.c: 1 warning, 0 errors
linking...
Program Size: Code=50672 RO-data=720 RW-data=2052 ZI-data=15196  
".\Objects\F103.axf" - 0 Error(s), 1 Warning(s).

<h2>Collection of Component include folders:</h2>
  G:\Keil\flight control - F1\flight control - F1\RTE
  D:\Keil_v5\ARM\PACK\Keil\STM32F1xx_DFP\2.0.0

<h2>Collection of Component Files used:</h2>
</pre>
</body>
</html>
